Archive member included to satisfy reference by file (symbol)

d:/tools/truestudio for arm 7.0.1/armtools/bin/../lib/gcc/arm-atollic-eabi/5.3.1/../../../../arm-atollic-eabi/lib/armv7-m\libc.a(lib_a-init.o)
                              src\startup_stm32f10x_md.o (__libc_init_array)
d:/tools/truestudio for arm 7.0.1/armtools/bin/../lib/gcc/arm-atollic-eabi/5.3.1/../../../../arm-atollic-eabi/lib/armv7-m\libc.a(lib_a-memcmp.o)
                              src\uip\dhcpc.o (memcmp)
d:/tools/truestudio for arm 7.0.1/armtools/bin/../lib/gcc/arm-atollic-eabi/5.3.1/../../../../arm-atollic-eabi/lib/armv7-m\libc.a(lib_a-memcpy-stub.o)
                              src\uip\dhcpc.o (memcpy)
d:/tools/truestudio for arm 7.0.1/armtools/bin/../lib/gcc/arm-atollic-eabi/5.3.1/../../../../arm-atollic-eabi/lib/armv7-m\libc.a(lib_a-memset.o)
                              src\ipstk\dhcp.o (memset)
d:/tools/truestudio for arm 7.0.1/armtools/bin/../lib/gcc/arm-atollic-eabi/5.3.1/../../../../arm-atollic-eabi/lib/armv7-m\libc.a(lib_a-rand.o)
                              src\ipstk\dhcp.o (srand)
d:/tools/truestudio for arm 7.0.1/armtools/bin/../lib/gcc/arm-atollic-eabi/5.3.1/../../../../arm-atollic-eabi/lib/armv7-m\libc.a(lib_a-reent.o)
                              src\syscalls.o (errno)
d:/tools/truestudio for arm 7.0.1/armtools/bin/../lib/gcc/arm-atollic-eabi/5.3.1/../../../../arm-atollic-eabi/lib/armv7-m\libc.a(lib_a-strlen.o)
                              src\ipstk\ip_arp_udp_tcp.o (strlen)
d:/tools/truestudio for arm 7.0.1/armtools/bin/../lib/gcc/arm-atollic-eabi/5.3.1/../../../../arm-atollic-eabi/lib/armv7-m\libc.a(lib_a-strncmp.o)
                              src\ipstk\ip_arp_udp_tcp.o (strncmp)
d:/tools/truestudio for arm 7.0.1/armtools/bin/../lib/gcc/arm-atollic-eabi/5.3.1/../../../../arm-atollic-eabi/lib/armv7-m\libc.a(lib_a-freer.o)
                              d:/tools/truestudio for arm 7.0.1/armtools/bin/../lib/gcc/arm-atollic-eabi/5.3.1/../../../../arm-atollic-eabi/lib/armv7-m\libc.a(lib_a-reent.o) (_free_r)
d:/tools/truestudio for arm 7.0.1/armtools/bin/../lib/gcc/arm-atollic-eabi/5.3.1/../../../../arm-atollic-eabi/lib/armv7-m\libc.a(lib_a-impure.o)
                              d:/tools/truestudio for arm 7.0.1/armtools/bin/../lib/gcc/arm-atollic-eabi/5.3.1/../../../../arm-atollic-eabi/lib/armv7-m\libc.a(lib_a-rand.o) (_impure_ptr)
d:/tools/truestudio for arm 7.0.1/armtools/bin/../lib/gcc/arm-atollic-eabi/5.3.1/../../../../arm-atollic-eabi/lib/armv7-m\libc.a(lib_a-malloc.o)
                              d:/tools/truestudio for arm 7.0.1/armtools/bin/../lib/gcc/arm-atollic-eabi/5.3.1/../../../../arm-atollic-eabi/lib/armv7-m\libc.a(lib_a-rand.o) (malloc)
d:/tools/truestudio for arm 7.0.1/armtools/bin/../lib/gcc/arm-atollic-eabi/5.3.1/../../../../arm-atollic-eabi/lib/armv7-m\libc.a(lib_a-mallocr.o)
                              d:/tools/truestudio for arm 7.0.1/armtools/bin/../lib/gcc/arm-atollic-eabi/5.3.1/../../../../arm-atollic-eabi/lib/armv7-m\libc.a(lib_a-malloc.o) (_malloc_r)
d:/tools/truestudio for arm 7.0.1/armtools/bin/../lib/gcc/arm-atollic-eabi/5.3.1/../../../../arm-atollic-eabi/lib/armv7-m\libc.a(lib_a-mlock.o)
                              d:/tools/truestudio for arm 7.0.1/armtools/bin/../lib/gcc/arm-atollic-eabi/5.3.1/../../../../arm-atollic-eabi/lib/armv7-m\libc.a(lib_a-freer.o) (__malloc_lock)
d:/tools/truestudio for arm 7.0.1/armtools/bin/../lib/gcc/arm-atollic-eabi/5.3.1/../../../../arm-atollic-eabi/lib/armv7-m\libc.a(lib_a-sbrkr.o)
                              d:/tools/truestudio for arm 7.0.1/armtools/bin/../lib/gcc/arm-atollic-eabi/5.3.1/../../../../arm-atollic-eabi/lib/armv7-m\libc.a(lib_a-freer.o) (_sbrk_r)

Allocating common symbols
Common symbol       size              file

uip_len             0x2               src\uip\uip.o
current_date        0x8               src\calendar.o
errno               0x4               d:/tools/truestudio for arm 7.0.1/armtools/bin/../lib/gcc/arm-atollic-eabi/5.3.1/../../../../arm-atollic-eabi/lib/armv7-m\libc.a(lib_a-reent.o)
uip_sappdata        0x4               src\uip\uip.o
uip_acc32           0x4               src\uip\uip.o
macaddr             0x6               src\ipstk\ip_arp_udp_tcp.o
pktcount            0x2               src\mac0control.o
uip_flags           0x1               src\uip\uip.o
periodic_timer      0x4               src\mac0control.o
pkt_in_len          0x2               src\mac0control.o
plen                0x2               src\mac1control.o
dnsserver           0x4               src\ipstk\dhcp.o
uip_udp_conn        0x4               src\uip\uip.o
buf1                0x321             src\mac1control.o
invokeid            0x1               src\mac1control.o
uip_appdata         0x4               src\uip\uip.o
uip_conn            0x4               src\uip\uip.o
dhcpip              0x4               src\ipstk\dhcp.o
uip_conns           0x80              src\uip\uip.o
[...]
Memory Configuration

Name             Origin             Length             Attributes
FLASH            0x08000000         0x00010000         xr
RAM              0x20000000         0x00005000         xrw
MEMORY_B1        0x60000000         0x00000000         xr
*default*        0x00000000         0xffffffff

Linker script and memory map

LOAD d:/tools/truestudio for arm 7.0.1/armtools/bin/../lib/gcc/arm-atollic-eabi/5.3.1/armv7-m/crti.o
LOAD d:/tools/truestudio for arm 7.0.1/armtools/bin/../lib/gcc/arm-atollic-eabi/5.3.1/armv7-m/crtbegin.o
LOAD Libraries\STM32F10x_StdPeriph_Driver\src\misc.o
LOAD Libraries\STM32F10x_StdPeriph_Driver\src\stm32f10x_adc.o
LOAD Libraries\STM32F10x_StdPeriph_Driver\src\stm32f10x_bkp.o
LOAD Libraries\STM32F10x_StdPeriph_Driver\src\stm32f10x_can.o
LOAD Libraries\STM32F10x_StdPeriph_Driver\src\stm32f10x_cec.o
LOAD Libraries\STM32F10x_StdPeriph_Driver\src\stm32f10x_crc.o
LOAD Libraries\STM32F10x_StdPeriph_Driver\src\stm32f10x_dac.o
LOAD Libraries\STM32F10x_StdPeriph_Driver\src\stm32f10x_dbgmcu.o
LOAD Libraries\STM32F10x_StdPeriph_Driver\src\stm32f10x_dma.o
LOAD Libraries\STM32F10x_StdPeriph_Driver\src\stm32f10x_exti.o
LOAD Libraries\STM32F10x_StdPeriph_Driver\src\stm32f10x_flash.o
LOAD Libraries\STM32F10x_StdPeriph_Driver\src\stm32f10x_fsmc.o
LOAD Libraries\STM32F10x_StdPeriph_Driver\src\stm32f10x_gpio.o
LOAD Libraries\STM32F10x_StdPeriph_Driver\src\stm32f10x_i2c.o
LOAD Libraries\STM32F10x_StdPeriph_Driver\src\stm32f10x_iwdg.o
LOAD Libraries\STM32F10x_StdPeriph_Driver\src\stm32f10x_pwr.o
LOAD Libraries\STM32F10x_StdPeriph_Driver\src\stm32f10x_rcc.o
LOAD Libraries\STM32F10x_StdPeriph_Driver\src\stm32f10x_rtc.o
LOAD Libraries\STM32F10x_StdPeriph_Driver\src\stm32f10x_sdio.o
LOAD Libraries\STM32F10x_StdPeriph_Driver\src\stm32f10x_spi.o
LOAD Libraries\STM32F10x_StdPeriph_Driver\src\stm32f10x_tim.o
LOAD Libraries\STM32F10x_StdPeriph_Driver\src\stm32f10x_usart.o
LOAD Libraries\STM32F10x_StdPeriph_Driver\src\stm32f10x_wwdg.o
LOAD src\calendar.o
LOAD src\ipstk\Enc424J600NetworkP1.o
LOAD src\ipstk\dhcp.o
LOAD src\ipstk\ip_arp_udp_tcp.o
LOAD src\mac0control.o
LOAD src\mac1control.o
LOAD src\main.o
LOAD src\startup_stm32f10x_md.o
LOAD src\stm32f1xx_it.o
LOAD src\sys_init.o
LOAD src\sys_spi.o
LOAD src\sys_timer.o
LOAD src\sys_usart.o
LOAD src\syscalls.o
LOAD src\system_stm32f10x.o
LOAD src\tiny_printf.o
LOAD src\uip\Enc424J600NetworkP0.o
LOAD src\uip\clock-arch.o
LOAD src\uip\dhcpc.o
LOAD src\uip\uip.o
LOAD src\uip\uip_arp.o
LOAD src\uip\uip_timer.o
START GROUP
LOAD d:/tools/truestudio for arm 7.0.1/armtools/bin/../lib/gcc/arm-atollic-eabi/5.3.1/../../../../arm-atollic-eabi/lib/armv7-m\libc.a
LOAD d:/tools/truestudio for arm 7.0.1/armtools/bin/../lib/gcc/arm-atollic-eabi/5.3.1/../../../../arm-atollic-eabi/lib/armv7-m\libm.a
END GROUP
                0x00000080                malloc_getpagesize_P = 0x80
START GROUP
LOAD d:/tools/truestudio for arm 7.0.1/armtools/bin/../lib/gcc/arm-atollic-eabi/5.3.1/armv7-m\libgcc.a
LOAD d:/tools/truestudio for arm 7.0.1/armtools/bin/../lib/gcc/arm-atollic-eabi/5.3.1/../../../../arm-atollic-eabi/lib/armv7-m\libc.a
END GROUP
START GROUP
LOAD d:/tools/truestudio for arm 7.0.1/armtools/bin/../lib/gcc/arm-atollic-eabi/5.3.1/armv7-m\libgcc.a
LOAD d:/tools/truestudio for arm 7.0.1/armtools/bin/../lib/gcc/arm-atollic-eabi/5.3.1/../../../../arm-atollic-eabi/lib/armv7-m\libc.a
LOAD d:/tools/truestudio for arm 7.0.1/armtools/bin/../lib/gcc/arm-atollic-eabi/5.3.1/../../../../arm-atollic-eabi/lib/armv7-m\libnosys.a
END GROUP
LOAD d:/tools/truestudio for arm 7.0.1/armtools/bin/../lib/gcc/arm-atollic-eabi/5.3.1/armv7-m/crtend.o
LOAD d:/tools/truestudio for arm 7.0.1/armtools/bin/../lib/gcc/arm-atollic-eabi/5.3.1/armv7-m/crtn.o
                0x20005000                _estack = 0x20005000
                0x00000000                _Min_Heap_Size = 0x0
                0x00000100                _Min_Stack_Size = 0x100

.isr_vector     0x08000000      0x10c
                0x08000000                . = ALIGN (0x4)
 *(.isr_vector)
 .isr_vector    0x08000000      0x10c src\startup_stm32f10x_md.o
                0x08000000                g_pfnVectors
                0x0800010c                . = ALIGN (0x4)

.text           0x0800010c     0x57e8
                0x0800010c                . = ALIGN (0x4)
 *(.text)
 .text          0x0800010c       0x40 d:/tools/truestudio for arm 7.0.1/armtools/bin/../lib/gcc/arm-atollic-eabi/5.3.1/armv7-m/crtbegin.o
 .text          0x0800014c       0x10 d:/tools/truestudio for arm 7.0.1/armtools/bin/../lib/gcc/arm-atollic-eabi/5.3.1/../../../../arm-atollic-eabi/lib/armv7-m\libc.a(lib_a-strlen.o)
                0x0800014c                strlen
 *(.text*)
 .text.NVIC_Init
                0x0800015c       0x64 Libraries\STM32F10x_StdPeriph_Driver\src\misc.o
                0x0800015c                NVIC_Init
 .text.BKP_DeInit
                0x080001c0       0x10 Libraries\STM32F10x_StdPeriph_Driver\src\stm32f10x_bkp.o
                0x080001c0                BKP_DeInit
 .text.BKP_WriteBackupRegister
                0x080001d0       0x1c Libraries\STM32F10x_StdPeriph_Driver\src\stm32f10x_bkp.o
                0x080001d0                BKP_WriteBackupRegister
 .text.BKP_ReadBackupRegister
                0x080001ec       0x20 Libraries\STM32F10x_StdPeriph_Driver\src\stm32f10x_bkp.o
                0x080001ec                BKP_ReadBackupRegister
 .text.GPIO_Init
                0x0800020c       0x9c Libraries\STM32F10x_StdPeriph_Driver\src\stm32f10x_gpio.o
                0x0800020c                GPIO_Init
 .text.GPIO_ReadInputDataBit
                0x080002a8       0x10 Libraries\STM32F10x_StdPeriph_Driver\src\stm32f10x_gpio.o
                0x080002a8                GPIO_ReadInputDataBit
 .text.GPIO_SetBits
                0x080002b8        0x4 Libraries\STM32F10x_StdPeriph_Driver\src\stm32f10x_gpio.o
                0x080002b8                GPIO_SetBits
 .text.GPIO_ResetBits
                0x080002bc        0x4 Libraries\STM32F10x_StdPeriph_Driver\src\stm32f10x_gpio.o
                0x080002bc                GPIO_ResetBits
 .text.GPIO_WriteBit
                0x080002c0        0xc Libraries\STM32F10x_StdPeriph_Driver\src\stm32f10x_gpio.o
                0x080002c0                GPIO_WriteBit
 .text.PWR_BackupAccessCmd
                0x080002cc        0xc Libraries\STM32F10x_StdPeriph_Driver\src\stm32f10x_pwr.o
                0x080002cc                PWR_BackupAccessCmd
 .text.RCC_LSEConfig
                0x080002d8       0x28 Libraries\STM32F10x_StdPeriph_Driver\src\stm32f10x_rcc.o
                0x080002d8                RCC_LSEConfig
 .text.RCC_RTCCLKConfig
                0x08000300       0x10 Libraries\STM32F10x_StdPeriph_Driver\src\stm32f10x_rcc.o
                0x08000300                RCC_RTCCLKConfig
 .text.RCC_RTCCLKCmd
                0x08000310        0xc Libraries\STM32F10x_StdPeriph_Driver\src\stm32f10x_rcc.o
                0x08000310                RCC_RTCCLKCmd
 .text.RCC_GetClocksFreq
                0x0800031c       0xbc Libraries\STM32F10x_StdPeriph_Driver\src\stm32f10x_rcc.o
                0x0800031c                RCC_GetClocksFreq
 .text.RCC_APB2PeriphClockCmd
                0x080003d8       0x1c Libraries\STM32F10x_StdPeriph_Driver\src\stm32f10x_rcc.o
                0x080003d8                RCC_APB2PeriphClockCmd
 .text.RCC_APB1PeriphClockCmd
                0x080003f4       0x1c Libraries\STM32F10x_StdPeriph_Driver\src\stm32f10x_rcc.o
                0x080003f4                RCC_APB1PeriphClockCmd
 .text.RCC_BackupResetCmd
                0x08000410        0xc Libraries\STM32F10x_StdPeriph_Driver\src\stm32f10x_rcc.o
                0x08000410                RCC_BackupResetCmd
 .text.RCC_GetFlagStatus
                0x0800041c       0x34 Libraries\STM32F10x_StdPeriph_Driver\src\stm32f10x_rcc.o
                0x0800041c                RCC_GetFlagStatus
 .text.RCC_ClearFlag
                0x08000450       0x10 Libraries\STM32F10x_StdPeriph_Driver\src\stm32f10x_rcc.o
                0x08000450                RCC_ClearFlag
 .text.RTC_ITConfig
                0x08000460       0x20 Libraries\STM32F10x_StdPeriph_Driver\src\stm32f10x_rtc.o
                0x08000460                RTC_ITConfig
 .text.RTC_EnterConfigMode
                0x08000480       0x14 Libraries\STM32F10x_StdPeriph_Driver\src\stm32f10x_rtc.o
                0x08000480                RTC_EnterConfigMode
 .text.RTC_ExitConfigMode
                0x08000494       0x14 Libraries\STM32F10x_StdPeriph_Driver\src\stm32f10x_rtc.o
                0x08000494                RTC_ExitConfigMode
 .text.RTC_GetCounter
                0x080004a8       0x28 Libraries\STM32F10x_StdPeriph_Driver\src\stm32f10x_rtc.o
                0x080004a8                RTC_GetCounter
 .text.RTC_SetCounter
                0x080004d0       0x1c Libraries\STM32F10x_StdPeriph_Driver\src\stm32f10x_rtc.o
                0x080004d0                RTC_SetCounter
 .text.RTC_SetPrescaler
                0x080004ec       0x20 Libraries\STM32F10x_StdPeriph_Driver\src\stm32f10x_rtc.o
                0x080004ec                RTC_SetPrescaler
 .text.RTC_WaitForLastTask
                0x0800050c       0x14 Libraries\STM32F10x_StdPeriph_Driver\src\stm32f10x_rtc.o
                0x0800050c                RTC_WaitForLastTask
 .text.RTC_WaitForSynchro
                0x08000520       0x24 Libraries\STM32F10x_StdPeriph_Driver\src\stm32f10x_rtc.o
                0x08000520                RTC_WaitForSynchro
 .text.SPI_Init
                0x08000544       0x4c Libraries\STM32F10x_StdPeriph_Driver\src\stm32f10x_spi.o
                0x08000544                SPI_Init
 .text.SPI_Cmd  0x08000590       0x1c Libraries\STM32F10x_StdPeriph_Driver\src\stm32f10x_spi.o
                0x08000590                SPI_Cmd
 .text.TIM_TimeBaseInit
                0x080005ac       0x94 Libraries\STM32F10x_StdPeriph_Driver\src\stm32f10x_tim.o
                0x080005ac                TIM_TimeBaseInit
 .text.TIM_Cmd  0x08000640       0x1c Libraries\STM32F10x_StdPeriph_Driver\src\stm32f10x_tim.o
                0x08000640                TIM_Cmd
 .text.TIM_ITConfig
                0x0800065c       0x18 Libraries\STM32F10x_StdPeriph_Driver\src\stm32f10x_tim.o
                0x0800065c                TIM_ITConfig
 .text.TIM_GetITStatus
                0x08000674       0x18 Libraries\STM32F10x_StdPeriph_Driver\src\stm32f10x_tim.o
                0x08000674                TIM_GetITStatus
 .text.TIM_ClearITPendingBit
                0x0800068c        0x8 Libraries\STM32F10x_StdPeriph_Driver\src\stm32f10x_tim.o
                0x0800068c                TIM_ClearITPendingBit
 .text.USART_Init
                0x08000694       0xc8 Libraries\STM32F10x_StdPeriph_Driver\src\stm32f10x_usart.o
                0x08000694                USART_Init
 .text.USART_Cmd
                0x0800075c       0x1c Libraries\STM32F10x_StdPeriph_Driver\src\stm32f10x_usart.o
                0x0800075c                USART_Cmd
 .text.USART_SendData
                0x08000778        0x8 Libraries\STM32F10x_StdPeriph_Driver\src\stm32f10x_usart.o
                0x08000778                USART_SendData
 .text.USART_ReceiveData
                0x08000780        0x8 Libraries\STM32F10x_StdPeriph_Driver\src\stm32f10x_usart.o
                0x08000780                USART_ReceiveData
 .text.USART_GetFlagStatus
                0x08000788       0x10 Libraries\STM32F10x_StdPeriph_Driver\src\stm32f10x_usart.o
                0x08000788                USART_GetFlagStatus
 .text.check_for_leap_year
                0x08000798       0x40 src\calendar.o
                0x08000798                check_for_leap_year
 .text.get_RTC  0x080007d8      0x114 src\calendar.o
                0x080007d8                get_RTC
 .text.set_RTC  0x080008ec       0xb8 src\calendar.o
                0x080008ec                set_RTC
 .text.display_date
                0x080009a4       0x50 src\calendar.o
                0x080009a4                display_date
 .text.SPISend  0x080009f4       0x38 src\ipstk\Enc424J600NetworkP1.o
 .text.enc_readOp
                0x08000a2c       0x40 src\ipstk\Enc424J600NetworkP1.o
 .text.enc_writeOp
                0x08000a6c       0x40 src\ipstk\Enc424J600NetworkP1.o
 .text.enc_SBI  0x08000aac       0x24 src\ipstk\Enc424J600NetworkP1.o
 .text.enc_setBank
                0x08000ad0       0x48 src\ipstk\Enc424J600NetworkP1.o
 .text.readControlRegister
                0x08000b18       0x24 src\ipstk\Enc424J600NetworkP1.o
 .text.readControlRegister16
                0x08000b3c       0x24 src\ipstk\Enc424J600NetworkP1.o
 .text.writeBitField
                0x08000b60       0x24 src\ipstk\Enc424J600NetworkP1.o
 .text.writeControlRegister16
                0x08000b84       0x3c src\ipstk\Enc424J600NetworkP1.o
 .text.writeControlRegister
                0x08000bc0       0x24 src\ipstk\Enc424J600NetworkP1.o
 .text.writePointer
                0x08000be4       0x34 src\ipstk\Enc424J600NetworkP1.o
 .text.readBuffer
                0x08000c18       0x38 src\ipstk\Enc424J600NetworkP1.o
 .text.writeBuffer
                0x08000c50       0x38 src\ipstk\Enc424J600NetworkP1.o
 .text.Enc424J600Network_initP1
                0x08000c88       0xe0 src\ipstk\Enc424J600NetworkP1.o
                0x08000c88                Enc424J600Network_initP1
 .text.enc424j600PacketReceiveP1
                0x08000d68       0xa8 src\ipstk\Enc424J600NetworkP1.o
                0x08000d68                enc424j600PacketReceiveP1
 .text.enc424j600PacketSendP1
                0x08000e10       0x44 src\ipstk\Enc424J600NetworkP1.o
                0x08000e10                enc424j600PacketSendP1
 .text.addToBuf
                0x08000e54       0x10 src\ipstk\dhcp.o
 .text.dhcp_state
                0x08000e64       0x3c src\ipstk\dhcp.o
                0x08000e64                dhcp_state
 .text.dhcp_send
                0x08000ea0      0x1ac src\ipstk\dhcp.o
                0x08000ea0                dhcp_send
 .text.dhcp_start
                0x0800104c       0xb4 src\ipstk\dhcp.o
                0x0800104c                dhcp_start
 .text.dhcp_request_ip
                0x08001100       0x14 src\ipstk\dhcp.o
                0x08001100                dhcp_request_ip
 .text.have_dhcpoffer
                0x08001114       0xac src\ipstk\dhcp.o
                0x08001114                have_dhcpoffer
 .text.have_dhcpack
                0x080011c0       0x1c src\ipstk\dhcp.o
                0x080011c0                have_dhcpack
 .text.check_for_dhcp_answer
                0x080011dc       0x60 src\ipstk\dhcp.o
                0x080011dc                check_for_dhcp_answer
 .text.checksum
                0x0800123c       0x48 src\ipstk\ip_arp_udp_tcp.o
                0x0800123c                checksum
 .text.init_ip_arp_udp_tcp
                0x08001284       0x44 src\ipstk\ip_arp_udp_tcp.o
                0x08001284                init_ip_arp_udp_tcp
 .text.check_ip_message_is_from
                0x080012c8       0x24 src\ipstk\ip_arp_udp_tcp.o
                0x080012c8                check_ip_message_is_from
 .text.eth_type_is_arp_and_my_ip
                0x080012ec       0x44 src\ipstk\ip_arp_udp_tcp.o
                0x080012ec                eth_type_is_arp_and_my_ip
 .text.eth_type_is_ip_and_my_ip
                0x08001330       0x4c src\ipstk\ip_arp_udp_tcp.o
                0x08001330                eth_type_is_ip_and_my_ip
 .text.make_eth
                0x0800137c       0x20 src\ipstk\ip_arp_udp_tcp.o
                0x0800137c                make_eth
 .text.fill_ip_hdr_checksum
                0x0800139c       0x24 src\ipstk\ip_arp_udp_tcp.o
                0x0800139c                fill_ip_hdr_checksum
 .text.make_ip  0x080013c0       0x2c src\ipstk\ip_arp_udp_tcp.o
                0x080013c0                make_ip
 .text.step_seq
                0x080013ec       0x30 src\ipstk\ip_arp_udp_tcp.o
                0x080013ec                step_seq
 .text.make_tcphead
                0x0800141c       0x3c src\ipstk\ip_arp_udp_tcp.o
                0x0800141c                make_tcphead
 .text.make_arp_answer_from_request
                0x08001458       0x5c src\ipstk\ip_arp_udp_tcp.o
                0x08001458                make_arp_answer_from_request
 .text.make_echo_reply_from_request
                0x080014b4       0x38 src\ipstk\ip_arp_udp_tcp.o
                0x080014b4                make_echo_reply_from_request
 .text.make_tcp_synack_from_syn
                0x080014ec       0x88 src\ipstk\ip_arp_udp_tcp.o
                0x080014ec                make_tcp_synack_from_syn
 .text.get_tcp_data_len
                0x08001574       0x24 src\ipstk\ip_arp_udp_tcp.o
                0x08001574                get_tcp_data_len
 .text.make_tcp_ack_from_any
                0x08001598       0x6c src\ipstk\ip_arp_udp_tcp.o
                0x08001598                make_tcp_ack_from_any
 .text.make_tcp_ack_with_data_noflags
                0x08001604       0x48 src\ipstk\ip_arp_udp_tcp.o
                0x08001604                make_tcp_ack_with_data_noflags
 .text.fill_buf_p
                0x0800164c       0x14 src\ipstk\ip_arp_udp_tcp.o
                0x0800164c                fill_buf_p
 .text.send_udp_prepare
                0x08001660       0x9c src\ipstk\ip_arp_udp_tcp.o
                0x08001660                send_udp_prepare
 .text.send_udp_transmit
                0x080016fc       0x50 src\ipstk\ip_arp_udp_tcp.o
                0x080016fc                send_udp_transmit
 .text.client_arp_whohas
                0x0800174c       0x90 src\ipstk\ip_arp_udp_tcp.o
                0x0800174c                client_arp_whohas
 .text.client_store_gw_mac
                0x080017dc       0x40 src\ipstk\ip_arp_udp_tcp.o
                0x080017dc                client_store_gw_mac
 .text.client_set_gwip
                0x0800181c       0x2c src\ipstk\ip_arp_udp_tcp.o
                0x0800181c                client_set_gwip
 .text.client_syn
                0x08001848      0x11c src\ipstk\ip_arp_udp_tcp.o
                0x08001848                client_syn
 .text.packetloop_icmp_tcp
                0x08001964      0x410 src\ipstk\ip_arp_udp_tcp.o
                0x08001964                packetloop_icmp_tcp
 .text.uipclient_appcall
                0x08001d74       0xcc src\mac0control.o
                0x08001d74                uipclient_appcall
 .text.uipudp_appcall
                0x08001e40       0x20 src\mac0control.o
                0x08001e40                uipudp_appcall
 .text.mac0_tick
                0x08001e60      0x120 src\mac0control.o
                0x08001e60                mac0_tick
 .text.connect  0x08001f80       0x98 src\mac0control.o
                0x08001f80                connect
 .text.update_timestamp
                0x08002018       0xcc src\mac0control.o
                0x08002018                update_timestamp
 .text.mac0_init
                0x080020e4      0x128 src\mac0control.o
                0x080020e4                mac0_init
 .text.mac0_service
                0x0800220c      0x104 src\mac0control.o
                0x0800220c                mac0_service
 .text.allocateIPAddress
                0x08002310       0xc0 src\mac1control.o
                0x08002310                allocateIPAddress
 .text.process_bacnet_reply
                0x080023d0      0x124 src\mac1control.o
                0x080023d0                process_bacnet_reply
 .text.mac1_tick
                0x080024f4       0x48 src\mac1control.o
                0x080024f4                mac1_tick
 .text.mac1_init
                0x0800253c       0xf0 src\mac1control.o
                0x0800253c                mac1_init
 .text.bacnet_whois
                0x0800262c       0x84 src\mac1control.o
                0x0800262c                bacnet_whois
 .text.bacnet_read_prop
                0x080026b0       0x98 src\mac1control.o
                0x080026b0                bacnet_read_prop
 .text.mac1_service
                0x08002748       0x6c src\mac1control.o
                0x08002748                mac1_service
 .text.main     0x080027b4       0xcc src\main.o
                0x080027b4                main
 .text.Reset_Handler
                0x08002880       0x50 src\startup_stm32f10x_md.o
                0x08002880                Reset_Handler
 .text.Default_Handler
                0x080028d0        0x2 src\startup_stm32f10x_md.o
                0x080028d0                EXTI2_IRQHandler
                0x080028d0                TIM1_CC_IRQHandler
                0x080028d0                PVD_IRQHandler
                0x080028d0                EXTI3_IRQHandler
                0x080028d0                EXTI0_IRQHandler
                0x080028d0                I2C2_EV_IRQHandler
                0x080028d0                ADC1_2_IRQHandler
                0x080028d0                SPI1_IRQHandler
                0x080028d0                TAMPER_IRQHandler
                0x080028d0                DMA1_Channel4_IRQHandler
                0x080028d0                RTC_IRQHandler
                0x080028d0                DMA1_Channel7_IRQHandler
                0x080028d0                CAN1_RX1_IRQHandler
                0x080028d0                TIM4_IRQHandler
                0x080028d0                I2C1_EV_IRQHandler
                0x080028d0                DMA1_Channel6_IRQHandler
                0x080028d0                TIM3_IRQHandler
                0x080028d0                RCC_IRQHandler
                0x080028d0                TIM1_TRG_COM_IRQHandler
                0x080028d0                DMA1_Channel1_IRQHandler
                0x080028d0                Default_Handler
                0x080028d0                EXTI15_10_IRQHandler
                0x080028d0                EXTI9_5_IRQHandler
                0x080028d0                SPI2_IRQHandler
                0x080028d0                DMA1_Channel5_IRQHandler
                0x080028d0                EXTI4_IRQHandler
                0x080028d0                USB_LP_CAN1_RX0_IRQHandler
                0x080028d0                USB_HP_CAN1_TX_IRQHandler
                0x080028d0                DMA1_Channel3_IRQHandler
                0x080028d0                TIM1_UP_IRQHandler
                0x080028d0                WWDG_IRQHandler
                0x080028d0                TIM1_BRK_IRQHandler
                0x080028d0                EXTI1_IRQHandler
                0x080028d0                RTCAlarm_IRQHandler
                0x080028d0                USART2_IRQHandler
                0x080028d0                I2C2_ER_IRQHandler
                0x080028d0                DMA1_Channel2_IRQHandler
                0x080028d0                CAN1_SCE_IRQHandler
                0x080028d0                FLASH_IRQHandler
                0x080028d0                I2C1_ER_IRQHandler
                0x080028d0                USBWakeUp_IRQHandler
 *fill*         0x080028d2        0x2 
 .text.NMI_Handler
                0x080028d4       0x10 src\stm32f1xx_it.o
                0x080028d4                NMI_Handler
 .text.HardFault_Handler
                0x080028e4       0x10 src\stm32f1xx_it.o
                0x080028e4                HardFault_Handler
 .text.MemManage_Handler
                0x080028f4        0x4 src\stm32f1xx_it.o
                0x080028f4                MemManage_Handler
 .text.BusFault_Handler
                0x080028f8        0x4 src\stm32f1xx_it.o
                0x080028f8                BusFault_Handler
 .text.UsageFault_Handler
                0x080028fc        0x4 src\stm32f1xx_it.o
                0x080028fc                UsageFault_Handler
 .text.SVC_Handler
                0x08002900        0x4 src\stm32f1xx_it.o
                0x08002900                SVC_Handler
 .text.DebugMon_Handler
                0x08002904        0x4 src\stm32f1xx_it.o
                0x08002904                DebugMon_Handler
 .text.PendSV_Handler
                0x08002908        0x4 src\stm32f1xx_it.o
                0x08002908                PendSV_Handler
 .text.SysTick_Handler
                0x0800290c        0x4 src\stm32f1xx_it.o
                0x0800290c                SysTick_Handler
 .text.myGPIO_Init
                0x08002910       0xc0 src\sys_init.o
                0x08002910                myGPIO_Init
 .text.sys_init
                0x080029d0       0x20 src\sys_init.o
                0x080029d0                sys_init
 .text.mySPI2_Init
                0x080029f0       0xdc src\sys_spi.o
                0x080029f0                mySPI2_Init
 .text.mySPI1_Init
                0x08002acc       0xcc src\sys_spi.o
                0x08002acc                mySPI1_Init
 .text.sys_timer_init
                0x08002b98       0x74 src\sys_timer.o
                0x08002b98                sys_timer_init
 .text.Sys_GetTick
                0x08002c0c        0xc src\sys_timer.o
                0x08002c0c                Sys_GetTick
 .text.Sys_Delay
                0x08002c18       0x18 src\sys_timer.o
                0x08002c18                Sys_Delay
 .text.delayMicroseconds
                0x08002c30       0x18 src\sys_timer.o
                0x08002c30                delayMicroseconds
 .text.TIM2_IRQHandler
                0x08002c48       0x48 src\sys_timer.o
                0x08002c48                TIM2_IRQHandler
 .text.RTC_Configuration
                0x08002c90       0x58 src\sys_timer.o
                0x08002c90                RTC_Configuration
 .text.USART_Scanf
                0x08002ce8       0xd0 src\sys_timer.o
                0x08002ce8                USART_Scanf
 .text.Time_Regulate
                0x08002db8       0xe0 src\sys_timer.o
                0x08002db8                Time_Regulate
 .text.Time_Adjust
                0x08002e98       0x18 src\sys_timer.o
                0x08002e98                Time_Adjust
 .text.RTC_Init
                0x08002eb0       0x80 src\sys_timer.o
                0x08002eb0                RTC_Init
 .text.myUSART3_Init
                0x08002f30       0x94 src\sys_usart.o
                0x08002f30                myUSART3_Init
 .text.USART1_IRQHandler
                0x08002fc4        0x4 src\sys_usart.o
                0x08002fc4                USART1_IRQHandler
 .text.myUSART1_Init
                0x08002fc8       0x94 src\sys_usart.o
                0x08002fc8                myUSART1_Init
 .text.USART3_IRQHandler
                0x0800305c        0x4 src\sys_usart.o
                0x0800305c                USART3_IRQHandler
 .text.USART1_Send
                0x08003060       0x20 src\sys_usart.o
                0x08003060                USART1_Send
 .text._sbrk    0x08003080       0x20 src\syscalls.o
                0x08003080                _sbrk
 .text._write   0x080030a0       0x1c src\syscalls.o
                0x080030a0                _write
 .text.SetSysClockTo72
                0x080030bc       0xc4 src\system_stm32f10x.o
 .text.SetSysClock
                0x08003180        0x8 src\system_stm32f10x.o
 .text.SystemInit
                0x08003188       0x50 src\system_stm32f10x.o
                0x08003188                SystemInit
 .text.ts_itoa  0x080031d8       0x44 src\tiny_printf.o
                0x080031d8                ts_itoa
 .text.ts_formatstring
                0x0800321c       0xd0 src\tiny_printf.o
                0x0800321c                ts_formatstring
 .text.ts_formatlength
                0x080032ec       0x80 src\tiny_printf.o
                0x080032ec                ts_formatlength
 .text.iprintf  0x0800336c       0x48 src\tiny_printf.o
                0x0800336c                iprintf
                0x0800336c                printf
 .text.puts     0x080033b4       0x38 src\tiny_printf.o
                0x080033b4                puts
 .text.SPISend  0x080033ec       0x38 src\uip\Enc424J600NetworkP0.o
 .text.enc_readOp
                0x08003424       0x44 src\uip\Enc424J600NetworkP0.o
 .text.enc_writeOp
                0x08003468       0x44 src\uip\Enc424J600NetworkP0.o
 .text.enc_SBI  0x080034ac       0x28 src\uip\Enc424J600NetworkP0.o
 .text.enc_setBank
                0x080034d4       0x48 src\uip\Enc424J600NetworkP0.o
 .text.readControlRegister
                0x0800351c       0x24 src\uip\Enc424J600NetworkP0.o
 .text.readControlRegister16
                0x08003540       0x24 src\uip\Enc424J600NetworkP0.o
 .text.writeBitField
                0x08003564       0x24 src\uip\Enc424J600NetworkP0.o
 .text.writeControlRegister16
                0x08003588       0x3c src\uip\Enc424J600NetworkP0.o
 .text.writeControlRegister
                0x080035c4       0x24 src\uip\Enc424J600NetworkP0.o
 .text.writePointer
                0x080035e8       0x38 src\uip\Enc424J600NetworkP0.o
 .text.readBuffer
                0x08003620       0x3c src\uip\Enc424J600NetworkP0.o
 .text.writeBuffer
                0x0800365c       0x3c src\uip\Enc424J600NetworkP0.o
 .text.Enc424J600Network_initP0
                0x08003698       0xd8 src\uip\Enc424J600NetworkP0.o
                0x08003698                Enc424J600Network_initP0
 .text.enc424j600PacketReceiveP0
                0x08003770       0xa8 src\uip\Enc424J600NetworkP0.o
                0x08003770                enc424j600PacketReceiveP0
 .text.enc424j600PacketSendP0
                0x08003818       0x44 src\uip\Enc424J600NetworkP0.o
                0x08003818                enc424j600PacketSendP0
 .text.clock_time
                0x0800385c        0x8 src\uip\clock-arch.o
                0x0800385c                clock_time
 .text.add_msg_type
                0x08003864       0x10 src\uip\dhcpc.o
 .text.add_server_id
                0x08003874       0x1c src\uip\dhcpc.o
 .text.add_req_options
                0x08003890       0x18 src\uip\dhcpc.o
 .text.add_end  0x080038a8        0x8 src\uip\dhcpc.o
 .text.add_req_ipaddr
                0x080038b0       0x1c src\uip\dhcpc.o
 .text.parse_options
                0x080038cc       0x78 src\uip\dhcpc.o
 .text.create_msg
                0x08003944       0xc4 src\uip\dhcpc.o
 .text.send_request
                0x08003a08       0x34 src\uip\dhcpc.o
 .text.send_discover
                0x08003a3c       0x44 src\uip\dhcpc.o
 .text.parse_msg
                0x08003a80       0x58 src\uip\dhcpc.o
 .text.dhcp_getip
                0x08003ad8      0x15c src\uip\dhcpc.o
                0x08003ad8                dhcp_getip
 .text.handle_dhcp
                0x08003c34       0x70 src\uip\dhcpc.o
                0x08003c34                handle_dhcp
 .text.dhcpc_init
                0x08003ca4       0x38 src\uip\dhcpc.o
                0x08003ca4                dhcpc_init
 .text.dhcpc_appcall
                0x08003cdc        0x8 src\uip\dhcpc.o
                0x08003cdc                dhcpc_appcall
 .text.chksum   0x08003ce4       0x3c src\uip\uip.o
 .text.uip_add32
                0x08003d20       0x5c src\uip\uip.o
                0x08003d20                uip_add32
 .text.uip_add_rcv_nxt
                0x08003d7c       0x30 src\uip\uip.o
 .text.uip_init
                0x08003dac       0x7c src\uip\uip.o
                0x08003dac                uip_init
 .text.htons    0x08003e28        0xc src\uip\uip.o
                0x08003e28                htons
 .text.uip_ipchksum
                0x08003e34       0x20 src\uip\uip.o
                0x08003e34                uip_ipchksum
 .text.upper_layer_chksum
                0x08003e54       0x3c src\uip\uip.o
 .text.uip_tcpchksum
                0x08003e90        0xc src\uip\uip.o
                0x08003e90                uip_tcpchksum
 .text.uip_udpchksum
                0x08003e9c        0xc src\uip\uip.o
                0x08003e9c                uip_udpchksum
 .text.uip_process
                0x08003ea8      0xc60 src\uip\uip.o
                0x08003ea8                uip_process
 .text.uip_connect
                0x08004b08       0xec src\uip\uip.o
                0x08004b08                uip_connect
 .text.uip_udp_new
                0x08004bf4       0xa8 src\uip\uip.o
                0x08004bf4                uip_udp_new
 .text.uip_send
                0x08004c9c       0x28 src\uip\uip.o
                0x08004c9c                uip_send
 .text.uip_arp_update
                0x08004cc4      0x104 src\uip\uip_arp.o
 .text.uip_arp_init
                0x08004dc8       0x2c src\uip\uip_arp.o
                0x08004dc8                uip_arp_init
 .text.uip_arp_timer
                0x08004df4       0x60 src\uip\uip_arp.o
                0x08004df4                uip_arp_timer
 .text.uip_arp_ipin
                0x08004e54       0x50 src\uip\uip_arp.o
                0x08004e54                uip_arp_ipin
 .text.uip_arp_arpin
                0x08004ea4       0xe0 src\uip\uip_arp.o
                0x08004ea4                uip_arp_arpin
 .text.uip_arp_out
                0x08004f84      0x160 src\uip\uip_arp.o
                0x08004f84                uip_arp_out
 .text.uip_timer_set
                0x080050e4       0x10 src\uip\uip_timer.o
                0x080050e4                uip_timer_set
 .text.__libc_init_array
                0x080050f4       0x4c d:/tools/truestudio for arm 7.0.1/armtools/bin/../lib/gcc/arm-atollic-eabi/5.3.1/../../../../arm-atollic-eabi/lib/armv7-m\libc.a(lib_a-init.o)
                0x080050f4                __libc_init_array
 .text.memcmp   0x08005140       0x1e d:/tools/truestudio for arm 7.0.1/armtools/bin/../lib/gcc/arm-atollic-eabi/5.3.1/../../../../arm-atollic-eabi/lib/armv7-m\libc.a(lib_a-memcmp.o)
                0x08005140                memcmp
 .text.memcpy   0x0800515e       0x16 d:/tools/truestudio for arm 7.0.1/armtools/bin/../lib/gcc/arm-atollic-eabi/5.3.1/../../../../arm-atollic-eabi/lib/armv7-m\libc.a(lib_a-memcpy-stub.o)
                0x0800515e                memcpy
 .text.memset   0x08005174       0x10 d:/tools/truestudio for arm 7.0.1/armtools/bin/../lib/gcc/arm-atollic-eabi/5.3.1/../../../../arm-atollic-eabi/lib/armv7-m\libc.a(lib_a-memset.o)
                0x08005174                memset
 .text.srand    0x08005184       0x50 d:/tools/truestudio for arm 7.0.1/armtools/bin/../lib/gcc/arm-atollic-eabi/5.3.1/../../../../arm-atollic-eabi/lib/armv7-m\libc.a(lib_a-rand.o)
                0x08005184                srand
 .text.rand     0x080051d4       0x74 d:/tools/truestudio for arm 7.0.1/armtools/bin/../lib/gcc/arm-atollic-eabi/5.3.1/../../../../arm-atollic-eabi/lib/armv7-m\libc.a(lib_a-rand.o)
                0x080051d4                rand
 .text._malloc_trim_r
                0x08005248       0xac d:/tools/truestudio for arm 7.0.1/armtools/bin/../lib/gcc/arm-atollic-eabi/5.3.1/../../../../arm-atollic-eabi/lib/armv7-m\libc.a(lib_a-freer.o)
                0x08005248                _malloc_trim_r
 .text._free_r  0x080052f4      0x17c d:/tools/truestudio for arm 7.0.1/armtools/bin/../lib/gcc/arm-atollic-eabi/5.3.1/../../../../arm-atollic-eabi/lib/armv7-m\libc.a(lib_a-freer.o)
                0x080052f4                _free_r
 .text.malloc   0x08005470       0x10 d:/tools/truestudio for arm 7.0.1/armtools/bin/../lib/gcc/arm-atollic-eabi/5.3.1/../../../../arm-atollic-eabi/lib/armv7-m\libc.a(lib_a-malloc.o)
                0x08005470                malloc
 .text._malloc_r
                0x08005480      0x438 d:/tools/truestudio for arm 7.0.1/armtools/bin/../lib/gcc/arm-atollic-eabi/5.3.1/../../../../arm-atollic-eabi/lib/armv7-m\libc.a(lib_a-mallocr.o)
                0x08005480                _malloc_r
 .text.__malloc_lock
                0x080058b8        0x2 d:/tools/truestudio for arm 7.0.1/armtools/bin/../lib/gcc/arm-atollic-eabi/5.3.1/../../../../arm-atollic-eabi/lib/armv7-m\libc.a(lib_a-mlock.o)
                0x080058b8                __malloc_lock
 .text.__malloc_unlock
                0x080058ba        0x2 d:/tools/truestudio for arm 7.0.1/armtools/bin/../lib/gcc/arm-atollic-eabi/5.3.1/../../../../arm-atollic-eabi/lib/armv7-m\libc.a(lib_a-mlock.o)
                0x080058ba                __malloc_unlock
 .text._sbrk_r  0x080058bc       0x20 d:/tools/truestudio for arm 7.0.1/armtools/bin/../lib/gcc/arm-atollic-eabi/5.3.1/../../../../arm-atollic-eabi/lib/armv7-m\libc.a(lib_a-sbrkr.o)
                0x080058bc                _sbrk_r
 *(.glue_7)
 .glue_7        0x080058dc        0x0 linker stubs
 *(.glue_7t)
 .glue_7t       0x080058dc        0x0 linker stubs
 *(.eh_frame)
 .eh_frame      0x080058dc        0x0 d:/tools/truestudio for arm 7.0.1/armtools/bin/../lib/gcc/arm-atollic-eabi/5.3.1/armv7-m/crtbegin.o
 *(.init)
 .init          0x080058dc        0x4 d:/tools/truestudio for arm 7.0.1/armtools/bin/../lib/gcc/arm-atollic-eabi/5.3.1/armv7-m/crti.o
                0x080058dc                _init
 .init          0x080058e0        0x8 d:/tools/truestudio for arm 7.0.1/armtools/bin/../lib/gcc/arm-atollic-eabi/5.3.1/armv7-m/crtn.o
 *(.fini)
 .fini          0x080058e8        0x4 d:/tools/truestudio for arm 7.0.1/armtools/bin/../lib/gcc/arm-atollic-eabi/5.3.1/armv7-m/crti.o
                0x080058e8                _fini
 .fini          0x080058ec        0x8 d:/tools/truestudio for arm 7.0.1/armtools/bin/../lib/gcc/arm-atollic-eabi/5.3.1/armv7-m/crtn.o
                0x080058f4                . = ALIGN (0x4)
                0x080058f4                _etext = .

.vfp11_veneer   0x080058f4        0x0
 .vfp11_veneer  0x080058f4        0x0 linker stubs

.v4_bx          0x080058f4        0x0
 .v4_bx         0x080058f4        0x0 linker stubs

.iplt           0x080058f4        0x0
 .iplt          0x080058f4        0x0 d:/tools/truestudio for arm 7.0.1/armtools/bin/../lib/gcc/arm-atollic-eabi/5.3.1/armv7-m/crtbegin.o

.rodata         0x080058f4      0x8ac
                0x080058f4                . = ALIGN (0x4)
 *(.rodata)
 .rodata        0x080058f4       0x1f src\mac1control.o
 *(.rodata*)
 *fill*         0x08005913        0x1 
 .rodata.month_table
                0x08005914        0xc src\calendar.o
                0x08005914                month_table
 .rodata.str1.4
                0x08005920        0xf src\calendar.o
 *fill*         0x0800592f        0x1 
 .rodata.str1.4
                0x08005930      0x1a7 src\ipstk\ip_arp_udp_tcp.o
                                0x1af (size before relaxing)
 *fill*         0x08005ad7        0x1 
 .rodata.iphdr  0x08005ad8        0x9 src\ipstk\ip_arp_udp_tcp.o
                0x08005ad8                iphdr
 *fill*         0x08005ae1        0x3 
 .rodata.arpreqhdr
                0x08005ae4        0x8 src\ipstk\ip_arp_udp_tcp.o
                0x08005ae4                arpreqhdr
 .rodata.str1.4
                0x08005aec      0x245 src\mac0control.o
 *fill*         0x08005d31        0x3 
 .rodata.str1.4
                0x08005d34      0x127 src\mac1control.o
                                0x143 (size before relaxing)
 *fill*         0x08005e5b        0x1 
 .rodata.str1.4
                0x08005e5c       0x5c src\main.o
 .rodata.str1.4
                0x08005eb8       0x16 src\stm32f1xx_it.o
 *fill*         0x08005ece        0x2 
 .rodata.str1.4
                0x08005ed0      0x1d8 src\sys_timer.o
 .rodata.str1.4
                0x080060a8      0x1d8 src\tiny_printf.o
                                  0x2 (size before relaxing)
 .rodata.xid    0x080060a8        0x4 src\uip\dhcpc.o
 .rodata.hstname
                0x080060ac       0x20 src\uip\dhcpc.o
                0x080060ac                hstname
 .rodata.magic_cookie
                0x080060cc        0x4 src\uip\dhcpc.o
 .rodata.str1.4
                0x080060d0       0xaa src\uip\dhcpc.o
 *fill*         0x0800617a        0x2 
 .rodata.str1.4
                0x0800617c       0x1c src\uip\uip.o
                                 0x19 (size before relaxing)
 .rodata.broadcast_ethaddr
                0x08006198        0x6 src\uip\uip_arp.o
 .rodata.str1.1
                0x0800619e        0x2 d:/tools/truestudio for arm 7.0.1/armtools/bin/../lib/gcc/arm-atollic-eabi/5.3.1/../../../../arm-atollic-eabi/lib/armv7-m\libc.a(lib_a-impure.o)
                0x080061a0                . = ALIGN (0x4)

.rel.dyn        0x080061a0        0x0
 .rel.iplt      0x080061a0        0x0 d:/tools/truestudio for arm 7.0.1/armtools/bin/../lib/gcc/arm-atollic-eabi/5.3.1/armv7-m/crtbegin.o

.ARM.extab
 *(.ARM.extab* .gnu.linkonce.armextab.*)

.ARM            0x080061a0        0x0
                0x080061a0                __exidx_start = .
 *(.ARM.exidx*)
                0x080061a0                __exidx_end = .

.preinit_array  0x080061a0        0x0
                0x080061a0                PROVIDE (__preinit_array_start, .)
 *(.preinit_array*)
                0x080061a0                PROVIDE (__preinit_array_end, .)

.init_array     0x080061a0        0x4
                0x080061a0                PROVIDE (__init_array_start, .)
 *(SORT(.init_array.*))
 *(.init_array*)
 .init_array    0x080061a0        0x4 d:/tools/truestudio for arm 7.0.1/armtools/bin/../lib/gcc/arm-atollic-eabi/5.3.1/armv7-m/crtbegin.o
                0x080061a4                PROVIDE (__init_array_end, .)

.fini_array     0x080061a4        0x4
                [!provide]                PROVIDE (__fini_array_start, .)
 *(SORT(.fini_array.*))
 *(.fini_array*)
 .fini_array    0x080061a4        0x4 d:/tools/truestudio for arm 7.0.1/armtools/bin/../lib/gcc/arm-atollic-eabi/5.3.1/armv7-m/crtbegin.o
                [!provide]                PROVIDE (__fini_array_end, .)
                0x080061a8                _sidata = LOADADDR (.data)

.data           0x20000000      0x9ec load address 0x080061a8
                0x20000000                . = ALIGN (0x4)
                0x20000000                _sdata = .
 *(.data)
 *(.data*)
 .data.ADCPrescTable
                0x20000000        0x4 Libraries\STM32F10x_StdPeriph_Driver\src\stm32f10x_rcc.o
 .data.APBAHBPrescTable
                0x20000004       0x10 Libraries\STM32F10x_StdPeriph_Driver\src\stm32f10x_rcc.o
 .data.cal_date
                0x20000014        0x1 src\calendar.o
                0x20000014                cal_date
 *fill*         0x20000015        0x1 
 .data.cal_year
                0x20000016        0x2 src\calendar.o
                0x20000016                cal_year
 .data.cal_month
                0x20000018        0x1 src\calendar.o
                0x20000018                cal_month
 *fill*         0x20000019        0x3 
 .data.hostname
                0x2000001c        0xc src\ipstk\dhcp.o
 .data.delaycnt
                0x20000028        0x2 src\ipstk\ip_arp_udp_tcp.o
 .data.tcpclient_src_port_l
                0x2000002a        0x1 src\ipstk\ip_arp_udp_tcp.o
 .data.seqnum   0x2000002b        0x1 src\ipstk\ip_arp_udp_tcp.o
 .data.wwwport_l
                0x2000002c        0x1 src\ipstk\ip_arp_udp_tcp.o
 .data.waitgwmac
                0x2000002d        0x1 src\ipstk\ip_arp_udp_tcp.o
 *fill*         0x2000002e        0x2 
 .data.tcp_svr_ip
                0x20000030        0x4 src\mac0control.o
                0x20000030                tcp_svr_ip
 .data.macaddr0
                0x20000034        0x6 src\mac0control.o
                0x20000034                macaddr0
 *fill*         0x2000003a        0x2 
 .data.tstpkt0  0x2000003c      0x12c src\mac0control.o
                0x2000003c                tstpkt0
 .data.tstpkt1  0x20000168      0x12c src\mac0control.o
                0x20000168                tstpkt1
 .data.tstpkt2  0x20000294      0x12c src\mac0control.o
                0x20000294                tstpkt2
 .data.tstreg   0x200003c0      0x10a src\mac0control.o
                0x200003c0                tstreg
 *fill*         0x200004ca        0x2 
 .data.macaddr1
                0x200004cc        0x6 src\mac1control.o
                0x200004cc                macaddr1
 .data.myport   0x200004d2        0x2 src\mac1control.o
                0x200004d2                myport
 .data.bac_inst
                0x200004d4        0x1 src\mac1control.o
                0x200004d4                bac_inst
 *fill*         0x200004d5        0x3 
 .data.gwip     0x200004d8        0x4 src\mac1control.o
                0x200004d8                gwip
 .data.dnsip    0x200004dc        0x4 src\mac1control.o
                0x200004dc                dnsip
 .data.myip     0x200004e0        0x4 src\mac1control.o
                0x200004e0                myip
 .data.sport    0x200004e4        0x2 src\mac1control.o
                0x200004e4                sport
 .data.dport    0x200004e6        0x2 src\mac1control.o
                0x200004e6                dport
 .data.impure_data
                0x200004e8       0xf0 d:/tools/truestudio for arm 7.0.1/armtools/bin/../lib/gcc/arm-atollic-eabi/5.3.1/../../../../arm-atollic-eabi/lib/armv7-m\libc.a(lib_a-impure.o)
 .data._impure_ptr
                0x200005d8        0x4 d:/tools/truestudio for arm 7.0.1/armtools/bin/../lib/gcc/arm-atollic-eabi/5.3.1/../../../../arm-atollic-eabi/lib/armv7-m\libc.a(lib_a-impure.o)
                0x200005d8                _impure_ptr
 .data.__malloc_av_
                0x200005dc      0x408 d:/tools/truestudio for arm 7.0.1/armtools/bin/../lib/gcc/arm-atollic-eabi/5.3.1/../../../../arm-atollic-eabi/lib/armv7-m\libc.a(lib_a-mallocr.o)
                0x200005dc                __malloc_av_
 .data.__malloc_trim_threshold
                0x200009e4        0x4 d:/tools/truestudio for arm 7.0.1/armtools/bin/../lib/gcc/arm-atollic-eabi/5.3.1/../../../../arm-atollic-eabi/lib/armv7-m\libc.a(lib_a-mallocr.o)
                0x200009e4                __malloc_trim_threshold
 .data.__malloc_sbrk_base
                0x200009e8        0x4 d:/tools/truestudio for arm 7.0.1/armtools/bin/../lib/gcc/arm-atollic-eabi/5.3.1/../../../../arm-atollic-eabi/lib/armv7-m\libc.a(lib_a-mallocr.o)
                0x200009e8                __malloc_sbrk_base
                0x200009ec                . = ALIGN (0x4)
                0x200009ec                _edata = .

.igot.plt       0x200009ec        0x0 load address 0x08006b94
 .igot.plt      0x200009ec        0x0 d:/tools/truestudio for arm 7.0.1/armtools/bin/../lib/gcc/arm-atollic-eabi/5.3.1/armv7-m/crtbegin.o
                0x200009ec                . = ALIGN (0x4)

.bss            0x200009ec      0x9cc load address 0x08006b94
                0x200009ec                _sbss = .
                0x200009ec                __bss_start__ = _sbss
 *(.bss)
 .bss           0x200009ec       0x1c d:/tools/truestudio for arm 7.0.1/armtools/bin/../lib/gcc/arm-atollic-eabi/5.3.1/armv7-m/crtbegin.o
 *(.bss*)
 .bss.cal_hour  0x20000a08        0x1 src\calendar.o
                0x20000a08                cal_hour
 *fill*         0x20000a09        0x1 
 .bss.day_count.7583
                0x20000a0a        0x2 src\calendar.o
 .bss.cal_second
                0x20000a0c        0x1 src\calendar.o
                0x20000a0c                cal_second
 .bss.cal_minute
                0x20000a0d        0x1 src\calendar.o
                0x20000a0d                cal_minute
 .bss.nextPacketPtr
                0x20000a0e        0x2 src\ipstk\Enc424J600NetworkP1.o
 .bss.bank      0x20000a10        0x1 src\ipstk\Enc424J600NetworkP1.o
 *fill*         0x20000a11        0x3 
 .bss.macaddr   0x20000a14        0x4 src\ipstk\dhcp.o
 .bss.bufPtr    0x20000a18        0x4 src\ipstk\dhcp.o
 .bss.currentXid
                0x20000a1c        0x4 src\ipstk\dhcp.o
                0x20000a1c                currentXid
 .bss.leaseStart
                0x20000a20        0x4 src\ipstk\dhcp.o
 .bss.currentSecs
                0x20000a24        0x2 src\ipstk\dhcp.o
                0x20000a24                currentSecs
 .bss.dhcpState
                0x20000a26        0x1 src\ipstk\dhcp.o
 *fill*         0x20000a27        0x1 
 .bss.leaseTime
                0x20000a28        0x4 src\ipstk\dhcp.o
 .bss.dhcptid_l
                0x20000a2c        0x1 src\ipstk\dhcp.o
 *fill*         0x20000a2d        0x3 
 .bss.tcpsrvip  0x20000a30        0x4 src\ipstk\ip_arp_udp_tcp.o
 .bss.client_tcp_datafill_callback
                0x20000a34        0x4 src\ipstk\ip_arp_udp_tcp.o
 .bss.client_tcp_result_callback
                0x20000a38        0x4 src\ipstk\ip_arp_udp_tcp.o
 .bss.info_data_len
                0x20000a3c        0x2 src\ipstk\ip_arp_udp_tcp.o
 .bss.wwwport_h
                0x20000a3e        0x1 src\ipstk\ip_arp_udp_tcp.o
 *fill*         0x20000a3f        0x1 
 .bss.ipaddr    0x20000a40        0x4 src\ipstk\ip_arp_udp_tcp.o
 .bss.bufptr    0x20000a44        0x4 src\ipstk\ip_arp_udp_tcp.o
 .bss.icmp_callback
                0x20000a48        0x4 src\ipstk\ip_arp_udp_tcp.o
 .bss.gwip      0x20000a4c        0x4 src\ipstk\ip_arp_udp_tcp.o
 .bss.tcp_client_port_l
                0x20000a50        0x1 src\ipstk\ip_arp_udp_tcp.o
 .bss.tcp_client_state
                0x20000a51        0x1 src\ipstk\ip_arp_udp_tcp.o
 .bss.tcp_fd    0x20000a52        0x1 src\ipstk\ip_arp_udp_tcp.o
 .bss.tcp_client_port_h
                0x20000a53        0x1 src\ipstk\ip_arp_udp_tcp.o
 .bss.gwmacaddr
                0x20000a54        0x6 src\ipstk\ip_arp_udp_tcp.o
 *fill*         0x20000a5a        0x2 
 .bss.app_timeout
                0x20000a5c        0x4 src\mac0control.o
                0x20000a5c                app_timeout
 .bss.tcp_app_state
                0x20000a60        0x1 src\mac0control.o
                0x20000a60                tcp_app_state
 .bss.dhcp_acquired
                0x20000a61        0x1 src\mac0control.o
                0x20000a61                dhcp_acquired
 *fill*         0x20000a62        0x2 
 .bss.bac_timeout
                0x20000a64        0x4 src\mac1control.o
                0x20000a64                bac_timeout
 .bss.bac_binval
                0x20000a68        0xa src\mac1control.o
                0x20000a68                bac_binval
 .bss.set_bacnet_bin_alarm
                0x20000a72        0x1 src\mac1control.o
                0x20000a72                set_bacnet_bin_alarm
 *fill*         0x20000a73        0x1 
 .bss.mac1_pkt_cntr
                0x20000a74        0x2 src\mac1control.o
                0x20000a74                mac1_pkt_cntr
 *fill*         0x20000a76        0x2 
 .bss.bacdev_ip
                0x20000a78        0x4 src\mac1control.o
                0x20000a78                bacdev_ip
 .bss.led1      0x20000a7c        0x1 src\sys_timer.o
                0x20000a7c                led1
 *fill*         0x20000a7d        0x3 
 .bss.systick   0x20000a80        0x4 src\sys_timer.o
                0x20000a80                systick
 .bss.heap_end.8314
                0x20000a84        0x4 src\syscalls.o
 .bss.nextPacketPtr
                0x20000a88        0x2 src\uip\Enc424J600NetworkP0.o
 .bss.bank      0x20000a8a        0x1 src\uip\Enc424J600NetworkP0.o
 *fill*         0x20000a8b        0x1 
 .bss.s         0x20000a8c       0x34 src\uip\dhcpc.o
 .bss.tmp16     0x20000ac0        0x2 src\uip\uip.o
 .bss.ipid      0x20000ac2        0x2 src\uip\uip.o
 .bss.iss       0x20000ac4        0x4 src\uip\uip.o
 .bss.lastport  0x20000ac8        0x2 src\uip\uip.o
 .bss.c         0x20000aca        0x1 src\uip\uip.o
 *fill*         0x20000acb        0x1 
 .bss.uip_ethaddr
                0x20000acc        0x6 src\uip\uip.o
                0x20000acc                uip_ethaddr
 .bss.i         0x20000ad2        0x1 src\uip\uip_arp.o
 .bss.tmpage    0x20000ad3        0x1 src\uip\uip_arp.o
 .bss.arp_table
                0x20000ad4       0x60 src\uip\uip_arp.o
 .bss.c         0x20000b34        0x1 src\uip\uip_arp.o
 .bss.arptime   0x20000b35        0x1 src\uip\uip_arp.o
 *fill*         0x20000b36        0x2 
 .bss.ipaddr    0x20000b38        0x4 src\uip\uip_arp.o
 .bss.__malloc_max_total_mem
                0x20000b3c        0x4 d:/tools/truestudio for arm 7.0.1/armtools/bin/../lib/gcc/arm-atollic-eabi/5.3.1/../../../../arm-atollic-eabi/lib/armv7-m\libc.a(lib_a-mallocr.o)
                0x20000b3c                __malloc_max_total_mem
 .bss.__malloc_max_sbrked_mem
                0x20000b40        0x4 d:/tools/truestudio for arm 7.0.1/armtools/bin/../lib/gcc/arm-atollic-eabi/5.3.1/../../../../arm-atollic-eabi/lib/armv7-m\libc.a(lib_a-mallocr.o)
                0x20000b40                __malloc_max_sbrked_mem
 .bss.__malloc_top_pad
                0x20000b44        0x4 d:/tools/truestudio for arm 7.0.1/armtools/bin/../lib/gcc/arm-atollic-eabi/5.3.1/../../../../arm-atollic-eabi/lib/armv7-m\libc.a(lib_a-mallocr.o)
                0x20000b44                __malloc_top_pad
 .bss.__malloc_current_mallinfo
                0x20000b48       0x28 d:/tools/truestudio for arm 7.0.1/armtools/bin/../lib/gcc/arm-atollic-eabi/5.3.1/../../../../arm-atollic-eabi/lib/armv7-m\libc.a(lib_a-mallocr.o)
                0x20000b48                __malloc_current_mallinfo
 *(COMMON)
 COMMON         0x20000b70        0x8 src\calendar.o
                0x20000b70                current_date
 COMMON         0x20000b78       0x14 src\ipstk\dhcp.o
                0x20000b78                dnsserver
                0x20000b7c                dhcpip
                0x20000b80                dhcpserver
                0x20000b84                gwaddr
                0x20000b88                dhcpmask
 COMMON         0x20000b8c        0x6 src\ipstk\ip_arp_udp_tcp.o
                0x20000b8c                macaddr
 *fill*         0x20000b92        0x2 
 COMMON         0x20000b94        0xa src\mac0control.o
                0x20000b94                pktcount
                0x20000b98                periodic_timer
                0x20000b9c                pkt_in_len
 *fill*         0x20000b9e        0x2 
 COMMON         0x20000ba0      0x338 src\mac1control.o
                0x20000ba0                plen
                0x20000ba4                buf1
                0x20000ec5                invokeid
                0x20000ec8                dip
                0x20000ecc                dhcpsvrip
                0x20000ed0                dhcp_up
                0x20000ed1                bacnet_found
                0x20000ed4                mynetmask
 COMMON         0x20000ed8      0x4dc src\uip\uip.o
                0x20000ed8                uip_len
                0x20000edc                uip_sappdata
                0x20000ee0                uip_acc32
                0x20000ee4                uip_flags
                0x20000ee8                uip_udp_conn
                0x20000eec                uip_appdata
                0x20000ef0                uip_conn
                0x20000ef4                uip_conns
                0x20000f74                uip_listenports
                0x20000f7c                uip_draddr
                0x20000f80                uip_netmask
                0x20000f84                uip_hostaddr
                0x20000f88                uip_buf
                0x20001372                uip_slen
                0x20001374                uip_udp_conns
 COMMON         0x200013b4        0x4 d:/tools/truestudio for arm 7.0.1/armtools/bin/../lib/gcc/arm-atollic-eabi/5.3.1/../../../../arm-atollic-eabi/lib/armv7-m\libc.a(lib_a-reent.o)
                0x200013b4                errno
                0x200013b8                . = ALIGN (0x4)
                0x200013b8                _ebss = .
                0x200013b8                __bss_end__ = _ebss

._user_heap_stack
                0x200013b8      0x100 load address 0x08006b94
                0x200013b8                . = ALIGN (0x4)
                0x200013b8                PROVIDE (end, .)
                [!provide]                PROVIDE (_end, .)
                0x200013b8                . = (. + _Min_Heap_Size)
                0x200014b8                . = (. + _Min_Stack_Size)
 *fill*         0x200013b8      0x100 
                0x200014b8                . = ALIGN (0x4)

.memory_b1_text
 *(.mb1text)
 *(.mb1text*)
 *(.mb1rodata)
 *(.mb1rodata*)

/DISCARD/
 libc.a(*)
 libm.a(*)
 libgcc.a(*)

.ARM.attributes
                0x00000000       0x29
 *(.ARM.attributes)
 .ARM.attributes
                0x00000000       0x1d d:/tools/truestudio for arm 7.0.1/armtools/bin/../lib/gcc/arm-atollic-eabi/5.3.1/armv7-m/crti.o
 .ARM.attributes
                0x0000001d       0x2d d:/tools/truestudio for arm 7.0.1/armtools/bin/../lib/gcc/arm-atollic-eabi/5.3.1/armv7-m/crtbegin.o
 .ARM.attributes
                0x0000004a       0x33 Libraries\STM32F10x_StdPeriph_Driver\src\misc.o
 .ARM.attributes
                0x0000007d       0x33 Libraries\STM32F10x_StdPeriph_Driver\src\stm32f10x_bkp.o
 .ARM.attributes
                0x000000b0       0x33 Libraries\STM32F10x_StdPeriph_Driver\src\stm32f10x_gpio.o
 .ARM.attributes
                0x000000e3       0x33 Libraries\STM32F10x_StdPeriph_Driver\src\stm32f10x_pwr.o
 .ARM.attributes
                0x00000116       0x33 Libraries\STM32F10x_StdPeriph_Driver\src\stm32f10x_rcc.o
 .ARM.attributes
                0x00000149       0x33 Libraries\STM32F10x_StdPeriph_Driver\src\stm32f10x_rtc.o
 .ARM.attributes
                0x0000017c       0x33 Libraries\STM32F10x_StdPeriph_Driver\src\stm32f10x_spi.o
 .ARM.attributes
                0x000001af       0x33 Libraries\STM32F10x_StdPeriph_Driver\src\stm32f10x_tim.o
 .ARM.attributes
                0x000001e2       0x33 Libraries\STM32F10x_StdPeriph_Driver\src\stm32f10x_usart.o
 .ARM.attributes
                0x00000215       0x33 src\calendar.o
 .ARM.attributes
                0x00000248       0x33 src\ipstk\Enc424J600NetworkP1.o
 .ARM.attributes
                0x0000027b       0x33 src\ipstk\dhcp.o
 .ARM.attributes
                0x000002ae       0x33 src\ipstk\ip_arp_udp_tcp.o
 .ARM.attributes
                0x000002e1       0x33 src\mac0control.o
 .ARM.attributes
                0x00000314       0x33 src\mac1control.o
 .ARM.attributes
                0x00000347       0x33 src\main.o
 .ARM.attributes
                0x0000037a       0x21 src\startup_stm32f10x_md.o
 .ARM.attributes
                0x0000039b       0x33 src\stm32f1xx_it.o
 .ARM.attributes
                0x000003ce       0x33 src\sys_init.o
 .ARM.attributes
                0x00000401       0x33 src\sys_spi.o
 .ARM.attributes
                0x00000434       0x33 src\sys_timer.o
 .ARM.attributes
                0x00000467       0x33 src\sys_usart.o
 .ARM.attributes
                0x0000049a       0x33 src\syscalls.o
 .ARM.attributes
                0x000004cd       0x33 src\system_stm32f10x.o
 .ARM.attributes
                0x00000500       0x33 src\tiny_printf.o
 .ARM.attributes
                0x00000533       0x33 src\uip\Enc424J600NetworkP0.o
 .ARM.attributes
                0x00000566       0x33 src\uip\clock-arch.o
 .ARM.attributes
                0x00000599       0x33 src\uip\dhcpc.o
 .ARM.attributes
                0x000005cc       0x33 src\uip\uip.o
 .ARM.attributes
                0x000005ff       0x33 src\uip\uip_arp.o
 .ARM.attributes
                0x00000632       0x33 src\uip\uip_timer.o
 .ARM.attributes
                0x00000665       0x2d d:/tools/truestudio for arm 7.0.1/armtools/bin/../lib/gcc/arm-atollic-eabi/5.3.1/../../../../arm-atollic-eabi/lib/armv7-m\libc.a(lib_a-init.o)
 .ARM.attributes
                0x00000692       0x2d d:/tools/truestudio for arm 7.0.1/armtools/bin/../lib/gcc/arm-atollic-eabi/5.3.1/../../../../arm-atollic-eabi/lib/armv7-m\libc.a(lib_a-memcmp.o)
 .ARM.attributes
                0x000006bf       0x2d d:/tools/truestudio for arm 7.0.1/armtools/bin/../lib/gcc/arm-atollic-eabi/5.3.1/../../../../arm-atollic-eabi/lib/armv7-m\libc.a(lib_a-memcpy-stub.o)
 .ARM.attributes
                0x000006ec       0x2d d:/tools/truestudio for arm 7.0.1/armtools/bin/../lib/gcc/arm-atollic-eabi/5.3.1/../../../../arm-atollic-eabi/lib/armv7-m\libc.a(lib_a-memset.o)
 .ARM.attributes
                0x00000719       0x2d d:/tools/truestudio for arm 7.0.1/armtools/bin/../lib/gcc/arm-atollic-eabi/5.3.1/../../../../arm-atollic-eabi/lib/armv7-m\libc.a(lib_a-rand.o)
 .ARM.attributes
                0x00000746       0x2d d:/tools/truestudio for arm 7.0.1/armtools/bin/../lib/gcc/arm-atollic-eabi/5.3.1/../../../../arm-atollic-eabi/lib/armv7-m\libc.a(lib_a-reent.o)
 .ARM.attributes
                0x00000773       0x17 d:/tools/truestudio for arm 7.0.1/armtools/bin/../lib/gcc/arm-atollic-eabi/5.3.1/../../../../arm-atollic-eabi/lib/armv7-m\libc.a(lib_a-strlen.o)
 .ARM.attributes
                0x0000078a       0x2d d:/tools/truestudio for arm 7.0.1/armtools/bin/../lib/gcc/arm-atollic-eabi/5.3.1/../../../../arm-atollic-eabi/lib/armv7-m\libc.a(lib_a-freer.o)
 .ARM.attributes
                0x000007b7       0x2d d:/tools/truestudio for arm 7.0.1/armtools/bin/../lib/gcc/arm-atollic-eabi/5.3.1/../../../../arm-atollic-eabi/lib/armv7-m\libc.a(lib_a-impure.o)
 .ARM.attributes
                0x000007e4       0x2d d:/tools/truestudio for arm 7.0.1/armtools/bin/../lib/gcc/arm-atollic-eabi/5.3.1/../../../../arm-atollic-eabi/lib/armv7-m\libc.a(lib_a-malloc.o)
 .ARM.attributes
                0x00000811       0x2d d:/tools/truestudio for arm 7.0.1/armtools/bin/../lib/gcc/arm-atollic-eabi/5.3.1/../../../../arm-atollic-eabi/lib/armv7-m\libc.a(lib_a-mallocr.o)
 .ARM.attributes
                0x0000083e       0x2d d:/tools/truestudio for arm 7.0.1/armtools/bin/../lib/gcc/arm-atollic-eabi/5.3.1/../../../../arm-atollic-eabi/lib/armv7-m\libc.a(lib_a-mlock.o)
 .ARM.attributes
                0x0000086b       0x2d d:/tools/truestudio for arm 7.0.1/armtools/bin/../lib/gcc/arm-atollic-eabi/5.3.1/../../../../arm-atollic-eabi/lib/armv7-m\libc.a(lib_a-sbrkr.o)
 .ARM.attributes
                0x00000898       0x1d d:/tools/truestudio for arm 7.0.1/armtools/bin/../lib/gcc/arm-atollic-eabi/5.3.1/armv7-m/crtn.o
OUTPUT(SniperBoard.elf elf32-littlearm)

.debug_info     0x00000000    0x1209c
 .debug_info    0x00000000      0x560 Libraries\STM32F10x_StdPeriph_Driver\src\misc.o
 .debug_info    0x00000560      0x7de Libraries\STM32F10x_StdPeriph_Driver\src\stm32f10x_bkp.o
 .debug_info    0x00000d3e      0x893 Libraries\STM32F10x_StdPeriph_Driver\src\stm32f10x_gpio.o
 .debug_info    0x000015d1      0x4e7 Libraries\STM32F10x_StdPeriph_Driver\src\stm32f10x_pwr.o
 .debug_info    0x00001ab8      0x8d9 Libraries\STM32F10x_StdPeriph_Driver\src\stm32f10x_rcc.o
 .debug_info    0x00002391      0x4a2 Libraries\STM32F10x_StdPeriph_Driver\src\stm32f10x_rtc.o
 .debug_info    0x00002833      0x9cb Libraries\STM32F10x_StdPeriph_Driver\src\stm32f10x_spi.o
 .debug_info    0x000031fe     0x21a0 Libraries\STM32F10x_StdPeriph_Driver\src\stm32f10x_tim.o
 .debug_info    0x0000539e      0xb28 Libraries\STM32F10x_StdPeriph_Driver\src\stm32f10x_usart.o
 .debug_info    0x00005ec6      0x3fb src\calendar.o
 .debug_info    0x000062c1      0xee8 src\ipstk\Enc424J600NetworkP1.o
 .debug_info    0x000071a9      0x85c src\ipstk\dhcp.o
 .debug_info    0x00007a05     0x1e4c src\ipstk\ip_arp_udp_tcp.o
 .debug_info    0x00009851      0xccd src\mac0control.o
 .debug_info    0x0000a51e      0xa3b src\mac1control.o
 .debug_info    0x0000af59      0x3a9 src\main.o
 .debug_info    0x0000b302       0x71 src\startup_stm32f10x_md.o
 .debug_info    0x0000b373      0x17c src\stm32f1xx_it.o
 .debug_info    0x0000b4ef      0x3c6 src\sys_init.o
 .debug_info    0x0000b8b5      0x5f8 src\sys_spi.o
 .debug_info    0x0000bead     0x1159 src\sys_timer.o
 .debug_info    0x0000d006      0x8f8 src\sys_usart.o
 .debug_info    0x0000d8fe      0x7cd src\syscalls.o
 .debug_info    0x0000e0cb      0x4a9 src\system_stm32f10x.o
 .debug_info    0x0000e574      0xdc3 src\tiny_printf.o
 .debug_info    0x0000f337      0xe00 src\uip\Enc424J600NetworkP0.o
 .debug_info    0x00010137       0xd3 src\uip\clock-arch.o
 .debug_info    0x0001020a      0xa83 src\uip\dhcpc.o
 .debug_info    0x00010c8d      0xe25 src\uip\uip.o
 .debug_info    0x00011ab2      0x4bd src\uip\uip_arp.o
 .debug_info    0x00011f6f      0x12d src\uip\uip_timer.o

.debug_abbrev   0x00000000     0x350b
 .debug_abbrev  0x00000000      0x158 Libraries\STM32F10x_StdPeriph_Driver\src\misc.o
 .debug_abbrev  0x00000158      0x193 Libraries\STM32F10x_StdPeriph_Driver\src\stm32f10x_bkp.o
 .debug_abbrev  0x000002eb      0x1ef Libraries\STM32F10x_StdPeriph_Driver\src\stm32f10x_gpio.o
 .debug_abbrev  0x000004da      0x1af Libraries\STM32F10x_StdPeriph_Driver\src\stm32f10x_pwr.o
 .debug_abbrev  0x00000689      0x1e4 Libraries\STM32F10x_StdPeriph_Driver\src\stm32f10x_rcc.o
 .debug_abbrev  0x0000086d      0x191 Libraries\STM32F10x_StdPeriph_Driver\src\stm32f10x_rtc.o
 .debug_abbrev  0x000009fe      0x1ca Libraries\STM32F10x_StdPeriph_Driver\src\stm32f10x_spi.o
 .debug_abbrev  0x00000bc8      0x1de Libraries\STM32F10x_StdPeriph_Driver\src\stm32f10x_tim.o
 .debug_abbrev  0x00000da6      0x1c8 Libraries\STM32F10x_StdPeriph_Driver\src\stm32f10x_usart.o
 .debug_abbrev  0x00000f6e      0x16e src\calendar.o
 .debug_abbrev  0x000010dc      0x248 src\ipstk\Enc424J600NetworkP1.o
 .debug_abbrev  0x00001324      0x216 src\ipstk\dhcp.o
 .debug_abbrev  0x0000153a      0x308 src\ipstk\ip_arp_udp_tcp.o
 .debug_abbrev  0x00001842      0x254 src\mac0control.o
 .debug_abbrev  0x00001a96      0x192 src\mac1control.o
 .debug_abbrev  0x00001c28      0x128 src\main.o
 .debug_abbrev  0x00001d50       0x12 src\startup_stm32f10x_md.o
 .debug_abbrev  0x00001d62       0xc7 src\stm32f1xx_it.o
 .debug_abbrev  0x00001e29      0x144 src\sys_init.o
 .debug_abbrev  0x00001f6d      0x128 src\sys_spi.o
 .debug_abbrev  0x00002095      0x29e src\sys_timer.o
 .debug_abbrev  0x00002333      0x1f0 src\sys_usart.o
 .debug_abbrev  0x00002523      0x1b7 src\syscalls.o
 .debug_abbrev  0x000026da      0x156 src\system_stm32f10x.o
 .debug_abbrev  0x00002830      0x2c6 src\tiny_printf.o
 .debug_abbrev  0x00002af6      0x214 src\uip\Enc424J600NetworkP0.o
 .debug_abbrev  0x00002d0a       0x87 src\uip\clock-arch.o
 .debug_abbrev  0x00002d91      0x266 src\uip\dhcpc.o
 .debug_abbrev  0x00002ff7      0x270 src\uip\uip.o
 .debug_abbrev  0x00003267      0x1c7 src\uip\uip_arp.o
 .debug_abbrev  0x0000342e       0xdd src\uip\uip_timer.o

.debug_loc      0x00000000     0x8638
 .debug_loc     0x00000000      0x160 Libraries\STM32F10x_StdPeriph_Driver\src\misc.o
 .debug_loc     0x00000160       0xd8 Libraries\STM32F10x_StdPeriph_Driver\src\stm32f10x_bkp.o
 .debug_loc     0x00000238      0x542 Libraries\STM32F10x_StdPeriph_Driver\src\stm32f10x_gpio.o
 .debug_loc     0x0000077a      0x110 Libraries\STM32F10x_StdPeriph_Driver\src\stm32f10x_pwr.o
 .debug_loc     0x0000088a      0x692 Libraries\STM32F10x_StdPeriph_Driver\src\stm32f10x_rcc.o
 .debug_loc     0x00000f1c      0x289 Libraries\STM32F10x_StdPeriph_Driver\src\stm32f10x_rtc.o
 .debug_loc     0x000011a5      0x60e Libraries\STM32F10x_StdPeriph_Driver\src\stm32f10x_spi.o
 .debug_loc     0x000017b3     0x1aed Libraries\STM32F10x_StdPeriph_Driver\src\stm32f10x_tim.o
 .debug_loc     0x000032a0      0x736 Libraries\STM32F10x_StdPeriph_Driver\src\stm32f10x_usart.o
 .debug_loc     0x000039d6      0x30f src\calendar.o
 .debug_loc     0x00003ce5      0x5d5 src\ipstk\Enc424J600NetworkP1.o
 .debug_loc     0x000042ba      0x5e7 src\ipstk\dhcp.o
 .debug_loc     0x000048a1     0x18bf src\ipstk\ip_arp_udp_tcp.o
 .debug_loc     0x00006160      0x304 src\mac0control.o
 .debug_loc     0x00006464      0x45e src\mac1control.o
 .debug_loc     0x000068c2       0x1e src\main.o
 .debug_loc     0x000068e0      0x401 src\sys_timer.o
 .debug_loc     0x00006ce1       0x6c src\sys_usart.o
 .debug_loc     0x00006d4d      0x35d src\syscalls.o
 .debug_loc     0x000070aa       0xdf src\system_stm32f10x.o
 .debug_loc     0x00007189      0x5c8 src\tiny_printf.o
 .debug_loc     0x00007751      0x5b4 src\uip\Enc424J600NetworkP0.o
 .debug_loc     0x00007d05      0x2e8 src\uip\dhcpc.o
 .debug_loc     0x00007fed      0x4fc src\uip\uip.o
 .debug_loc     0x000084e9       0xd4 src\uip\uip_arp.o
 .debug_loc     0x000085bd       0x7b src\uip\uip_timer.o

.debug_aranges  0x00000000     0x1138
 .debug_aranges
                0x00000000       0x40 Libraries\STM32F10x_StdPeriph_Driver\src\misc.o
 .debug_aranges
                0x00000040       0x78 Libraries\STM32F10x_StdPeriph_Driver\src\stm32f10x_bkp.o
 .debug_aranges
                0x000000b8       0xa8 Libraries\STM32F10x_StdPeriph_Driver\src\stm32f10x_gpio.o
 .debug_aranges
                0x00000160       0x60 Libraries\STM32F10x_StdPeriph_Driver\src\stm32f10x_pwr.o
 .debug_aranges
                0x000001c0      0x118 Libraries\STM32F10x_StdPeriph_Driver\src\stm32f10x_rcc.o
 .debug_aranges
                0x000002d8       0x88 Libraries\STM32F10x_StdPeriph_Driver\src\stm32f10x_rtc.o
 .debug_aranges
                0x00000360       0xd0 Libraries\STM32F10x_StdPeriph_Driver\src\stm32f10x_spi.o
 .debug_aranges
                0x00000430      0x2f0 Libraries\STM32F10x_StdPeriph_Driver\src\stm32f10x_tim.o
 .debug_aranges
                0x00000720      0x100 Libraries\STM32F10x_StdPeriph_Driver\src\stm32f10x_usart.o
 .debug_aranges
                0x00000820       0x40 src\calendar.o
 .debug_aranges
                0x00000860       0xa8 src\ipstk\Enc424J600NetworkP1.o
 .debug_aranges
                0x00000908       0x58 src\ipstk\dhcp.o
 .debug_aranges
                0x00000960      0x1a0 src\ipstk\ip_arp_udp_tcp.o
 .debug_aranges
                0x00000b00       0x50 src\mac0control.o
 .debug_aranges
                0x00000b50       0x68 src\mac1control.o
 .debug_aranges
                0x00000bb8       0x20 src\main.o
 .debug_aranges
                0x00000bd8       0x28 src\startup_stm32f10x_md.o
 .debug_aranges
                0x00000c00       0x60 src\stm32f1xx_it.o
 .debug_aranges
                0x00000c60       0x28 src\sys_init.o
 .debug_aranges
                0x00000c88       0x28 src\sys_spi.o
 .debug_aranges
                0x00000cb0       0x78 src\sys_timer.o
 .debug_aranges
                0x00000d28       0x48 src\sys_usart.o
 .debug_aranges
                0x00000d70       0xc8 src\syscalls.o
 .debug_aranges
                0x00000e38       0x38 src\system_stm32f10x.o
 .debug_aranges
                0x00000e70       0x60 src\tiny_printf.o
 .debug_aranges
                0x00000ed0       0x98 src\uip\Enc424J600NetworkP0.o
 .debug_aranges
                0x00000f68       0x20 src\uip\clock-arch.o
 .debug_aranges
                0x00000f88       0x90 src\uip\dhcpc.o
 .debug_aranges
                0x00001018       0xa0 src\uip\uip.o
 .debug_aranges
                0x000010b8       0x48 src\uip\uip_arp.o
 .debug_aranges
                0x00001100       0x38 src\uip\uip_timer.o

.debug_ranges   0x00000000      0xf68
 .debug_ranges  0x00000000       0x30 Libraries\STM32F10x_StdPeriph_Driver\src\misc.o
 .debug_ranges  0x00000030       0x68 Libraries\STM32F10x_StdPeriph_Driver\src\stm32f10x_bkp.o
 .debug_ranges  0x00000098       0x98 Libraries\STM32F10x_StdPeriph_Driver\src\stm32f10x_gpio.o
 .debug_ranges  0x00000130       0x50 Libraries\STM32F10x_StdPeriph_Driver\src\stm32f10x_pwr.o
 .debug_ranges  0x00000180      0x108 Libraries\STM32F10x_StdPeriph_Driver\src\stm32f10x_rcc.o
 .debug_ranges  0x00000288       0x78 Libraries\STM32F10x_StdPeriph_Driver\src\stm32f10x_rtc.o
 .debug_ranges  0x00000300       0xc0 Libraries\STM32F10x_StdPeriph_Driver\src\stm32f10x_spi.o
 .debug_ranges  0x000003c0      0x2e0 Libraries\STM32F10x_StdPeriph_Driver\src\stm32f10x_tim.o
 .debug_ranges  0x000006a0       0xf0 Libraries\STM32F10x_StdPeriph_Driver\src\stm32f10x_usart.o
 .debug_ranges  0x00000790       0x30 src\calendar.o
 .debug_ranges  0x000007c0       0x98 src\ipstk\Enc424J600NetworkP1.o
 .debug_ranges  0x00000858       0x48 src\ipstk\dhcp.o
 .debug_ranges  0x000008a0      0x190 src\ipstk\ip_arp_udp_tcp.o
 .debug_ranges  0x00000a30       0x58 src\mac0control.o
 .debug_ranges  0x00000a88       0x58 src\mac1control.o
 .debug_ranges  0x00000ae0       0x10 src\main.o
 .debug_ranges  0x00000af0       0x20 src\startup_stm32f10x_md.o
 .debug_ranges  0x00000b10       0x50 src\stm32f1xx_it.o
 .debug_ranges  0x00000b60       0x18 src\sys_init.o
 .debug_ranges  0x00000b78       0x18 src\sys_spi.o
 .debug_ranges  0x00000b90       0x68 src\sys_timer.o
 .debug_ranges  0x00000bf8       0x38 src\sys_usart.o
 .debug_ranges  0x00000c30       0xb8 src\syscalls.o
 .debug_ranges  0x00000ce8       0x28 src\system_stm32f10x.o
 .debug_ranges  0x00000d10       0x50 src\tiny_printf.o
 .debug_ranges  0x00000d60       0x88 src\uip\Enc424J600NetworkP0.o
 .debug_ranges  0x00000de8       0x10 src\uip\clock-arch.o
 .debug_ranges  0x00000df8       0x80 src\uip\dhcpc.o
 .debug_ranges  0x00000e78       0x90 src\uip\uip.o
 .debug_ranges  0x00000f08       0x38 src\uip\uip_arp.o
 .debug_ranges  0x00000f40       0x28 src\uip\uip_timer.o

.debug_line     0x00000000     0x6474
 .debug_line    0x00000000      0x20b Libraries\STM32F10x_StdPeriph_Driver\src\misc.o
 .debug_line    0x0000020b      0x294 Libraries\STM32F10x_StdPeriph_Driver\src\stm32f10x_bkp.o
 .debug_line    0x0000049f      0x381 Libraries\STM32F10x_StdPeriph_Driver\src\stm32f10x_gpio.o
 .debug_line    0x00000820      0x282 Libraries\STM32F10x_StdPeriph_Driver\src\stm32f10x_pwr.o
 .debug_line    0x00000aa2      0x456 Libraries\STM32F10x_StdPeriph_Driver\src\stm32f10x_rcc.o
 .debug_line    0x00000ef8      0x292 Libraries\STM32F10x_StdPeriph_Driver\src\stm32f10x_rtc.o
 .debug_line    0x0000118a      0x3c9 Libraries\STM32F10x_StdPeriph_Driver\src\stm32f10x_spi.o
 .debug_line    0x00001553      0xa3f Libraries\STM32F10x_StdPeriph_Driver\src\stm32f10x_tim.o
 .debug_line    0x00001f92      0x43a Libraries\STM32F10x_StdPeriph_Driver\src\stm32f10x_usart.o
 .debug_line    0x000023cc      0x27d src\calendar.o
 .debug_line    0x00002649      0x3a6 src\ipstk\Enc424J600NetworkP1.o
 .debug_line    0x000029ef      0x30a src\ipstk\dhcp.o
 .debug_line    0x00002cf9      0x873 src\ipstk\ip_arp_udp_tcp.o
 .debug_line    0x0000356c      0x391 src\mac0control.o
 .debug_line    0x000038fd      0x327 src\mac1control.o
 .debug_line    0x00003c24      0x25b src\main.o
 .debug_line    0x00003e7f       0x7c src\startup_stm32f10x_md.o
 .debug_line    0x00003efb      0x1f4 src\stm32f1xx_it.o
 .debug_line    0x000040ef      0x20e src\sys_init.o
 .debug_line    0x000042fd      0x20d src\sys_spi.o
 .debug_line    0x0000450a      0x3e4 src\sys_timer.o
 .debug_line    0x000048ee      0x25d src\sys_usart.o
 .debug_line    0x00004b4b      0x35c src\syscalls.o
 .debug_line    0x00004ea7      0x1f0 src\system_stm32f10x.o
 .debug_line    0x00005097      0x283 src\tiny_printf.o
 .debug_line    0x0000531a      0x379 src\uip\Enc424J600NetworkP0.o
 .debug_line    0x00005693      0x14d src\uip\clock-arch.o
 .debug_line    0x000057e0      0x336 src\uip\dhcpc.o
 .debug_line    0x00005b16      0x64f src\uip\uip.o
 .debug_line    0x00006165      0x264 src\uip\uip_arp.o
 .debug_line    0x000063c9       0xab src\uip\uip_timer.o

.debug_str      0x00000000     0x45f1
 .debug_str     0x00000000      0x3be Libraries\STM32F10x_StdPeriph_Driver\src\misc.o
                                0x40b (size before relaxing)
 .debug_str     0x000003be      0x3ea Libraries\STM32F10x_StdPeriph_Driver\src\stm32f10x_bkp.o
                                0x615 (size before relaxing)
 .debug_str     0x000007a8      0x38e Libraries\STM32F10x_StdPeriph_Driver\src\stm32f10x_gpio.o
                                0x57d (size before relaxing)
 .debug_str     0x00000b36      0x132 Libraries\STM32F10x_StdPeriph_Driver\src\stm32f10x_pwr.o
                                0x386 (size before relaxing)
 .debug_str     0x00000c68      0x407 Libraries\STM32F10x_StdPeriph_Driver\src\stm32f10x_rcc.o
                                0x667 (size before relaxing)
 .debug_str     0x0000106f      0x19f Libraries\STM32F10x_StdPeriph_Driver\src\stm32f10x_rtc.o
                                0x3fb (size before relaxing)
 .debug_str     0x0000120e      0x378 Libraries\STM32F10x_StdPeriph_Driver\src\stm32f10x_spi.o
                                0x68a (size before relaxing)
 .debug_str     0x00001586      0xb08 Libraries\STM32F10x_StdPeriph_Driver\src\stm32f10x_tim.o
                                0xe58 (size before relaxing)
 .debug_str     0x0000208e      0x423 Libraries\STM32F10x_StdPeriph_Driver\src\stm32f10x_usart.o
                                0x71d (size before relaxing)
 .debug_str     0x000024b1       0xdf src\calendar.o
                                0x2d1 (size before relaxing)
 .debug_str     0x00002590      0x1be src\ipstk\Enc424J600NetworkP1.o
                                0x443 (size before relaxing)
 .debug_str     0x0000274e      0x1d4 src\ipstk\dhcp.o
                                0x3da (size before relaxing)
 .debug_str     0x00002922      0x679 src\ipstk\ip_arp_udp_tcp.o
                                0x98e (size before relaxing)
 .debug_str     0x00002f9b      0x331 src\mac0control.o
                                0x55d (size before relaxing)
 .debug_str     0x000032cc      0x1a0 src\mac1control.o
                                0x4cb (size before relaxing)
 .debug_str     0x0000346c       0x2c src\main.o
                                0x2b3 (size before relaxing)
 .debug_str     0x00003498       0xa6 src\stm32f1xx_it.o
                                0x230 (size before relaxing)
 .debug_str     0x0000353e       0x6a src\sys_init.o
                                0x37b (size before relaxing)
 .debug_str     0x000035a8       0x11 src\sys_spi.o
                                0x471 (size before relaxing)
 .debug_str     0x000035b9      0x3de src\sys_timer.o
                                0xa0b (size before relaxing)
 .debug_str     0x00003997       0x43 src\sys_usart.o
                                0x7bf (size before relaxing)
 .debug_str     0x000039da      0x232 src\syscalls.o
                                0x43c (size before relaxing)
 .debug_str     0x00003c0c       0x8b src\system_stm32f10x.o
                                0x304 (size before relaxing)
 .debug_str     0x00003c97      0x3ee src\tiny_printf.o
                                0x5ea (size before relaxing)
 .debug_str     0x00004085       0x21 src\uip\Enc424J600NetworkP0.o
                                0x41c (size before relaxing)
 .debug_str     0x000040a6       0x30 src\uip\clock-arch.o
                                0x1ae (size before relaxing)
 .debug_str     0x000040d6      0x167 src\uip\dhcpc.o
                                0x477 (size before relaxing)
 .debug_str     0x0000423d      0x299 src\uip\uip.o
                                0x62a (size before relaxing)
 .debug_str     0x000044d6       0xd0 src\uip\uip_arp.o
                                0x37c (size before relaxing)
 .debug_str     0x000045a6       0x4b src\uip\uip_timer.o
                                0x162 (size before relaxing)

.comment        0x00000000       0x7e
 .comment       0x00000000       0x7e Libraries\STM32F10x_StdPeriph_Driver\src\misc.o
                                 0x7f (size before relaxing)
 .comment       0x0000007e       0x7f Libraries\STM32F10x_StdPeriph_Driver\src\stm32f10x_bkp.o
 .comment       0x0000007e       0x7f Libraries\STM32F10x_StdPeriph_Driver\src\stm32f10x_gpio.o
 .comment       0x0000007e       0x7f Libraries\STM32F10x_StdPeriph_Driver\src\stm32f10x_pwr.o
 .comment       0x0000007e       0x7f Libraries\STM32F10x_StdPeriph_Driver\src\stm32f10x_rcc.o
 .comment       0x0000007e       0x7f Libraries\STM32F10x_StdPeriph_Driver\src\stm32f10x_rtc.o
 .comment       0x0000007e       0x7f Libraries\STM32F10x_StdPeriph_Driver\src\stm32f10x_spi.o
 .comment       0x0000007e       0x7f Libraries\STM32F10x_StdPeriph_Driver\src\stm32f10x_tim.o
 .comment       0x0000007e       0x7f Libraries\STM32F10x_StdPeriph_Driver\src\stm32f10x_usart.o
 .comment       0x0000007e       0x7f src\calendar.o
 .comment       0x0000007e       0x7f src\ipstk\Enc424J600NetworkP1.o
 .comment       0x0000007e       0x7f src\ipstk\dhcp.o
 .comment       0x0000007e       0x7f src\ipstk\ip_arp_udp_tcp.o
 .comment       0x0000007e       0x7f src\mac0control.o
 .comment       0x0000007e       0x7f src\mac1control.o
 .comment       0x0000007e       0x7f src\main.o
 .comment       0x0000007e       0x7f src\stm32f1xx_it.o
 .comment       0x0000007e       0x7f src\sys_init.o
 .comment       0x0000007e       0x7f src\sys_spi.o
 .comment       0x0000007e       0x7f src\sys_timer.o
 .comment       0x0000007e       0x7f src\sys_usart.o
 .comment       0x0000007e       0x7f src\syscalls.o
 .comment       0x0000007e       0x7f src\system_stm32f10x.o
 .comment       0x0000007e       0x7f src\tiny_printf.o
 .comment       0x0000007e       0x7f src\uip\Enc424J600NetworkP0.o
 .comment       0x0000007e       0x7f src\uip\clock-arch.o
 .comment       0x0000007e       0x7f src\uip\dhcpc.o
 .comment       0x0000007e       0x7f src\uip\uip.o
 .comment       0x0000007e       0x7f src\uip\uip_arp.o
 .comment       0x0000007e       0x7f src\uip\uip_timer.o

.debug_frame    0x00000000     0x2b24
 .debug_frame   0x00000000       0x60 Libraries\STM32F10x_StdPeriph_Driver\src\misc.o
 .debug_frame   0x00000060       0xe8 Libraries\STM32F10x_StdPeriph_Driver\src\stm32f10x_bkp.o
 .debug_frame   0x00000148      0x16c Libraries\STM32F10x_StdPeriph_Driver\src\stm32f10x_gpio.o
 .debug_frame   0x000002b4       0xa8 Libraries\STM32F10x_StdPeriph_Driver\src\stm32f10x_pwr.o
 .debug_frame   0x0000035c      0x228 Libraries\STM32F10x_StdPeriph_Driver\src\stm32f10x_rcc.o
 .debug_frame   0x00000584      0x108 Libraries\STM32F10x_StdPeriph_Driver\src\stm32f10x_rtc.o
 .debug_frame   0x0000068c      0x1b8 Libraries\STM32F10x_StdPeriph_Driver\src\stm32f10x_spi.o
 .debug_frame   0x00000844      0x6c4 Libraries\STM32F10x_StdPeriph_Driver\src\stm32f10x_tim.o
 .debug_frame   0x00000f08      0x220 Libraries\STM32F10x_StdPeriph_Driver\src\stm32f10x_usart.o
 .debug_frame   0x00001128       0x90 src\calendar.o
 .debug_frame   0x000011b8      0x214 src\ipstk\Enc424J600NetworkP1.o
 .debug_frame   0x000013cc       0xe8 src\ipstk\dhcp.o
 .debug_frame   0x000014b4      0x4e0 src\ipstk\ip_arp_udp_tcp.o
 .debug_frame   0x00001994       0xd8 src\mac0control.o
 .debug_frame   0x00001a6c      0x148 src\mac1control.o
 .debug_frame   0x00001bb4       0x2c src\main.o
 .debug_frame   0x00001be0       0xb0 src\stm32f1xx_it.o
 .debug_frame   0x00001c90       0x4c src\sys_init.o
 .debug_frame   0x00001cdc       0x5c src\sys_spi.o
 .debug_frame   0x00001d38      0x154 src\sys_timer.o
 .debug_frame   0x00001e8c       0xa0 src\sys_usart.o
 .debug_frame   0x00001f2c      0x17c src\syscalls.o
 .debug_frame   0x000020a8       0x68 src\system_stm32f10x.o
 .debug_frame   0x00002110      0x170 src\tiny_printf.o
 .debug_frame   0x00002280      0x1e4 src\uip\Enc424J600NetworkP0.o
 .debug_frame   0x00002464       0x28 src\uip\clock-arch.o
 .debug_frame   0x0000248c      0x174 src\uip\dhcpc.o
 .debug_frame   0x00002600      0x1a4 src\uip\uip.o
 .debug_frame   0x000027a4       0xb0 src\uip\uip_arp.o
 .debug_frame   0x00002854       0x68 src\uip\uip_timer.o
 .debug_frame   0x000028bc       0x2c d:/tools/truestudio for arm 7.0.1/armtools/bin/../lib/gcc/arm-atollic-eabi/5.3.1/../../../../arm-atollic-eabi/lib/armv7-m\libc.a(lib_a-init.o)
 .debug_frame   0x000028e8       0x28 d:/tools/truestudio for arm 7.0.1/armtools/bin/../lib/gcc/arm-atollic-eabi/5.3.1/../../../../arm-atollic-eabi/lib/armv7-m\libc.a(lib_a-memcmp.o)
 .debug_frame   0x00002910       0x28 d:/tools/truestudio for arm 7.0.1/armtools/bin/../lib/gcc/arm-atollic-eabi/5.3.1/../../../../arm-atollic-eabi/lib/armv7-m\libc.a(lib_a-memcpy-stub.o)
 .debug_frame   0x00002938       0x20 d:/tools/truestudio for arm 7.0.1/armtools/bin/../lib/gcc/arm-atollic-eabi/5.3.1/../../../../arm-atollic-eabi/lib/armv7-m\libc.a(lib_a-memset.o)
 .debug_frame   0x00002958       0x44 d:/tools/truestudio for arm 7.0.1/armtools/bin/../lib/gcc/arm-atollic-eabi/5.3.1/../../../../arm-atollic-eabi/lib/armv7-m\libc.a(lib_a-rand.o)
 .debug_frame   0x0000299c       0x5c d:/tools/truestudio for arm 7.0.1/armtools/bin/../lib/gcc/arm-atollic-eabi/5.3.1/../../../../arm-atollic-eabi/lib/armv7-m\libc.a(lib_a-reent.o)
 .debug_frame   0x000029f8       0x60 d:/tools/truestudio for arm 7.0.1/armtools/bin/../lib/gcc/arm-atollic-eabi/5.3.1/../../../../arm-atollic-eabi/lib/armv7-m\libc.a(lib_a-freer.o)
 .debug_frame   0x00002a58       0x30 d:/tools/truestudio for arm 7.0.1/armtools/bin/../lib/gcc/arm-atollic-eabi/5.3.1/../../../../arm-atollic-eabi/lib/armv7-m\libc.a(lib_a-malloc.o)
 .debug_frame   0x00002a88       0x40 d:/tools/truestudio for arm 7.0.1/armtools/bin/../lib/gcc/arm-atollic-eabi/5.3.1/../../../../arm-atollic-eabi/lib/armv7-m\libc.a(lib_a-mallocr.o)
 .debug_frame   0x00002ac8       0x30 d:/tools/truestudio for arm 7.0.1/armtools/bin/../lib/gcc/arm-atollic-eabi/5.3.1/../../../../arm-atollic-eabi/lib/armv7-m\libc.a(lib_a-mlock.o)
 .debug_frame   0x00002af8       0x2c d:/tools/truestudio for arm 7.0.1/armtools/bin/../lib/gcc/arm-atollic-eabi/5.3.1/../../../../arm-atollic-eabi/lib/armv7-m\libc.a(lib_a-sbrkr.o)

Cross Reference Table

Symbol                                            File
ADC1_2_IRQHandler                                 src\startup_stm32f10x_md.o
ADC_AnalogWatchdogCmd                             Libraries\STM32F10x_StdPeriph_Driver\src\stm32f10x_adc.o
ADC_AnalogWatchdogSingleChannelConfig             Libraries\STM32F10x_StdPeriph_Driver\src\stm32f10x_adc.o
ADC_AnalogWatchdogThresholdsConfig                Libraries\STM32F10x_StdPeriph_Driver\src\stm32f10x_adc.o
ADC_AutoInjectedConvCmd                           Libraries\STM32F10x_StdPeriph_Driver\src\stm32f10x_adc.o
ADC_ClearFlag                                     Libraries\STM32F10x_StdPeriph_Driver\src\stm32f10x_adc.o
ADC_ClearITPendingBit                             Libraries\STM32F10x_StdPeriph_Driver\src\stm32f10x_adc.o
ADC_Cmd                                           Libraries\STM32F10x_StdPeriph_Driver\src\stm32f10x_adc.o
ADC_DMACmd                                        Libraries\STM32F10x_StdPeriph_Driver\src\stm32f10x_adc.o
ADC_DeInit                                        Libraries\STM32F10x_StdPeriph_Driver\src\stm32f10x_adc.o
ADC_DiscModeChannelCountConfig                    Libraries\STM32F10x_StdPeriph_Driver\src\stm32f10x_adc.o
ADC_DiscModeCmd                                   Libraries\STM32F10x_StdPeriph_Driver\src\stm32f10x_adc.o
ADC_ExternalTrigConvCmd                           Libraries\STM32F10x_StdPeriph_Driver\src\stm32f10x_adc.o
ADC_ExternalTrigInjectedConvCmd                   Libraries\STM32F10x_StdPeriph_Driver\src\stm32f10x_adc.o
ADC_ExternalTrigInjectedConvConfig                Libraries\STM32F10x_StdPeriph_Driver\src\stm32f10x_adc.o
ADC_GetCalibrationStatus                          Libraries\STM32F10x_StdPeriph_Driver\src\stm32f10x_adc.o
ADC_GetConversionValue                            Libraries\STM32F10x_StdPeriph_Driver\src\stm32f10x_adc.o
ADC_GetDualModeConversionValue                    Libraries\STM32F10x_StdPeriph_Driver\src\stm32f10x_adc.o
ADC_GetFlagStatus                                 Libraries\STM32F10x_StdPeriph_Driver\src\stm32f10x_adc.o
ADC_GetITStatus                                   Libraries\STM32F10x_StdPeriph_Driver\src\stm32f10x_adc.o
ADC_GetInjectedConversionValue                    Libraries\STM32F10x_StdPeriph_Driver\src\stm32f10x_adc.o
ADC_GetResetCalibrationStatus                     Libraries\STM32F10x_StdPeriph_Driver\src\stm32f10x_adc.o
ADC_GetSoftwareStartConvStatus                    Libraries\STM32F10x_StdPeriph_Driver\src\stm32f10x_adc.o
ADC_GetSoftwareStartInjectedConvCmdStatus         Libraries\STM32F10x_StdPeriph_Driver\src\stm32f10x_adc.o
ADC_ITConfig                                      Libraries\STM32F10x_StdPeriph_Driver\src\stm32f10x_adc.o
ADC_Init                                          Libraries\STM32F10x_StdPeriph_Driver\src\stm32f10x_adc.o
ADC_InjectedChannelConfig                         Libraries\STM32F10x_StdPeriph_Driver\src\stm32f10x_adc.o
ADC_InjectedDiscModeCmd                           Libraries\STM32F10x_StdPeriph_Driver\src\stm32f10x_adc.o
ADC_InjectedSequencerLengthConfig                 Libraries\STM32F10x_StdPeriph_Driver\src\stm32f10x_adc.o
ADC_RegularChannelConfig                          Libraries\STM32F10x_StdPeriph_Driver\src\stm32f10x_adc.o
ADC_ResetCalibration                              Libraries\STM32F10x_StdPeriph_Driver\src\stm32f10x_adc.o
ADC_SetInjectedOffset                             Libraries\STM32F10x_StdPeriph_Driver\src\stm32f10x_adc.o
ADC_SoftwareStartConvCmd                          Libraries\STM32F10x_StdPeriph_Driver\src\stm32f10x_adc.o
ADC_SoftwareStartInjectedConvCmd                  Libraries\STM32F10x_StdPeriph_Driver\src\stm32f10x_adc.o
ADC_StartCalibration                              Libraries\STM32F10x_StdPeriph_Driver\src\stm32f10x_adc.o
ADC_StructInit                                    Libraries\STM32F10x_StdPeriph_Driver\src\stm32f10x_adc.o
ADC_TempSensorVrefintCmd                          Libraries\STM32F10x_StdPeriph_Driver\src\stm32f10x_adc.o
AHBPrescTable                                     src\system_stm32f10x.o
BKP_ClearFlag                                     Libraries\STM32F10x_StdPeriph_Driver\src\stm32f10x_bkp.o
BKP_ClearITPendingBit                             Libraries\STM32F10x_StdPeriph_Driver\src\stm32f10x_bkp.o
BKP_DeInit                                        Libraries\STM32F10x_StdPeriph_Driver\src\stm32f10x_bkp.o
                                                  src\sys_timer.o
BKP_GetFlagStatus                                 Libraries\STM32F10x_StdPeriph_Driver\src\stm32f10x_bkp.o
BKP_GetITStatus                                   Libraries\STM32F10x_StdPeriph_Driver\src\stm32f10x_bkp.o
BKP_ITConfig                                      Libraries\STM32F10x_StdPeriph_Driver\src\stm32f10x_bkp.o
BKP_RTCOutputConfig                               Libraries\STM32F10x_StdPeriph_Driver\src\stm32f10x_bkp.o
BKP_ReadBackupRegister                            Libraries\STM32F10x_StdPeriph_Driver\src\stm32f10x_bkp.o
                                                  src\sys_timer.o
BKP_SetRTCCalibrationValue                        Libraries\STM32F10x_StdPeriph_Driver\src\stm32f10x_bkp.o
BKP_TamperPinCmd                                  Libraries\STM32F10x_StdPeriph_Driver\src\stm32f10x_bkp.o
BKP_TamperPinLevelConfig                          Libraries\STM32F10x_StdPeriph_Driver\src\stm32f10x_bkp.o
BKP_WriteBackupRegister                           Libraries\STM32F10x_StdPeriph_Driver\src\stm32f10x_bkp.o
                                                  src\sys_timer.o
BusFault_Handler                                  src\stm32f1xx_it.o
                                                  src\startup_stm32f10x_md.o
CAN1_RX1_IRQHandler                               src\startup_stm32f10x_md.o
CAN1_SCE_IRQHandler                               src\startup_stm32f10x_md.o
CAN_CancelTransmit                                Libraries\STM32F10x_StdPeriph_Driver\src\stm32f10x_can.o
CAN_ClearFlag                                     Libraries\STM32F10x_StdPeriph_Driver\src\stm32f10x_can.o
CAN_ClearITPendingBit                             Libraries\STM32F10x_StdPeriph_Driver\src\stm32f10x_can.o
CAN_DBGFreeze                                     Libraries\STM32F10x_StdPeriph_Driver\src\stm32f10x_can.o
CAN_DeInit                                        Libraries\STM32F10x_StdPeriph_Driver\src\stm32f10x_can.o
CAN_FIFORelease                                   Libraries\STM32F10x_StdPeriph_Driver\src\stm32f10x_can.o
CAN_FilterInit                                    Libraries\STM32F10x_StdPeriph_Driver\src\stm32f10x_can.o
CAN_GetFlagStatus                                 Libraries\STM32F10x_StdPeriph_Driver\src\stm32f10x_can.o
CAN_GetITStatus                                   Libraries\STM32F10x_StdPeriph_Driver\src\stm32f10x_can.o
CAN_GetLSBTransmitErrorCounter                    Libraries\STM32F10x_StdPeriph_Driver\src\stm32f10x_can.o
CAN_GetLastErrorCode                              Libraries\STM32F10x_StdPeriph_Driver\src\stm32f10x_can.o
CAN_GetReceiveErrorCounter                        Libraries\STM32F10x_StdPeriph_Driver\src\stm32f10x_can.o
CAN_ITConfig                                      Libraries\STM32F10x_StdPeriph_Driver\src\stm32f10x_can.o
CAN_Init                                          Libraries\STM32F10x_StdPeriph_Driver\src\stm32f10x_can.o
CAN_MessagePending                                Libraries\STM32F10x_StdPeriph_Driver\src\stm32f10x_can.o
CAN_OperatingModeRequest                          Libraries\STM32F10x_StdPeriph_Driver\src\stm32f10x_can.o
CAN_Receive                                       Libraries\STM32F10x_StdPeriph_Driver\src\stm32f10x_can.o
CAN_SlaveStartBank                                Libraries\STM32F10x_StdPeriph_Driver\src\stm32f10x_can.o
CAN_Sleep                                         Libraries\STM32F10x_StdPeriph_Driver\src\stm32f10x_can.o
CAN_StructInit                                    Libraries\STM32F10x_StdPeriph_Driver\src\stm32f10x_can.o
CAN_TTComModeCmd                                  Libraries\STM32F10x_StdPeriph_Driver\src\stm32f10x_can.o
CAN_Transmit                                      Libraries\STM32F10x_StdPeriph_Driver\src\stm32f10x_can.o
CAN_TransmitStatus                                Libraries\STM32F10x_StdPeriph_Driver\src\stm32f10x_can.o