Archive member included to satisfy reference by file (symbol)

d:/tools/truestudio for arm 7.0.1/armtools/bin/../lib/gcc/arm-atollic-eabi/5.3.1/../../../../arm-atollic-eabi/lib/armv7-m\libc.a(lib_a-init.o)
                              src\startup_stm32f10x_md.o (__libc_init_array)
d:/tools/truestudio for arm 7.0.1/armtools/bin/../lib/gcc/arm-atollic-eabi/5.3.1/../../../../arm-atollic-eabi/lib/armv7-m\libc.a(lib_a-memcmp.o)
                              src\uip\dhcpc.o (memcmp)
d:/tools/truestudio for arm 7.0.1/armtools/bin/../lib/gcc/arm-atollic-eabi/5.3.1/../../../../arm-atollic-eabi/lib/armv7-m\libc.a(lib_a-memcpy-stub.o)
                              src\uip\dhcpc.o (memcpy)
d:/tools/truestudio for arm 7.0.1/armtools/bin/../lib/gcc/arm-atollic-eabi/5.3.1/../../../../arm-atollic-eabi/lib/armv7-m\libc.a(lib_a-memset.o)
                              src\ipstk\dhcp.o (memset)
d:/tools/truestudio for arm 7.0.1/armtools/bin/../lib/gcc/arm-atollic-eabi/5.3.1/../../../../arm-atollic-eabi/lib/armv7-m\libc.a(lib_a-rand.o)
                              src\ipstk\dhcp.o (srand)
d:/tools/truestudio for arm 7.0.1/armtools/bin/../lib/gcc/arm-atollic-eabi/5.3.1/../../../../arm-atollic-eabi/lib/armv7-m\libc.a(lib_a-reent.o)
                              src\syscalls.o (errno)
d:/tools/truestudio for arm 7.0.1/armtools/bin/../lib/gcc/arm-atollic-eabi/5.3.1/../../../../arm-atollic-eabi/lib/armv7-m\libc.a(lib_a-strlen.o)
                              src\ipstk\ip_arp_udp_tcp.o (strlen)
d:/tools/truestudio for arm 7.0.1/armtools/bin/../lib/gcc/arm-atollic-eabi/5.3.1/../../../../arm-atollic-eabi/lib/armv7-m\libc.a(lib_a-strncmp.o)
                              src\ipstk\ip_arp_udp_tcp.o (strncmp)
d:/tools/truestudio for arm 7.0.1/armtools/bin/../lib/gcc/arm-atollic-eabi/5.3.1/../../../../arm-atollic-eabi/lib/armv7-m\libc.a(lib_a-freer.o)
                              d:/tools/truestudio for arm 7.0.1/armtools/bin/../lib/gcc/arm-atollic-eabi/5.3.1/../../../../arm-atollic-eabi/lib/armv7-m\libc.a(lib_a-reent.o) (_free_r)
d:/tools/truestudio for arm 7.0.1/armtools/bin/../lib/gcc/arm-atollic-eabi/5.3.1/../../../../arm-atollic-eabi/lib/armv7-m\libc.a(lib_a-impure.o)
                              d:/tools/truestudio for arm 7.0.1/armtools/bin/../lib/gcc/arm-atollic-eabi/5.3.1/../../../../arm-atollic-eabi/lib/armv7-m\libc.a(lib_a-rand.o) (_impure_ptr)
d:/tools/truestudio for arm 7.0.1/armtools/bin/../lib/gcc/arm-atollic-eabi/5.3.1/../../../../arm-atollic-eabi/lib/armv7-m\libc.a(lib_a-malloc.o)
                              d:/tools/truestudio for arm 7.0.1/armtools/bin/../lib/gcc/arm-atollic-eabi/5.3.1/../../../../arm-atollic-eabi/lib/armv7-m\libc.a(lib_a-rand.o) (malloc)
d:/tools/truestudio for arm 7.0.1/armtools/bin/../lib/gcc/arm-atollic-eabi/5.3.1/../../../../arm-atollic-eabi/lib/armv7-m\libc.a(lib_a-mallocr.o)
                              d:/tools/truestudio for arm 7.0.1/armtools/bin/../lib/gcc/arm-atollic-eabi/5.3.1/../../../../arm-atollic-eabi/lib/armv7-m\libc.a(lib_a-malloc.o) (_malloc_r)
d:/tools/truestudio for arm 7.0.1/armtools/bin/../lib/gcc/arm-atollic-eabi/5.3.1/../../../../arm-atollic-eabi/lib/armv7-m\libc.a(lib_a-mlock.o)
                              d:/tools/truestudio for arm 7.0.1/armtools/bin/../lib/gcc/arm-atollic-eabi/5.3.1/../../../../arm-atollic-eabi/lib/armv7-m\libc.a(lib_a-freer.o) (__malloc_lock)
d:/tools/truestudio for arm 7.0.1/armtools/bin/../lib/gcc/arm-atollic-eabi/5.3.1/../../../../arm-atollic-eabi/lib/armv7-m\libc.a(lib_a-sbrkr.o)
                              d:/tools/truestudio for arm 7.0.1/armtools/bin/../lib/gcc/arm-atollic-eabi/5.3.1/../../../../arm-atollic-eabi/lib/armv7-m\libc.a(lib_a-freer.o) (_sbrk_r)
d:/tools/truestudio for arm 7.0.1/armtools/bin/../lib/gcc/arm-atollic-eabi/5.3.1/armv7-m\libgcc.a(_arm_addsubsf3.o)
                              src\mac0control.o (__aeabi_fsub)
d:/tools/truestudio for arm 7.0.1/armtools/bin/../lib/gcc/arm-atollic-eabi/5.3.1/armv7-m\libgcc.a(_arm_muldivsf3.o)
                              src\mac0control.o (__aeabi_fmul)
d:/tools/truestudio for arm 7.0.1/armtools/bin/../lib/gcc/arm-atollic-eabi/5.3.1/armv7-m\libgcc.a(_arm_cmpsf2.o)
                              src\mac0control.o (__aeabi_fcmplt)
d:/tools/truestudio for arm 7.0.1/armtools/bin/../lib/gcc/arm-atollic-eabi/5.3.1/armv7-m\libgcc.a(_arm_fixunssfsi.o)
                              src\mac0control.o (__aeabi_f2uiz)

Allocating common symbols
Common symbol       size              file

uip_len             0x2               src\uip\uip.o
current_date        0x8               src\calendar.o
errno               0x4               d:/tools/truestudio for arm 7.0.1/armtools/bin/../lib/gcc/arm-atollic-eabi/5.3.1/../../../../arm-atollic-eabi/lib/armv7-m\libc.a(lib_a-reent.o)
num_str             0x14              src\sys_usart.o
bacidaddr           0x2               src\sys_usart.o
uip_sappdata        0x4               src\uip\uip.o
[...]
Memory Configuration

Name             Origin             Length             Attributes
FLASH            0x08000000         0x00010000         xr
RAM              0x20000000         0x00005000         xrw
MEMORY_B1        0x60000000         0x00000000         xr
*default*        0x00000000         0xffffffff

Linker script and memory map

LOAD d:/tools/truestudio for arm 7.0.1/armtools/bin/../lib/gcc/arm-atollic-eabi/5.3.1/armv7-m/crti.o
LOAD d:/tools/truestudio for arm 7.0.1/armtools/bin/../lib/gcc/arm-atollic-eabi/5.3.1/armv7-m/crtbegin.o
LOAD Libraries\STM32F10x_StdPeriph_Driver\src\misc.o
LOAD Libraries\STM32F10x_StdPeriph_Driver\src\stm32f10x_adc.o
LOAD Libraries\STM32F10x_StdPeriph_Driver\src\stm32f10x_bkp.o
LOAD Libraries\STM32F10x_StdPeriph_Driver\src\stm32f10x_can.o
LOAD Libraries\STM32F10x_StdPeriph_Driver\src\stm32f10x_cec.o
LOAD Libraries\STM32F10x_StdPeriph_Driver\src\stm32f10x_crc.o
LOAD Libraries\STM32F10x_StdPeriph_Driver\src\stm32f10x_dac.o
LOAD Libraries\STM32F10x_StdPeriph_Driver\src\stm32f10x_dbgmcu.o
LOAD Libraries\STM32F10x_StdPeriph_Driver\src\stm32f10x_dma.o
LOAD Libraries\STM32F10x_StdPeriph_Driver\src\stm32f10x_exti.o
LOAD Libraries\STM32F10x_StdPeriph_Driver\src\stm32f10x_flash.o
LOAD Libraries\STM32F10x_StdPeriph_Driver\src\stm32f10x_fsmc.o
LOAD Libraries\STM32F10x_StdPeriph_Driver\src\stm32f10x_gpio.o
LOAD Libraries\STM32F10x_StdPeriph_Driver\src\stm32f10x_i2c.o
LOAD Libraries\STM32F10x_StdPeriph_Driver\src\stm32f10x_iwdg.o
LOAD Libraries\STM32F10x_StdPeriph_Driver\src\stm32f10x_pwr.o
LOAD Libraries\STM32F10x_StdPeriph_Driver\src\stm32f10x_rcc.o
LOAD Libraries\STM32F10x_StdPeriph_Driver\src\stm32f10x_rtc.o
LOAD Libraries\STM32F10x_StdPeriph_Driver\src\stm32f10x_sdio.o
LOAD Libraries\STM32F10x_StdPeriph_Driver\src\stm32f10x_spi.o
LOAD Libraries\STM32F10x_StdPeriph_Driver\src\stm32f10x_tim.o
LOAD Libraries\STM32F10x_StdPeriph_Driver\src\stm32f10x_usart.o
LOAD Libraries\STM32F10x_StdPeriph_Driver\src\stm32f10x_wwdg.o
LOAD src\calendar.o
LOAD src\ipstk\Enc424J600NetworkP1.o
LOAD src\ipstk\dhcp.o
LOAD src\ipstk\ip_arp_udp_tcp.o
LOAD src\mac0control.o
LOAD src\mac1control.o
LOAD src\main.o
LOAD src\startup_stm32f10x_md.o
LOAD src\stm32f1xx_it.o
LOAD src\sys_init.o
LOAD src\sys_spi.o
LOAD src\sys_timer.o
LOAD src\sys_usart.o
LOAD src\syscalls.o
LOAD src\system_stm32f10x.o
LOAD src\tiny_printf.o
LOAD src\uip\Enc424J600NetworkP0.o
LOAD src\uip\clock-arch.o
LOAD src\uip\dhcpc.o
LOAD src\uip\uip.o
LOAD src\uip\uip_arp.o
LOAD src\uip\uip_timer.o
START GROUP
LOAD d:/tools/truestudio for arm 7.0.1/armtools/bin/../lib/gcc/arm-atollic-eabi/5.3.1/../../../../arm-atollic-eabi/lib/armv7-m\libc.a
LOAD d:/tools/truestudio for arm 7.0.1/armtools/bin/../lib/gcc/arm-atollic-eabi/5.3.1/../../../../arm-atollic-eabi/lib/armv7-m\libm.a
END GROUP
                0x00000080                malloc_getpagesize_P = 0x80
START GROUP
LOAD d:/tools/truestudio for arm 7.0.1/armtools/bin/../lib/gcc/arm-atollic-eabi/5.3.1/armv7-m\libgcc.a
LOAD d:/tools/truestudio for arm 7.0.1/armtools/bin/../lib/gcc/arm-atollic-eabi/5.3.1/../../../../arm-atollic-eabi/lib/armv7-m\libc.a
END GROUP
START GROUP
LOAD d:/tools/truestudio for arm 7.0.1/armtools/bin/../lib/gcc/arm-atollic-eabi/5.3.1/armv7-m\libgcc.a
LOAD d:/tools/truestudio for arm 7.0.1/armtools/bin/../lib/gcc/arm-atollic-eabi/5.3.1/../../../../arm-atollic-eabi/lib/armv7-m\libc.a
LOAD d:/tools/truestudio for arm 7.0.1/armtools/bin/../lib/gcc/arm-atollic-eabi/5.3.1/../../../../arm-atollic-eabi/lib/armv7-m\libnosys.a
END GROUP
LOAD d:/tools/truestudio for arm 7.0.1/armtools/bin/../lib/gcc/arm-atollic-eabi/5.3.1/armv7-m/crtend.o
LOAD d:/tools/truestudio for arm 7.0.1/armtools/bin/../lib/gcc/arm-atollic-eabi/5.3.1/armv7-m/crtn.o
                0x20005000                _estack = 0x20005000
                0x00000000                _Min_Heap_Size = 0x0
                0x00000100                _Min_Stack_Size = 0x100

.isr_vector     0x08000000      0x10c
                0x08000000                . = ALIGN (0x4)
 *(.isr_vector)
 .isr_vector    0x08000000      0x10c src\startup_stm32f10x_md.o
                0x08000000                g_pfnVectors
                0x0800010c                . = ALIGN (0x4)

.text           0x0800010c     0x683c
                0x0800010c                . = ALIGN (0x4)
 *(.text)
 .text          0x0800010c       0x40 d:/tools/truestudio for arm 7.0.1/armtools/bin/../lib/gcc/arm-atollic-eabi/5.3.1/armv7-m/crtbegin.o
 .text          0x0800014c       0x10 d:/tools/truestudio for arm 7.0.1/armtools/bin/../lib/gcc/arm-atollic-eabi/5.3.1/../../../../arm-atollic-eabi/lib/armv7-m\libc.a(lib_a-strlen.o)
                0x0800014c                strlen
 .text          0x0800015c      0x21c d:/tools/truestudio for arm 7.0.1/armtools/bin/../lib/gcc/arm-atollic-eabi/5.3.1/armv7-m\libgcc.a(_arm_addsubsf3.o)
                0x0800015c                __aeabi_frsub
                0x08000164                __subsf3
                0x08000164                __aeabi_fsub
                0x08000168                __aeabi_fadd
                0x08000168                __addsf3
                0x080002c8                __aeabi_ui2f
                0x080002c8                __floatunsisf
                0x080002d0                __aeabi_i2f
                0x080002d0                __floatsisf
                0x080002ec                __aeabi_ul2f
                0x080002ec                __floatundisf
                0x080002fc                __aeabi_l2f
                0x080002fc                __floatdisf
 .text          0x08000378      0x2a0 d:/tools/truestudio for arm 7.0.1/armtools/bin/../lib/gcc/arm-atollic-eabi/5.3.1/armv7-m\libgcc.a(_arm_muldivsf3.o)
                0x08000378                __mulsf3
                0x08000378                __aeabi_fmul
                0x080004e0                __aeabi_fdiv
                0x080004e0                __divsf3
 .text          0x08000618       0xec d:/tools/truestudio for arm 7.0.1/armtools/bin/../lib/gcc/arm-atollic-eabi/5.3.1/armv7-m\libgcc.a(_arm_cmpsf2.o)
                0x08000618                __gesf2
                0x08000618                __gtsf2
                0x08000620                __lesf2
                0x08000620                __ltsf2
                0x08000628                __nesf2
                0x08000628                __eqsf2
                0x08000628                __cmpsf2
                0x08000688                __aeabi_cfrcmple
                0x08000690                __aeabi_cfcmpeq
                0x08000690                __aeabi_cfcmple
                0x080006a0                __aeabi_fcmpeq
                0x080006b4                __aeabi_fcmplt
                0x080006c8                __aeabi_fcmple
                0x080006dc                __aeabi_fcmpge
                0x080006f0                __aeabi_fcmpgt
 .text          0x08000704       0x40 d:/tools/truestudio for arm 7.0.1/armtools/bin/../lib/gcc/arm-atollic-eabi/5.3.1/armv7-m\libgcc.a(_arm_fixunssfsi.o)
                0x08000704                __fixunssfsi
                0x08000704                __aeabi_f2uiz
 *(.text*)
 .text.NVIC_Init
                0x08000744       0x64 Libraries\STM32F10x_StdPeriph_Driver\src\misc.o
                0x08000744                NVIC_Init
 .text.BKP_DeInit
                0x080007a8       0x10 Libraries\STM32F10x_StdPeriph_Driver\src\stm32f10x_bkp.o
                0x080007a8                BKP_DeInit
 .text.BKP_WriteBackupRegister
                0x080007b8       0x1c Libraries\STM32F10x_StdPeriph_Driver\src\stm32f10x_bkp.o
                0x080007b8                BKP_WriteBackupRegister
 .text.BKP_ReadBackupRegister
                0x080007d4       0x20 Libraries\STM32F10x_StdPeriph_Driver\src\stm32f10x_bkp.o
                0x080007d4                BKP_ReadBackupRegister
 .text.GPIO_Init
                0x080007f4       0x9c Libraries\STM32F10x_StdPeriph_Driver\src\stm32f10x_gpio.o
                0x080007f4                GPIO_Init
 .text.GPIO_ReadInputDataBit
                0x08000890       0x10 Libraries\STM32F10x_StdPeriph_Driver\src\stm32f10x_gpio.o
                0x08000890                GPIO_ReadInputDataBit
 .text.GPIO_SetBits
                0x080008a0        0x4 Libraries\STM32F10x_StdPeriph_Driver\src\stm32f10x_gpio.o
                0x080008a0                GPIO_SetBits
 .text.GPIO_ResetBits
                0x080008a4        0x4 Libraries\STM32F10x_StdPeriph_Driver\src\stm32f10x_gpio.o
                0x080008a4                GPIO_ResetBits
 .text.GPIO_WriteBit
                0x080008a8        0xc Libraries\STM32F10x_StdPeriph_Driver\src\stm32f10x_gpio.o
                0x080008a8                GPIO_WriteBit
 .text.PWR_BackupAccessCmd
                0x080008b4        0xc Libraries\STM32F10x_StdPeriph_Driver\src\stm32f10x_pwr.o
                0x080008b4                PWR_BackupAccessCmd
 .text.RCC_LSEConfig
                0x080008c0       0x28 Libraries\STM32F10x_StdPeriph_Driver\src\stm32f10x_rcc.o
                0x080008c0                RCC_LSEConfig
 .text.RCC_RTCCLKConfig
                0x080008e8       0x10 Libraries\STM32F10x_StdPeriph_Driver\src\stm32f10x_rcc.o
                0x080008e8                RCC_RTCCLKConfig
 .text.RCC_RTCCLKCmd
                0x080008f8        0xc Libraries\STM32F10x_StdPeriph_Driver\src\stm32f10x_rcc.o
                0x080008f8                RCC_RTCCLKCmd
 .text.RCC_GetClocksFreq
                0x08000904       0xbc Libraries\STM32F10x_StdPeriph_Driver\src\stm32f10x_rcc.o
                0x08000904                RCC_GetClocksFreq
 .text.RCC_APB2PeriphClockCmd
                0x080009c0       0x1c Libraries\STM32F10x_StdPeriph_Driver\src\stm32f10x_rcc.o
                0x080009c0                RCC_APB2PeriphClockCmd
 .text.RCC_APB1PeriphClockCmd
                0x080009dc       0x1c Libraries\STM32F10x_StdPeriph_Driver\src\stm32f10x_rcc.o
                0x080009dc                RCC_APB1PeriphClockCmd
 .text.RCC_BackupResetCmd
                0x080009f8        0xc Libraries\STM32F10x_StdPeriph_Driver\src\stm32f10x_rcc.o
                0x080009f8                RCC_BackupResetCmd
 .text.RCC_GetFlagStatus
                0x08000a04       0x34 Libraries\STM32F10x_StdPeriph_Driver\src\stm32f10x_rcc.o
                0x08000a04                RCC_GetFlagStatus
 .text.RCC_ClearFlag
                0x08000a38       0x10 Libraries\STM32F10x_StdPeriph_Driver\src\stm32f10x_rcc.o
                0x08000a38                RCC_ClearFlag
 .text.RTC_ITConfig
                0x08000a48       0x20 Libraries\STM32F10x_StdPeriph_Driver\src\stm32f10x_rtc.o
                0x08000a48                RTC_ITConfig
 .text.RTC_EnterConfigMode
                0x08000a68       0x14 Libraries\STM32F10x_StdPeriph_Driver\src\stm32f10x_rtc.o
                0x08000a68                RTC_EnterConfigMode
 .text.RTC_ExitConfigMode
                0x08000a7c       0x14 Libraries\STM32F10x_StdPeriph_Driver\src\stm32f10x_rtc.o
                0x08000a7c                RTC_ExitConfigMode
 .text.RTC_GetCounter
                0x08000a90       0x28 Libraries\STM32F10x_StdPeriph_Driver\src\stm32f10x_rtc.o
                0x08000a90                RTC_GetCounter
 .text.RTC_SetCounter
                0x08000ab8       0x1c Libraries\STM32F10x_StdPeriph_Driver\src\stm32f10x_rtc.o
                0x08000ab8                RTC_SetCounter
 .text.RTC_SetPrescaler
                0x08000ad4       0x20 Libraries\STM32F10x_StdPeriph_Driver\src\stm32f10x_rtc.o
                0x08000ad4                RTC_SetPrescaler
 .text.RTC_WaitForLastTask
                0x08000af4       0x14 Libraries\STM32F10x_StdPeriph_Driver\src\stm32f10x_rtc.o
                0x08000af4                RTC_WaitForLastTask
 .text.RTC_WaitForSynchro
                0x08000b08       0x24 Libraries\STM32F10x_StdPeriph_Driver\src\stm32f10x_rtc.o
                0x08000b08                RTC_WaitForSynchro
 .text.SPI_Init
                0x08000b2c       0x4c Libraries\STM32F10x_StdPeriph_Driver\src\stm32f10x_spi.o
                0x08000b2c                SPI_Init
 .text.SPI_Cmd  0x08000b78       0x1c Libraries\STM32F10x_StdPeriph_Driver\src\stm32f10x_spi.o
                0x08000b78                SPI_Cmd
 .text.TIM_TimeBaseInit
                0x08000b94       0x94 Libraries\STM32F10x_StdPeriph_Driver\src\stm32f10x_tim.o
                0x08000b94                TIM_TimeBaseInit
 .text.TIM_Cmd  0x08000c28       0x1c Libraries\STM32F10x_StdPeriph_Driver\src\stm32f10x_tim.o
                0x08000c28                TIM_Cmd
 .text.TIM_ITConfig
                0x08000c44       0x18 Libraries\STM32F10x_StdPeriph_Driver\src\stm32f10x_tim.o
                0x08000c44                TIM_ITConfig
 .text.TIM_GetITStatus
                0x08000c5c       0x18 Libraries\STM32F10x_StdPeriph_Driver\src\stm32f10x_tim.o
                0x08000c5c                TIM_GetITStatus
 .text.TIM_ClearITPendingBit
                0x08000c74        0x8 Libraries\STM32F10x_StdPeriph_Driver\src\stm32f10x_tim.o
                0x08000c74                TIM_ClearITPendingBit
 .text.USART_Init
                0x08000c7c       0xc8 Libraries\STM32F10x_StdPeriph_Driver\src\stm32f10x_usart.o
                0x08000c7c                USART_Init
 .text.USART_Cmd
                0x08000d44       0x1c Libraries\STM32F10x_StdPeriph_Driver\src\stm32f10x_usart.o
                0x08000d44                USART_Cmd
 .text.USART_SendData
                0x08000d60        0x8 Libraries\STM32F10x_StdPeriph_Driver\src\stm32f10x_usart.o
                0x08000d60                USART_SendData
 .text.USART_ReceiveData
                0x08000d68        0x8 Libraries\STM32F10x_StdPeriph_Driver\src\stm32f10x_usart.o
                0x08000d68                USART_ReceiveData
 .text.USART_GetFlagStatus
                0x08000d70       0x10 Libraries\STM32F10x_StdPeriph_Driver\src\stm32f10x_usart.o
                0x08000d70                USART_GetFlagStatus
 .text.check_for_leap_year
                0x08000d80       0x40 src\calendar.o
                0x08000d80                check_for_leap_year
 .text.get_RTC  0x08000dc0      0x114 src\calendar.o
                0x08000dc0                get_RTC
 .text.set_RTC  0x08000ed4       0xb8 src\calendar.o
                0x08000ed4                set_RTC
 .text.display_date
                0x08000f8c       0x50 src\calendar.o
                0x08000f8c                display_date
 .text.SPISend  0x08000fdc       0x38 src\ipstk\Enc424J600NetworkP1.o
 .text.enc_readOp
                0x08001014       0x40 src\ipstk\Enc424J600NetworkP1.o
 .text.enc_writeOp
                0x08001054       0x40 src\ipstk\Enc424J600NetworkP1.o
 .text.enc_SBI  0x08001094       0x24 src\ipstk\Enc424J600NetworkP1.o
 .text.enc_setBank
                0x080010b8       0x48 src\ipstk\Enc424J600NetworkP1.o
 .text.readControlRegister
                0x08001100       0x24 src\ipstk\Enc424J600NetworkP1.o
 .text.readControlRegister16
                0x08001124       0x24 src\ipstk\Enc424J600NetworkP1.o
 .text.writeBitField
                0x08001148       0x24 src\ipstk\Enc424J600NetworkP1.o
 .text.writeControlRegister16
                0x0800116c       0x3c src\ipstk\Enc424J600NetworkP1.o
 .text.writeControlRegister
                0x080011a8       0x24 src\ipstk\Enc424J600NetworkP1.o
 .text.writePointer
                0x080011cc       0x34 src\ipstk\Enc424J600NetworkP1.o
 .text.readBuffer
                0x08001200       0x38 src\ipstk\Enc424J600NetworkP1.o
 .text.writeBuffer
                0x08001238       0x38 src\ipstk\Enc424J600NetworkP1.o
 .text.Enc424J600Network_initP1
                0x08001270       0xe0 src\ipstk\Enc424J600NetworkP1.o
                0x08001270                Enc424J600Network_initP1
 .text.enc424j600PacketReceiveP1
                0x08001350       0xa8 src\ipstk\Enc424J600NetworkP1.o
                0x08001350                enc424j600PacketReceiveP1
 .text.enc424j600PacketSendP1
                0x080013f8       0x44 src\ipstk\Enc424J600NetworkP1.o
                0x080013f8                enc424j600PacketSendP1
 .text.addToBuf
                0x0800143c       0x10 src\ipstk\dhcp.o
 .text.dhcp_state
                0x0800144c       0x3c src\ipstk\dhcp.o
                0x0800144c                dhcp_state
 .text.dhcp_send
                0x08001488      0x1ac src\ipstk\dhcp.o
                0x08001488                dhcp_send
 .text.dhcp_start
                0x08001634       0xb4 src\ipstk\dhcp.o
                0x08001634                dhcp_start
 .text.dhcp_request_ip
                0x080016e8       0x14 src\ipstk\dhcp.o
                0x080016e8                dhcp_request_ip
 .text.have_dhcpoffer
                0x080016fc       0xac src\ipstk\dhcp.o
                0x080016fc                have_dhcpoffer
 .text.have_dhcpack
                0x080017a8       0x1c src\ipstk\dhcp.o
                0x080017a8                have_dhcpack
 .text.check_for_dhcp_answer
                0x080017c4       0x60 src\ipstk\dhcp.o
                0x080017c4                check_for_dhcp_answer
 .text.checksum
                0x08001824       0x48 src\ipstk\ip_arp_udp_tcp.o
                0x08001824                checksum
 .text.init_ip_arp_udp_tcp
                0x0800186c       0x44 src\ipstk\ip_arp_udp_tcp.o
                0x0800186c                init_ip_arp_udp_tcp
 .text.check_ip_message_is_from
                0x080018b0       0x24 src\ipstk\ip_arp_udp_tcp.o
                0x080018b0                check_ip_message_is_from
 .text.eth_type_is_arp_and_my_ip
                0x080018d4       0x44 src\ipstk\ip_arp_udp_tcp.o
                0x080018d4                eth_type_is_arp_and_my_ip
 .text.eth_type_is_ip_and_my_ip
                0x08001918       0x4c src\ipstk\ip_arp_udp_tcp.o
                0x08001918                eth_type_is_ip_and_my_ip
 .text.make_eth
                0x08001964       0x20 src\ipstk\ip_arp_udp_tcp.o
                0x08001964                make_eth
 .text.fill_ip_hdr_checksum
                0x08001984       0x24 src\ipstk\ip_arp_udp_tcp.o
                0x08001984                fill_ip_hdr_checksum
 .text.make_ip  0x080019a8       0x2c src\ipstk\ip_arp_udp_tcp.o
                0x080019a8                make_ip
 .text.step_seq
                0x080019d4       0x30 src\ipstk\ip_arp_udp_tcp.o
                0x080019d4                step_seq
 .text.make_tcphead
                0x08001a04       0x3c src\ipstk\ip_arp_udp_tcp.o
                0x08001a04                make_tcphead
 .text.make_arp_answer_from_request
                0x08001a40       0x5c src\ipstk\ip_arp_udp_tcp.o
                0x08001a40                make_arp_answer_from_request
 .text.make_echo_reply_from_request
                0x08001a9c       0x38 src\ipstk\ip_arp_udp_tcp.o
                0x08001a9c                make_echo_reply_from_request
 .text.make_tcp_synack_from_syn
                0x08001ad4       0x88 src\ipstk\ip_arp_udp_tcp.o
                0x08001ad4                make_tcp_synack_from_syn
 .text.get_tcp_data_len
                0x08001b5c       0x24 src\ipstk\ip_arp_udp_tcp.o
                0x08001b5c                get_tcp_data_len
 .text.make_tcp_ack_from_any
                0x08001b80       0x6c src\ipstk\ip_arp_udp_tcp.o
                0x08001b80                make_tcp_ack_from_any
 .text.make_tcp_ack_with_data_noflags
                0x08001bec       0x48 src\ipstk\ip_arp_udp_tcp.o
                0x08001bec                make_tcp_ack_with_data_noflags
 .text.fill_buf_p
                0x08001c34       0x14 src\ipstk\ip_arp_udp_tcp.o
                0x08001c34                fill_buf_p
 .text.send_udp_prepare
                0x08001c48       0x9c src\ipstk\ip_arp_udp_tcp.o
                0x08001c48                send_udp_prepare
 .text.send_udp_transmit
                0x08001ce4       0x50 src\ipstk\ip_arp_udp_tcp.o
                0x08001ce4                send_udp_transmit
 .text.client_arp_whohas
                0x08001d34       0x90 src\ipstk\ip_arp_udp_tcp.o
                0x08001d34                client_arp_whohas
 .text.client_store_gw_mac
                0x08001dc4       0x40 src\ipstk\ip_arp_udp_tcp.o
                0x08001dc4                client_store_gw_mac
 .text.client_set_gwip
                0x08001e04       0x2c src\ipstk\ip_arp_udp_tcp.o
                0x08001e04                client_set_gwip
 .text.client_syn
                0x08001e30      0x11c src\ipstk\ip_arp_udp_tcp.o
                0x08001e30                client_syn
 .text.packetloop_icmp_tcp
                0x08001f4c      0x410 src\ipstk\ip_arp_udp_tcp.o
                0x08001f4c                packetloop_icmp_tcp
 .text.uipclient_appcall
                0x0800235c       0x9c src\mac0control.o
                0x0800235c                uipclient_appcall
 .text.uipudp_appcall
                0x080023f8       0x20 src\mac0control.o
                0x080023f8                uipudp_appcall
 .text.mac0_tick
                0x08002418      0x120 src\mac0control.o
                0x08002418                mac0_tick
 .text.connect  0x08002538       0x84 src\mac0control.o
                0x08002538                connect
 .text.update_timestamp
                0x080025bc       0xcc src\mac0control.o
                0x080025bc                update_timestamp
 .text.mac0_init
                0x08002688      0x138 src\mac0control.o
                0x08002688                mac0_init
 .text.build_bac_tcp_pkt
                0x080027c0      0x494 src\mac0control.o
                0x080027c0                build_bac_tcp_pkt
 .text.mac0_service
                0x08002c54      0x1a4 src\mac0control.o
                0x08002c54                mac0_service
 .text.allocateIPAddress
                0x08002df8       0xc0 src\mac1control.o
                0x08002df8                allocateIPAddress
 .text.process_bacnet_reply
                0x08002eb8      0x230 src\mac1control.o
                0x08002eb8                process_bacnet_reply
 .text.mac1_tick
                0x080030e8       0x3c src\mac1control.o
                0x080030e8                mac1_tick
 .text.mac1_init
                0x08003124      0x114 src\mac1control.o
                0x08003124                mac1_init
 .text.bacnet_whois
                0x08003238       0xd4 src\mac1control.o
                0x08003238                bacnet_whois
 .text.GetBacInstNum
                0x0800330c        0xc src\mac1control.o
                0x0800330c                GetBacInstNum
 .text.GetBacInstNuma
                0x08003318        0xc src\mac1control.o
                0x08003318                GetBacInstNuma
 .text.retrdpcount
                0x08003324        0x4 src\mac1control.o
                0x08003324                retrdpcount
 .text.retrdpacount
                0x08003328        0x4 src\mac1control.o
                0x08003328                retrdpacount
 .text.retrdpval
                0x0800332c        0xc src\mac1control.o
                0x0800332c                retrdpval
 .text.retrdpaval
                0x08003338        0xc src\mac1control.o
                0x08003338                retrdpaval
 .text.bacnet_read_prop
                0x08003344       0xb8 src\mac1control.o
                0x08003344                bacnet_read_prop
 .text.mac1_service
                0x080033fc       0xe8 src\mac1control.o
                0x080033fc                mac1_service
 .text.main     0x080034e4      0x114 src\main.o
                0x080034e4                main
 .text.Reset_Handler
                0x080035f8       0x50 src\startup_stm32f10x_md.o
                0x080035f8                Reset_Handler
 .text.Default_Handler
                0x08003648        0x2 src\startup_stm32f10x_md.o
                0x08003648                EXTI2_IRQHandler
                0x08003648                TIM1_CC_IRQHandler
                0x08003648                PVD_IRQHandler
                0x08003648                EXTI3_IRQHandler
                0x08003648                EXTI0_IRQHandler
                0x08003648                I2C2_EV_IRQHandler
                0x08003648                ADC1_2_IRQHandler
                0x08003648                SPI1_IRQHandler
                0x08003648                TAMPER_IRQHandler
                0x08003648                DMA1_Channel4_IRQHandler
                0x08003648                RTC_IRQHandler
                0x08003648                DMA1_Channel7_IRQHandler
                0x08003648                CAN1_RX1_IRQHandler
                0x08003648                TIM4_IRQHandler
                0x08003648                I2C1_EV_IRQHandler
                0x08003648                DMA1_Channel6_IRQHandler
                0x08003648                TIM3_IRQHandler
                0x08003648                RCC_IRQHandler
                0x08003648                TIM1_TRG_COM_IRQHandler
                0x08003648                DMA1_Channel1_IRQHandler
                0x08003648                Default_Handler
                0x08003648                EXTI15_10_IRQHandler
                0x08003648                EXTI9_5_IRQHandler
                0x08003648                SPI2_IRQHandler
                0x08003648                DMA1_Channel5_IRQHandler
                0x08003648                EXTI4_IRQHandler
                0x08003648                USB_LP_CAN1_RX0_IRQHandler
                0x08003648                USB_HP_CAN1_TX_IRQHandler
                0x08003648                DMA1_Channel3_IRQHandler
                0x08003648                TIM1_UP_IRQHandler
                0x08003648                WWDG_IRQHandler
                0x08003648                TIM1_BRK_IRQHandler
                0x08003648                EXTI1_IRQHandler
                0x08003648                RTCAlarm_IRQHandler
                0x08003648                USART2_IRQHandler
                0x08003648                I2C2_ER_IRQHandler
                0x08003648                DMA1_Channel2_IRQHandler
                0x08003648                CAN1_SCE_IRQHandler
                0x08003648                FLASH_IRQHandler
                0x08003648                I2C1_ER_IRQHandler
                0x08003648                USBWakeUp_IRQHandler
 *fill*         0x0800364a        0x2 
 .text.NMI_Handler
                0x0800364c       0x10 src\stm32f1xx_it.o
                0x0800364c                NMI_Handler
 .text.HardFault_Handler
                0x0800365c       0x10 src\stm32f1xx_it.o
                0x0800365c                HardFault_Handler
 .text.MemManage_Handler
                0x0800366c        0x4 src\stm32f1xx_it.o
                0x0800366c                MemManage_Handler
 .text.BusFault_Handler
                0x08003670        0x4 src\stm32f1xx_it.o
                0x08003670                BusFault_Handler
 .text.UsageFault_Handler
                0x08003674        0x4 src\stm32f1xx_it.o
                0x08003674                UsageFault_Handler
 .text.SVC_Handler
                0x08003678        0x4 src\stm32f1xx_it.o
                0x08003678                SVC_Handler
 .text.DebugMon_Handler
                0x0800367c        0x4 src\stm32f1xx_it.o
                0x0800367c                DebugMon_Handler
 .text.PendSV_Handler
                0x08003680        0x4 src\stm32f1xx_it.o
                0x08003680                PendSV_Handler
 .text.SysTick_Handler
                0x08003684        0x4 src\stm32f1xx_it.o
                0x08003684                SysTick_Handler
 .text.myGPIO_Init
                0x08003688       0xc0 src\sys_init.o
                0x08003688                myGPIO_Init
 .text.sys_init
                0x08003748       0x24 src\sys_init.o
                0x08003748                sys_init
 .text.mySPI2_Init
                0x0800376c       0xdc src\sys_spi.o
                0x0800376c                mySPI2_Init
 .text.mySPI1_Init
                0x08003848       0xcc src\sys_spi.o
                0x08003848                mySPI1_Init
 .text.sys_timer_init
                0x08003914       0x74 src\sys_timer.o
                0x08003914                sys_timer_init
 .text.Sys_GetTick
                0x08003988        0xc src\sys_timer.o
                0x08003988                Sys_GetTick
 .text.Sys_Delay
                0x08003994       0x18 src\sys_timer.o
                0x08003994                Sys_Delay
 .text.delayMicroseconds
                0x080039ac       0x18 src\sys_timer.o
                0x080039ac                delayMicroseconds
 .text.TIM2_IRQHandler
                0x080039c4       0x48 src\sys_timer.o
                0x080039c4                TIM2_IRQHandler
 .text.RTC_Configuration
                0x08003a0c       0x58 src\sys_timer.o
                0x08003a0c                RTC_Configuration
 .text.USART_Scanf
                0x08003a64       0xd0 src\sys_timer.o
                0x08003a64                USART_Scanf
 .text.Time_Regulate
                0x08003b34       0xe0 src\sys_timer.o
                0x08003b34                Time_Regulate
 .text.Time_Adjust
                0x08003c14       0x18 src\sys_timer.o
                0x08003c14                Time_Adjust
 .text.RTC_Init
                0x08003c2c       0x80 src\sys_timer.o
                0x08003c2c                RTC_Init
 .text.myUSART3_Init
                0x08003cac       0x94 src\sys_usart.o
                0x08003cac                myUSART3_Init
 .text.USART1_IRQHandler
                0x08003d40        0x4 src\sys_usart.o
                0x08003d40                USART1_IRQHandler
 .text.myUSART1_Init
                0x08003d44       0x94 src\sys_usart.o
                0x08003d44                myUSART1_Init
 .text.USART3_IRQHandler
                0x08003dd8        0x4 src\sys_usart.o
                0x08003dd8                USART3_IRQHandler
 .text.USART1_Send
                0x08003ddc       0x20 src\sys_usart.o
                0x08003ddc                USART1_Send
 .text.toString
                0x08003dfc       0x28 src\sys_usart.o
                0x08003dfc                toString
 .text.WaitForPkt
                0x08003e24       0xc8 src\sys_usart.o
                0x08003e24                WaitForPkt
 .text.GetCfg   0x08003eec      0x18c src\sys_usart.o
                0x08003eec                GetCfg
 .text.SetCfg   0x08004078       0x30 src\sys_usart.o
                0x08004078                SetCfg
 .text.SetCfgSrv
                0x080040a8       0x30 src\sys_usart.o
                0x080040a8                SetCfgSrv
 .text._sbrk    0x080040d8       0x20 src\syscalls.o
                0x080040d8                _sbrk
 .text._write   0x080040f8       0x1c src\syscalls.o
                0x080040f8                _write
 .text.SetSysClockTo72
                0x08004114       0xc4 src\system_stm32f10x.o
 .text.SetSysClock
                0x080041d8        0x8 src\system_stm32f10x.o
 .text.SystemInit
                0x080041e0       0x50 src\system_stm32f10x.o
                0x080041e0                SystemInit
 .text.ts_itoa  0x08004230       0x44 src\tiny_printf.o
                0x08004230                ts_itoa
 .text.ts_formatstring
                0x08004274       0xd0 src\tiny_printf.o
                0x08004274                ts_formatstring
 .text.ts_formatlength
                0x08004344       0x80 src\tiny_printf.o
                0x08004344                ts_formatlength
 .text.iprintf  0x080043c4       0x48 src\tiny_printf.o
                0x080043c4                iprintf
                0x080043c4                printf
 .text.puts     0x0800440c       0x38 src\tiny_printf.o
                0x0800440c                puts
 .text.SPISend  0x08004444       0x38 src\uip\Enc424J600NetworkP0.o
 .text.enc_readOp
                0x0800447c       0x44 src\uip\Enc424J600NetworkP0.o
 .text.enc_writeOp
                0x080044c0       0x44 src\uip\Enc424J600NetworkP0.o
 .text.enc_SBI  0x08004504       0x28 src\uip\Enc424J600NetworkP0.o
 .text.enc_setBank
                0x0800452c       0x48 src\uip\Enc424J600NetworkP0.o
 .text.readControlRegister
                0x08004574       0x24 src\uip\Enc424J600NetworkP0.o
 .text.readControlRegister16
                0x08004598       0x24 src\uip\Enc424J600NetworkP0.o
 .text.writeBitField
                0x080045bc       0x24 src\uip\Enc424J600NetworkP0.o
 .text.writeControlRegister16
                0x080045e0       0x3c src\uip\Enc424J600NetworkP0.o
 .text.writeControlRegister
                0x0800461c       0x24 src\uip\Enc424J600NetworkP0.o
 .text.writePointer
                0x08004640       0x38 src\uip\Enc424J600NetworkP0.o
 .text.readBuffer
                0x08004678       0x3c src\uip\Enc424J600NetworkP0.o
 .text.writeBuffer
                0x080046b4       0x3c src\uip\Enc424J600NetworkP0.o
 .text.Enc424J600Network_initP0
                0x080046f0       0xd8 src\uip\Enc424J600NetworkP0.o
                0x080046f0                Enc424J600Network_initP0
 .text.enc424j600PacketReceiveP0
                0x080047c8       0xa8 src\uip\Enc424J600NetworkP0.o
                0x080047c8                enc424j600PacketReceiveP0
 .text.enc424j600PacketSendP0
                0x08004870       0x44 src\uip\Enc424J600NetworkP0.o
                0x08004870                enc424j600PacketSendP0
 .text.clock_time
                0x080048b4        0x8 src\uip\clock-arch.o
                0x080048b4                clock_time
 .text.add_msg_type
                0x080048bc       0x10 src\uip\dhcpc.o
 .text.add_server_id
                0x080048cc       0x1c src\uip\dhcpc.o
 .text.add_req_options
                0x080048e8       0x18 src\uip\dhcpc.o
 .text.add_end  0x08004900        0x8 src\uip\dhcpc.o
 .text.add_req_ipaddr
                0x08004908       0x1c src\uip\dhcpc.o
 .text.parse_options
                0x08004924       0x78 src\uip\dhcpc.o
 .text.create_msg
                0x0800499c       0xc4 src\uip\dhcpc.o
 .text.send_request
                0x08004a60       0x34 src\uip\dhcpc.o
 .text.send_discover
                0x08004a94       0x44 src\uip\dhcpc.o
 .text.parse_msg
                0x08004ad8       0x58 src\uip\dhcpc.o
 .text.dhcp_getip
                0x08004b30      0x15c src\uip\dhcpc.o
                0x08004b30                dhcp_getip
 .text.handle_dhcp
                0x08004c8c       0x70 src\uip\dhcpc.o
                0x08004c8c                handle_dhcp
 .text.dhcpc_init
                0x08004cfc       0x38 src\uip\dhcpc.o
                0x08004cfc                dhcpc_init
 .text.dhcpc_appcall
                0x08004d34        0x8 src\uip\dhcpc.o
                0x08004d34                dhcpc_appcall
 .text.chksum   0x08004d3c       0x3c src\uip\uip.o
 .text.uip_add32
                0x08004d78       0x5c src\uip\uip.o
                0x08004d78                uip_add32
 .text.uip_add_rcv_nxt
                0x08004dd4       0x30 src\uip\uip.o
 .text.uip_init
                0x08004e04       0x7c src\uip\uip.o
                0x08004e04                uip_init
 .text.htons    0x08004e80        0xc src\uip\uip.o
                0x08004e80                htons
 .text.uip_ipchksum
                0x08004e8c       0x20 src\uip\uip.o
                0x08004e8c                uip_ipchksum
 .text.upper_layer_chksum
                0x08004eac       0x3c src\uip\uip.o
 .text.uip_tcpchksum
                0x08004ee8        0xc src\uip\uip.o
                0x08004ee8                uip_tcpchksum
 .text.uip_udpchksum
                0x08004ef4        0xc src\uip\uip.o
                0x08004ef4                uip_udpchksum
 .text.uip_process
                0x08004f00      0xc5c src\uip\uip.o
                0x08004f00                uip_process
 .text.uip_connect
                0x08005b5c       0xec src\uip\uip.o
                0x08005b5c                uip_connect
 .text.uip_udp_new
                0x08005c48       0xa8 src\uip\uip.o
                0x08005c48                uip_udp_new
 .text.uip_send
                0x08005cf0       0x28 src\uip\uip.o
                0x08005cf0                uip_send
 .text.uip_arp_update
                0x08005d18      0x104 src\uip\uip_arp.o
 .text.uip_arp_init
                0x08005e1c       0x2c src\uip\uip_arp.o
                0x08005e1c                uip_arp_init
 .text.uip_arp_timer
                0x08005e48       0x60 src\uip\uip_arp.o
                0x08005e48                uip_arp_timer
 .text.uip_arp_ipin
                0x08005ea8       0x50 src\uip\uip_arp.o
                0x08005ea8                uip_arp_ipin
 .text.uip_arp_arpin
                0x08005ef8       0xe0 src\uip\uip_arp.o
                0x08005ef8                uip_arp_arpin
 .text.uip_arp_out
                0x08005fd8      0x160 src\uip\uip_arp.o
                0x08005fd8                uip_arp_out
 .text.uip_timer_set
                0x08006138       0x10 src\uip\uip_timer.o
                0x08006138                uip_timer_set
 .text.__libc_init_array
                0x08006148       0x4c d:/tools/truestudio for arm 7.0.1/armtools/bin/../lib/gcc/arm-atollic-eabi/5.3.1/../../../../arm-atollic-eabi/lib/armv7-m\libc.a(lib_a-init.o)
                0x08006148                __libc_init_array
 .text.memcmp   0x08006194       0x1e d:/tools/truestudio for arm 7.0.1/armtools/bin/../lib/gcc/arm-atollic-eabi/5.3.1/../../../../arm-atollic-eabi/lib/armv7-m\libc.a(lib_a-memcmp.o)
                0x08006194                memcmp
 .text.memcpy   0x080061b2       0x16 d:/tools/truestudio for arm 7.0.1/armtools/bin/../lib/gcc/arm-atollic-eabi/5.3.1/../../../../arm-atollic-eabi/lib/armv7-m\libc.a(lib_a-memcpy-stub.o)
                0x080061b2                memcpy
 .text.memset   0x080061c8       0x10 d:/tools/truestudio for arm 7.0.1/armtools/bin/../lib/gcc/arm-atollic-eabi/5.3.1/../../../../arm-atollic-eabi/lib/armv7-m\libc.a(lib_a-memset.o)
                0x080061c8                memset
 .text.srand    0x080061d8       0x50 d:/tools/truestudio for arm 7.0.1/armtools/bin/../lib/gcc/arm-atollic-eabi/5.3.1/../../../../arm-atollic-eabi/lib/armv7-m\libc.a(lib_a-rand.o)
                0x080061d8                srand
 .text.rand     0x08006228       0x74 d:/tools/truestudio for arm 7.0.1/armtools/bin/../lib/gcc/arm-atollic-eabi/5.3.1/../../../../arm-atollic-eabi/lib/armv7-m\libc.a(lib_a-rand.o)
                0x08006228                rand
 .text._malloc_trim_r
                0x0800629c       0xac d:/tools/truestudio for arm 7.0.1/armtools/bin/../lib/gcc/arm-atollic-eabi/5.3.1/../../../../arm-atollic-eabi/lib/armv7-m\libc.a(lib_a-freer.o)
                0x0800629c                _malloc_trim_r
 .text._free_r  0x08006348      0x17c d:/tools/truestudio for arm 7.0.1/armtools/bin/../lib/gcc/arm-atollic-eabi/5.3.1/../../../../arm-atollic-eabi/lib/armv7-m\libc.a(lib_a-freer.o)
                0x08006348                _free_r
 .text.malloc   0x080064c4       0x10 d:/tools/truestudio for arm 7.0.1/armtools/bin/../lib/gcc/arm-atollic-eabi/5.3.1/../../../../arm-atollic-eabi/lib/armv7-m\libc.a(lib_a-malloc.o)
                0x080064c4                malloc
 .text._malloc_r
                0x080064d4      0x438 d:/tools/truestudio for arm 7.0.1/armtools/bin/../lib/gcc/arm-atollic-eabi/5.3.1/../../../../arm-atollic-eabi/lib/armv7-m\libc.a(lib_a-mallocr.o)
                0x080064d4                _malloc_r
 .text.__malloc_lock
                0x0800690c        0x2 d:/tools/truestudio for arm 7.0.1/armtools/bin/../lib/gcc/arm-atollic-eabi/5.3.1/../../../../arm-atollic-eabi/lib/armv7-m\libc.a(lib_a-mlock.o)
                0x0800690c                __malloc_lock
 .text.__malloc_unlock
                0x0800690e        0x2 d:/tools/truestudio for arm 7.0.1/armtools/bin/../lib/gcc/arm-atollic-eabi/5.3.1/../../../../arm-atollic-eabi/lib/armv7-m\libc.a(lib_a-mlock.o)
                0x0800690e                __malloc_unlock
 .text._sbrk_r  0x08006910       0x20 d:/tools/truestudio for arm 7.0.1/armtools/bin/../lib/gcc/arm-atollic-eabi/5.3.1/../../../../arm-atollic-eabi/lib/armv7-m\libc.a(lib_a-sbrkr.o)
                0x08006910                _sbrk_r
 *(.glue_7)
 .glue_7        0x08006930        0x0 linker stubs
 *(.glue_7t)
 .glue_7t       0x08006930        0x0 linker stubs
 *(.eh_frame)
 .eh_frame      0x08006930        0x0 d:/tools/truestudio for arm 7.0.1/armtools/bin/../lib/gcc/arm-atollic-eabi/5.3.1/armv7-m/crtbegin.o
 *(.init)
 .init          0x08006930        0x4 d:/tools/truestudio for arm 7.0.1/armtools/bin/../lib/gcc/arm-atollic-eabi/5.3.1/armv7-m/crti.o
                0x08006930                _init
 .init          0x08006934        0x8 d:/tools/truestudio for arm 7.0.1/armtools/bin/../lib/gcc/arm-atollic-eabi/5.3.1/armv7-m/crtn.o
 *(.fini)
 .fini          0x0800693c        0x4 d:/tools/truestudio for arm 7.0.1/armtools/bin/../lib/gcc/arm-atollic-eabi/5.3.1/armv7-m/crti.o
                0x0800693c                _fini
 .fini          0x08006940        0x8 d:/tools/truestudio for arm 7.0.1/armtools/bin/../lib/gcc/arm-atollic-eabi/5.3.1/armv7-m/crtn.o
                0x08006948                . = ALIGN (0x4)
                0x08006948                _etext = .

.vfp11_veneer   0x08006948        0x0
 .vfp11_veneer  0x08006948        0x0 linker stubs

.v4_bx          0x08006948        0x0
 .v4_bx         0x08006948        0x0 linker stubs

.iplt           0x08006948        0x0
 .iplt          0x08006948        0x0 d:/tools/truestudio for arm 7.0.1/armtools/bin/../lib/gcc/arm-atollic-eabi/5.3.1/armv7-m/crtbegin.o

.rodata         0x08006948      0x9f8
                0x08006948                . = ALIGN (0x4)
 *(.rodata)
 .rodata        0x08006948       0xec src\mac0control.o
 .rodata        0x08006a34       0x33 src\mac1control.o
 *(.rodata*)
 *fill*         0x08006a67        0x1 
 .rodata.month_table
                0x08006a68        0xc src\calendar.o
                0x08006a68                month_table
 .rodata.str1.4
                0x08006a74        0xf src\calendar.o
 *fill*         0x08006a83        0x1 
 .rodata.str1.4
                0x08006a84      0x1a7 src\ipstk\ip_arp_udp_tcp.o
                                0x1af (size before relaxing)
 *fill*         0x08006c2b        0x1 
 .rodata.iphdr  0x08006c2c        0x9 src\ipstk\ip_arp_udp_tcp.o
                0x08006c2c                iphdr
 *fill*         0x08006c35        0x3 
 .rodata.arpreqhdr
                0x08006c38        0x8 src\ipstk\ip_arp_udp_tcp.o
                0x08006c38                arpreqhdr
 .rodata.str1.4
                0x08006c40      0x1a9 src\mac0control.o
                                0x1c5 (size before relaxing)
 *fill*         0x08006de9        0x3 
 .rodata.str1.4
                0x08006dec      0x187 src\mac1control.o
                                0x1a3 (size before relaxing)
 *fill*         0x08006f73        0x1 
 .rodata.str1.4
                0x08006f74       0x5c src\main.o
 .rodata.str1.4
                0x08006fd0       0x16 src\stm32f1xx_it.o
 *fill*         0x08006fe6        0x2 
 .rodata.str1.4
                0x08006fe8      0x1d8 src\sys_timer.o
 .rodata.str1.4
                0x080071c0       0xa4 src\sys_usart.o
 .rodata.str1.4
                0x08007264       0xa4 src\tiny_printf.o
                                  0x2 (size before relaxing)
 .rodata.xid    0x08007264        0x4 src\uip\dhcpc.o
 .rodata.hstname
                0x08007268       0x20 src\uip\dhcpc.o
                0x08007268                hstname
 .rodata.magic_cookie
                0x08007288        0x4 src\uip\dhcpc.o
 .rodata.str1.4
                0x0800728c       0xac src\uip\dhcpc.o
                                 0xaa (size before relaxing)
 .rodata.broadcast_ethaddr
                0x08007338        0x6 src\uip\uip_arp.o
 .rodata.str1.1
                0x0800733e        0x2 d:/tools/truestudio for arm 7.0.1/armtools/bin/../lib/gcc/arm-atollic-eabi/5.3.1/../../../../arm-atollic-eabi/lib/armv7-m\libc.a(lib_a-impure.o)
                0x08007340                . = ALIGN (0x4)

.rel.dyn        0x08007340        0x0
 .rel.iplt      0x08007340        0x0 d:/tools/truestudio for arm 7.0.1/armtools/bin/../lib/gcc/arm-atollic-eabi/5.3.1/armv7-m/crtbegin.o

.ARM.extab
 *(.ARM.extab* .gnu.linkonce.armextab.*)

.ARM            0x08007340        0x0
                0x08007340                __exidx_start = .
 *(.ARM.exidx*)
                0x08007340                __exidx_end = .

.preinit_array  0x08007340        0x0
                0x08007340                PROVIDE (__preinit_array_start, .)
 *(.preinit_array*)
                0x08007340                PROVIDE (__preinit_array_end, .)

.init_array     0x08007340        0x4
                0x08007340                PROVIDE (__init_array_start, .)
 *(SORT(.init_array.*))
 *(.init_array*)
 .init_array    0x08007340        0x4 d:/tools/truestudio for arm 7.0.1/armtools/bin/../lib/gcc/arm-atollic-eabi/5.3.1/armv7-m/crtbegin.o
                0x08007344                PROVIDE (__init_array_end, .)

.fini_array     0x08007344        0x4
                [!provide]                PROVIDE (__fini_array_start, .)
 *(SORT(.fini_array.*))
 *(.fini_array*)
 .fini_array    0x08007344        0x4 d:/tools/truestudio for arm 7.0.1/armtools/bin/../lib/gcc/arm-atollic-eabi/5.3.1/armv7-m/crtbegin.o
                [!provide]                PROVIDE (__fini_array_end, .)
                0x08007348                _sidata = LOADADDR (.data)

.data           0x20000000      0xb60 load address 0x08007348
                0x20000000                . = ALIGN (0x4)
                0x20000000                _sdata = .
 *(.data)
 *(.data*)
 .data.ADCPrescTable
                0x20000000        0x4 Libraries\STM32F10x_StdPeriph_Driver\src\stm32f10x_rcc.o
 .data.APBAHBPrescTable
                0x20000004       0x10 Libraries\STM32F10x_StdPeriph_Driver\src\stm32f10x_rcc.o
 .data.cal_date
                0x20000014        0x1 src\calendar.o
                0x20000014                cal_date
 *fill*         0x20000015        0x1 
 .data.cal_year
                0x20000016        0x2 src\calendar.o
                0x20000016                cal_year
 .data.cal_month
                0x20000018        0x1 src\calendar.o
                0x20000018                cal_month
 *fill*         0x20000019        0x3 
 .data.hostname
                0x2000001c        0xc src\ipstk\dhcp.o
 .data.delaycnt
                0x20000028        0x2 src\ipstk\ip_arp_udp_tcp.o
 .data.tcpclient_src_port_l
                0x2000002a        0x1 src\ipstk\ip_arp_udp_tcp.o
 .data.seqnum   0x2000002b        0x1 src\ipstk\ip_arp_udp_tcp.o
 .data.wwwport_l
                0x2000002c        0x1 src\ipstk\ip_arp_udp_tcp.o
 .data.waitgwmac
                0x2000002d        0x1 src\ipstk\ip_arp_udp_tcp.o
 *fill*         0x2000002e        0x2 
 .data.macaddr0
                0x20000030        0x6 src\mac0control.o
                0x20000030                macaddr0
 *fill*         0x20000036        0x2 
 .data.tcp_svr_ip
                0x20000038        0x4 src\mac0control.o
                0x20000038                tcp_svr_ip
 .data.bacpktf  0x2000003c       0xb4 src\mac0control.o
                0x2000003c                bacpktf
 .data.bacpkt   0x200000f0       0xb3 src\mac0control.o
                0x200000f0                bacpkt
 *fill*         0x200001a3        0x1 
 .data.tcp_srv_port
                0x200001a4        0x2 src\mac0control.o
                0x200001a4                tcp_srv_port
 *fill*         0x200001a6        0x2 
 .data.tstpkt0  0x200001a8      0x12c src\mac0control.o
                0x200001a8                tstpkt0
 .data.tstpkt1  0x200002d4      0x12c src\mac0control.o
                0x200002d4                tstpkt1
 .data.trail    0x20000400       0x6c src\mac0control.o
                0x20000400                trail
 .data.tstreg   0x2000046c      0x10a src\mac0control.o
                0x2000046c                tstreg
 *fill*         0x20000576        0x2 
 .data.readprop_desc
                0x20000578       0x74 src\mac0control.o
                0x20000578                readprop_desc
 .data.readpropa_desc
                0x200005ec       0x10 src\mac0control.o
                0x200005ec                readpropa_desc
 .data.readprop_list
                0x200005fc       0x3a src\mac1control.o
                0x200005fc                readprop_list
 .data.bacid    0x20000636        0x2 src\mac1control.o
                0x20000636                bacid
 .data.macaddr1
                0x20000638        0x6 src\mac1control.o
                0x20000638                macaddr1
 .data.myport   0x2000063e        0x2 src\mac1control.o
                0x2000063e                myport
 .data.bacidset
                0x20000640        0x2 src\mac1control.o
                0x20000640                bacidset
 *fill*         0x20000642        0x2 
 .data.gwip     0x20000644        0x4 src\mac1control.o
                0x20000644                gwip
 .data.dnsip    0x20000648        0x4 src\mac1control.o
                0x20000648                dnsip
 .data.readpropa_list
                0x2000064c        0x8 src\mac1control.o
                0x2000064c                readpropa_list
 .data.myip     0x20000654        0x4 src\mac1control.o
                0x20000654                myip
 .data.sport    0x20000658        0x2 src\mac1control.o
                0x20000658                sport
 .data.dport    0x2000065a        0x2 src\mac1control.o
                0x2000065a                dport
 .data.impure_data
                0x2000065c       0xf0 d:/tools/truestudio for arm 7.0.1/armtools/bin/../lib/gcc/arm-atollic-eabi/5.3.1/../../../../arm-atollic-eabi/lib/armv7-m\libc.a(lib_a-impure.o)
 .data._impure_ptr
                0x2000074c        0x4 d:/tools/truestudio for arm 7.0.1/armtools/bin/../lib/gcc/arm-atollic-eabi/5.3.1/../../../../arm-atollic-eabi/lib/armv7-m\libc.a(lib_a-impure.o)
                0x2000074c                _impure_ptr
 .data.__malloc_av_
                0x20000750      0x408 d:/tools/truestudio for arm 7.0.1/armtools/bin/../lib/gcc/arm-atollic-eabi/5.3.1/../../../../arm-atollic-eabi/lib/armv7-m\libc.a(lib_a-mallocr.o)
                0x20000750                __malloc_av_
 .data.__malloc_trim_threshold
                0x20000b58        0x4 d:/tools/truestudio for arm 7.0.1/armtools/bin/../lib/gcc/arm-atollic-eabi/5.3.1/../../../../arm-atollic-eabi/lib/armv7-m\libc.a(lib_a-mallocr.o)
                0x20000b58                __malloc_trim_threshold
 .data.__malloc_sbrk_base
                0x20000b5c        0x4 d:/tools/truestudio for arm 7.0.1/armtools/bin/../lib/gcc/arm-atollic-eabi/5.3.1/../../../../arm-atollic-eabi/lib/armv7-m\libc.a(lib_a-mallocr.o)
                0x20000b5c                __malloc_sbrk_base
                0x20000b60                . = ALIGN (0x4)
                0x20000b60                _edata = .

.igot.plt       0x20000b60        0x0 load address 0x08007ea8
 .igot.plt      0x20000b60        0x0 d:/tools/truestudio for arm 7.0.1/armtools/bin/../lib/gcc/arm-atollic-eabi/5.3.1/armv7-m/crtbegin.o
                0x20000b60                . = ALIGN (0x4)

.bss            0x20000b60      0xefc load address 0x08007ea8
                0x20000b60                _sbss = .
                0x20000b60                __bss_start__ = _sbss
 *(.bss)
 .bss           0x20000b60       0x1c d:/tools/truestudio for arm 7.0.1/armtools/bin/../lib/gcc/arm-atollic-eabi/5.3.1/armv7-m/crtbegin.o
 *(.bss*)
 .bss.cal_hour  0x20000b7c        0x1 src\calendar.o
                0x20000b7c                cal_hour
 *fill*         0x20000b7d        0x1 
 .bss.day_count.7583
                0x20000b7e        0x2 src\calendar.o
 .bss.cal_second
                0x20000b80        0x1 src\calendar.o
                0x20000b80                cal_second
 .bss.cal_minute
                0x20000b81        0x1 src\calendar.o
                0x20000b81                cal_minute
 .bss.nextPacketPtr
                0x20000b82        0x2 src\ipstk\Enc424J600NetworkP1.o
 .bss.bank      0x20000b84        0x1 src\ipstk\Enc424J600NetworkP1.o
 *fill*         0x20000b85        0x3 
 .bss.macaddr   0x20000b88        0x4 src\ipstk\dhcp.o
 .bss.bufPtr    0x20000b8c        0x4 src\ipstk\dhcp.o
 .bss.currentXid
                0x20000b90        0x4 src\ipstk\dhcp.o
                0x20000b90                currentXid
 .bss.leaseStart
                0x20000b94        0x4 src\ipstk\dhcp.o
 .bss.currentSecs
                0x20000b98        0x2 src\ipstk\dhcp.o
                0x20000b98                currentSecs
 .bss.dhcpState
                0x20000b9a        0x1 src\ipstk\dhcp.o
 *fill*         0x20000b9b        0x1 
 .bss.leaseTime
                0x20000b9c        0x4 src\ipstk\dhcp.o
 .bss.dhcptid_l
                0x20000ba0        0x1 src\ipstk\dhcp.o
 *fill*         0x20000ba1        0x3 
 .bss.tcpsrvip  0x20000ba4        0x4 src\ipstk\ip_arp_udp_tcp.o
 .bss.client_tcp_datafill_callback
                0x20000ba8        0x4 src\ipstk\ip_arp_udp_tcp.o
 .bss.client_tcp_result_callback
                0x20000bac        0x4 src\ipstk\ip_arp_udp_tcp.o
 .bss.info_data_len
                0x20000bb0        0x2 src\ipstk\ip_arp_udp_tcp.o
 .bss.wwwport_h
                0x20000bb2        0x1 src\ipstk\ip_arp_udp_tcp.o
 *fill*         0x20000bb3        0x1 
 .bss.ipaddr    0x20000bb4        0x4 src\ipstk\ip_arp_udp_tcp.o
 .bss.bufptr    0x20000bb8        0x4 src\ipstk\ip_arp_udp_tcp.o
 .bss.icmp_callback
                0x20000bbc        0x4 src\ipstk\ip_arp_udp_tcp.o
 .bss.gwip      0x20000bc0        0x4 src\ipstk\ip_arp_udp_tcp.o
 .bss.tcp_client_port_l
                0x20000bc4        0x1 src\ipstk\ip_arp_udp_tcp.o
 .bss.tcp_client_state
                0x20000bc5        0x1 src\ipstk\ip_arp_udp_tcp.o
 .bss.tcp_fd    0x20000bc6        0x1 src\ipstk\ip_arp_udp_tcp.o
 .bss.tcp_client_port_h
                0x20000bc7        0x1 src\ipstk\ip_arp_udp_tcp.o
 .bss.gwmacaddr
                0x20000bc8        0x6 src\ipstk\ip_arp_udp_tcp.o
 .bss.bacpktsize
                0x20000bce        0x2 src\mac0control.o
                0x20000bce                bacpktsize
 .bss.app_timeout
                0x20000bd0        0x4 src\mac0control.o
                0x20000bd0                app_timeout
 .bss.tcp_app_state
                0x20000bd4        0x1 src\mac0control.o
                0x20000bd4                tcp_app_state
 .bss.dhcp_acquired
                0x20000bd5        0x1 src\mac0control.o
                0x20000bd5                dhcp_acquired
 *fill*         0x20000bd6        0x2 
 .bss.bac_timeout
                0x20000bd8        0x4 src\mac1control.o
                0x20000bd8                bac_timeout
 .bss.bac_binval
                0x20000bdc       0x1d src\mac1control.o
                0x20000bdc                bac_binval
 *fill*         0x20000bf9        0x1 
 .bss.set_bacnet_bin_alarm
                0x20000bfa        0x2 src\mac1control.o
                0x20000bfa                set_bacnet_bin_alarm
 .bss.set_bacnet_bin_alarm_active
                0x20000bfc        0x2 src\mac1control.o
                0x20000bfc                set_bacnet_bin_alarm_active
 .bss.mac1_pkt_cntr
                0x20000bfe        0x2 src\mac1control.o
                0x20000bfe                mac1_pkt_cntr
 .bss.bacdev_ip
                0x20000c00        0x4 src\mac1control.o
                0x20000c00                bacdev_ip
 .bss.led1      0x20000c04        0x1 src\sys_timer.o
                0x20000c04                led1
 *fill*         0x20000c05        0x3 
 .bss.systick   0x20000c08        0x4 src\sys_timer.o
                0x20000c08                systick
 .bss.srvipaddr
                0x20000c0c        0x4 src\sys_usart.o
                0x20000c0c                srvipaddr
 .bss.srcipaddr
                0x20000c10        0x4 src\sys_usart.o
                0x20000c10                srcipaddr
 .bss.srvportaddr
                0x20000c14        0x2 src\sys_usart.o
                0x20000c14                srvportaddr
 *fill*         0x20000c16        0x2 
 .bss.heap_end.8323
                0x20000c18        0x4 src\syscalls.o
 .bss.nextPacketPtr
                0x20000c1c        0x2 src\uip\Enc424J600NetworkP0.o
 .bss.bank      0x20000c1e        0x1 src\uip\Enc424J600NetworkP0.o
 *fill*         0x20000c1f        0x1 
 .bss.s         0x20000c20       0x34 src\uip\dhcpc.o
 .bss.tmp16     0x20000c54        0x2 src\uip\uip.o
 .bss.ipid      0x20000c56        0x2 src\uip\uip.o
 .bss.iss       0x20000c58        0x4 src\uip\uip.o
 .bss.lastport  0x20000c5c        0x2 src\uip\uip.o
 .bss.c         0x20000c5e        0x1 src\uip\uip.o
 *fill*         0x20000c5f        0x1 
 .bss.uip_ethaddr
                0x20000c60        0x6 src\uip\uip.o
                0x20000c60                uip_ethaddr
 .bss.i         0x20000c66        0x1 src\uip\uip_arp.o
 .bss.tmpage    0x20000c67        0x1 src\uip\uip_arp.o
 .bss.arp_table
                0x20000c68       0x60 src\uip\uip_arp.o
 .bss.c         0x20000cc8        0x1 src\uip\uip_arp.o
 .bss.arptime   0x20000cc9        0x1 src\uip\uip_arp.o
 *fill*         0x20000cca        0x2 
 .bss.ipaddr    0x20000ccc        0x4 src\uip\uip_arp.o
 .bss.__malloc_max_total_mem
                0x20000cd0        0x4 d:/tools/truestudio for arm 7.0.1/armtools/bin/../lib/gcc/arm-atollic-eabi/5.3.1/../../../../arm-atollic-eabi/lib/armv7-m\libc.a(lib_a-mallocr.o)
                0x20000cd0                __malloc_max_total_mem
 .bss.__malloc_max_sbrked_mem
                0x20000cd4        0x4 d:/tools/truestudio for arm 7.0.1/armtools/bin/../lib/gcc/arm-atollic-eabi/5.3.1/../../../../arm-atollic-eabi/lib/armv7-m\libc.a(lib_a-mallocr.o)
                0x20000cd4                __malloc_max_sbrked_mem
 .bss.__malloc_top_pad
                0x20000cd8        0x4 d:/tools/truestudio for arm 7.0.1/armtools/bin/../lib/gcc/arm-atollic-eabi/5.3.1/../../../../arm-atollic-eabi/lib/armv7-m\libc.a(lib_a-mallocr.o)
                0x20000cd8                __malloc_top_pad
 .bss.__malloc_current_mallinfo
                0x20000cdc       0x28 d:/tools/truestudio for arm 7.0.1/armtools/bin/../lib/gcc/arm-atollic-eabi/5.3.1/../../../../arm-atollic-eabi/lib/armv7-m\libc.a(lib_a-mallocr.o)
                0x20000cdc                __malloc_current_mallinfo
 *(COMMON)
 COMMON         0x20000d04        0x8 src\calendar.o
                0x20000d04                current_date
 COMMON         0x20000d0c       0x14 src\ipstk\dhcp.o
                0x20000d0c                dnsserver
                0x20000d10                dhcpip
                0x20000d14                dhcpserver
                0x20000d18                gwaddr
                0x20000d1c                dhcpmask
 COMMON         0x20000d20        0x6 src\ipstk\ip_arp_udp_tcp.o
                0x20000d20                macaddr
 *fill*         0x20000d26        0x2 
 COMMON         0x20000d28      0x3f2 src\mac0control.o
                0x20000d28                pktcount
                0x20000d2c                periodic_timer
                0x20000d30                tcp_buf
                0x20001118                pkt_in_len
 *fill*         0x2000111a        0x2 
 COMMON         0x2000111c      0x434 src\mac1control.o
                0x2000111c                plen
                0x20001120                buf1
                0x20001509                invokeid
                0x2000150c                dip
                0x20001510                bac_anaval
                0x20001520                dhcpsvrip
                0x20001524                dhcp_up
                0x20001525                bacnet_found
                0x20001528                invoke_id_str
                0x20001549                bac_inst
                0x2000154c                mynetmask
 COMMON         0x20001550       0x2a src\sys_usart.o
                0x20001550                num_str
                0x20001564                bacidaddr
                0x20001568                rx_buffer
                0x20001572                bdevaddr
                0x20001574                cfgdone
                0x20001576                srcportaddr
                0x20001578                dstportaddr
 *fill*         0x2000157a        0x2 
 COMMON         0x2000157c      0x4dc src\uip\uip.o
                0x2000157c                uip_len
                0x20001580                uip_sappdata
                0x20001584                uip_acc32
                0x20001588                uip_flags
                0x2000158c                uip_udp_conn
                0x20001590                uip_appdata
                0x20001594                uip_conn
                0x20001598                uip_conns
                0x20001618                uip_listenports
                0x20001620                uip_draddr
                0x20001624                uip_netmask
                0x20001628                uip_hostaddr
                0x2000162c                uip_buf
                0x20001a16                uip_slen
                0x20001a18                uip_udp_conns
 COMMON         0x20001a58        0x4 d:/tools/truestudio for arm 7.0.1/armtools/bin/../lib/gcc/arm-atollic-eabi/5.3.1/../../../../arm-atollic-eabi/lib/armv7-m\libc.a(lib_a-reent.o)
                0x20001a58                errno
                0x20001a5c                . = ALIGN (0x4)
                0x20001a5c                _ebss = .
                0x20001a5c                __bss_end__ = _ebss

._user_heap_stack
                0x20001a5c      0x100 load address 0x08007ea8
                0x20001a5c                . = ALIGN (0x4)
                0x20001a5c                PROVIDE (end, .)
                [!provide]                PROVIDE (_end, .)
                0x20001a5c                . = (. + _Min_Heap_Size)
                0x20001b5c                . = (. + _Min_Stack_Size)
 *fill*         0x20001a5c      0x100 
                0x20001b5c                . = ALIGN (0x4)

.memory_b1_text
 *(.mb1text)
 *(.mb1text*)
 *(.mb1rodata)
 *(.mb1rodata*)

/DISCARD/
 libc.a(*)
 libm.a(*)
 libgcc.a(*)

.ARM.attributes
                0x00000000       0x29
 *(.ARM.attributes)
 .ARM.attributes
                0x00000000       0x1d d:/tools/truestudio for arm 7.0.1/armtools/bin/../lib/gcc/arm-atollic-eabi/5.3.1/armv7-m/crti.o
 .ARM.attributes
                0x0000001d       0x2d d:/tools/truestudio for arm 7.0.1/armtools/bin/../lib/gcc/arm-atollic-eabi/5.3.1/armv7-m/crtbegin.o
 .ARM.attributes
                0x0000004a       0x33 Libraries\STM32F10x_StdPeriph_Driver\src\misc.o
 .ARM.attributes
                0x0000007d       0x33 Libraries\STM32F10x_StdPeriph_Driver\src\stm32f10x_bkp.o
 .ARM.attributes
                0x000000b0       0x33 Libraries\STM32F10x_StdPeriph_Driver\src\stm32f10x_gpio.o
 .ARM.attributes
                0x000000e3       0x33 Libraries\STM32F10x_StdPeriph_Driver\src\stm32f10x_pwr.o
 .ARM.attributes
                0x00000116       0x33 Libraries\STM32F10x_StdPeriph_Driver\src\stm32f10x_rcc.o
 .ARM.attributes
                0x00000149       0x33 Libraries\STM32F10x_StdPeriph_Driver\src\stm32f10x_rtc.o
 .ARM.attributes
                0x0000017c       0x33 Libraries\STM32F10x_StdPeriph_Driver\src\stm32f10x_spi.o
 .ARM.attributes
                0x000001af       0x33 Libraries\STM32F10x_StdPeriph_Driver\src\stm32f10x_tim.o
 .ARM.attributes
                0x000001e2       0x33 Libraries\STM32F10x_StdPeriph_Driver\src\stm32f10x_usart.o
 .ARM.attributes
                0x00000215       0x33 src\calendar.o
 .ARM.attributes
                0x00000248       0x33 src\ipstk\Enc424J600NetworkP1.o
 .ARM.attributes
                0x0000027b       0x33 src\ipstk\dhcp.o
 .ARM.attributes
                0x000002ae       0x33 src\ipstk\ip_arp_udp_tcp.o
 .ARM.attributes
                0x000002e1       0x33 src\mac0control.o
 .ARM.attributes
                0x00000314       0x33 src\mac1control.o
 .ARM.attributes
                0x00000347       0x33 src\main.o
 .ARM.attributes
                0x0000037a       0x21 src\startup_stm32f10x_md.o
 .ARM.attributes
                0x0000039b       0x33 src\stm32f1xx_it.o
 .ARM.attributes
                0x000003ce       0x33 src\sys_init.o
 .ARM.attributes
                0x00000401       0x33 src\sys_spi.o
 .ARM.attributes
                0x00000434       0x33 src\sys_timer.o
 .ARM.attributes
                0x00000467       0x33 src\sys_usart.o
 .ARM.attributes
                0x0000049a       0x33 src\syscalls.o
 .ARM.attributes
                0x000004cd       0x33 src\system_stm32f10x.o
 .ARM.attributes
                0x00000500       0x33 src\tiny_printf.o
 .ARM.attributes
                0x00000533       0x33 src\uip\Enc424J600NetworkP0.o
 .ARM.attributes
                0x00000566       0x33 src\uip\clock-arch.o
 .ARM.attributes
                0x00000599       0x33 src\uip\dhcpc.o
 .ARM.attributes
                0x000005cc       0x33 src\uip\uip.o
 .ARM.attributes
                0x000005ff       0x33 src\uip\uip_arp.o
 .ARM.attributes
                0x00000632       0x33 src\uip\uip_timer.o
 .ARM.attributes
                0x00000665       0x2d d:/tools/truestudio for arm 7.0.1/armtools/bin/../lib/gcc/arm-atollic-eabi/5.3.1/../../../../arm-atollic-eabi/lib/armv7-m\libc.a(lib_a-init.o)
 .ARM.attributes
                0x00000692       0x2d d:/tools/truestudio for arm 7.0.1/armtools/bin/../lib/gcc/arm-atollic-eabi/5.3.1/../../../../arm-atollic-eabi/lib/armv7-m\libc.a(lib_a-memcmp.o)
 .ARM.attributes
                0x000006bf       0x2d d:/tools/truestudio for arm 7.0.1/armtools/bin/../lib/gcc/arm-atollic-eabi/5.3.1/../../../../arm-atollic-eabi/lib/armv7-m\libc.a(lib_a-memcpy-stub.o)
 .ARM.attributes
                0x000006ec       0x2d d:/tools/truestudio for arm 7.0.1/armtools/bin/../lib/gcc/arm-atollic-eabi/5.3.1/../../../../arm-atollic-eabi/lib/armv7-m\libc.a(lib_a-memset.o)
 .ARM.attributes
                0x00000719       0x2d d:/tools/truestudio for arm 7.0.1/armtools/bin/../lib/gcc/arm-atollic-eabi/5.3.1/../../../../arm-atollic-eabi/lib/armv7-m\libc.a(lib_a-rand.o)
 .ARM.attributes
                0x00000746       0x2d d:/tools/truestudio for arm 7.0.1/armtools/bin/../lib/gcc/arm-atollic-eabi/5.3.1/../../../../arm-atollic-eabi/lib/armv7-m\libc.a(lib_a-reent.o)
 .ARM.attributes
                0x00000773       0x17 d:/tools/truestudio for arm 7.0.1/armtools/bin/../lib/gcc/arm-atollic-eabi/5.3.1/../../../../arm-atollic-eabi/lib/armv7-m\libc.a(lib_a-strlen.o)
 .ARM.attributes
                0x0000078a       0x2d d:/tools/truestudio for arm 7.0.1/armtools/bin/../lib/gcc/arm-atollic-eabi/5.3.1/../../../../arm-atollic-eabi/lib/armv7-m\libc.a(lib_a-freer.o)
 .ARM.attributes
                0x000007b7       0x2d d:/tools/truestudio for arm 7.0.1/armtools/bin/../lib/gcc/arm-atollic-eabi/5.3.1/../../../../arm-atollic-eabi/lib/armv7-m\libc.a(lib_a-impure.o)
 .ARM.attributes
                0x000007e4       0x2d d:/tools/truestudio for arm 7.0.1/armtools/bin/../lib/gcc/arm-atollic-eabi/5.3.1/../../../../arm-atollic-eabi/lib/armv7-m\libc.a(lib_a-malloc.o)
 .ARM.attributes
                0x00000811       0x2d d:/tools/truestudio for arm 7.0.1/armtools/bin/../lib/gcc/arm-atollic-eabi/5.3.1/../../../../arm-atollic-eabi/lib/armv7-m\libc.a(lib_a-mallocr.o)
 .ARM.attributes
                0x0000083e       0x2d d:/tools/truestudio for arm 7.0.1/armtools/bin/../lib/gcc/arm-atollic-eabi/5.3.1/../../../../arm-atollic-eabi/lib/armv7-m\libc.a(lib_a-mlock.o)
 .ARM.attributes
                0x0000086b       0x2d d:/tools/truestudio for arm 7.0.1/armtools/bin/../lib/gcc/arm-atollic-eabi/5.3.1/../../../../arm-atollic-eabi/lib/armv7-m\libc.a(lib_a-sbrkr.o)
 .ARM.attributes
                0x00000898       0x1d d:/tools/truestudio for arm 7.0.1/armtools/bin/../lib/gcc/arm-atollic-eabi/5.3.1/armv7-m\libgcc.a(_arm_addsubsf3.o)
 .ARM.attributes
                0x000008b5       0x1d d:/tools/truestudio for arm 7.0.1/armtools/bin/../lib/gcc/arm-atollic-eabi/5.3.1/armv7-m\libgcc.a(_arm_muldivsf3.o)
 .ARM.attributes
                0x000008d2       0x1d d:/tools/truestudio for arm 7.0.1/armtools/bin/../lib/gcc/arm-atollic-eabi/5.3.1/armv7-m\libgcc.a(_arm_cmpsf2.o)
 .ARM.attributes
                0x000008ef       0x1d d:/tools/truestudio for arm 7.0.1/armtools/bin/../lib/gcc/arm-atollic-eabi/5.3.1/armv7-m\libgcc.a(_arm_fixunssfsi.o)
 .ARM.attributes
                0x0000090c       0x1d d:/tools/truestudio for arm 7.0.1/armtools/bin/../lib/gcc/arm-atollic-eabi/5.3.1/armv7-m/crtn.o
OUTPUT(SniperBoard.elf elf32-littlearm)

.debug_info     0x00000000    0x12ae9
 .debug_info    0x00000000      0x560 Libraries\STM32F10x_StdPeriph_Driver\src\misc.o
 .debug_info    0x00000560      0x7de Libraries\STM32F10x_StdPeriph_Driver\src\stm32f10x_bkp.o
 .debug_info    0x00000d3e      0x893 Libraries\STM32F10x_StdPeriph_Driver\src\stm32f10x_gpio.o
 .debug_info    0x000015d1      0x4e7 Libraries\STM32F10x_StdPeriph_Driver\src\stm32f10x_pwr.o
 .debug_info    0x00001ab8      0x8d9 Libraries\STM32F10x_StdPeriph_Driver\src\stm32f10x_rcc.o
 .debug_info    0x00002391      0x4a2 Libraries\STM32F10x_StdPeriph_Driver\src\stm32f10x_rtc.o
 .debug_info    0x00002833      0x9cb Libraries\STM32F10x_StdPeriph_Driver\src\stm32f10x_spi.o
 .debug_info    0x000031fe     0x21a0 Libraries\STM32F10x_StdPeriph_Driver\src\stm32f10x_tim.o
 .debug_info    0x0000539e      0xb28 Libraries\STM32F10x_StdPeriph_Driver\src\stm32f10x_usart.o
 .debug_info    0x00005ec6      0x3fb src\calendar.o
 .debug_info    0x000062c1      0xee8 src\ipstk\Enc424J600NetworkP1.o
 .debug_info    0x000071a9      0x85c src\ipstk\dhcp.o
 .debug_info    0x00007a05     0x1e4c src\ipstk\ip_arp_udp_tcp.o
 .debug_info    0x00009851      0xfcd src\mac0control.o
 .debug_info    0x0000a81e      0xcc0 src\mac1control.o
 .debug_info    0x0000b4de      0x42e src\main.o
 .debug_info    0x0000b90c       0x71 src\startup_stm32f10x_md.o
 .debug_info    0x0000b97d      0x17c src\stm32f1xx_it.o
 .debug_info    0x0000baf9      0x3da src\sys_init.o
 .debug_info    0x0000bed3      0x5f8 src\sys_spi.o
 .debug_info    0x0000c4cb     0x1159 src\sys_timer.o
 .debug_info    0x0000d624      0xd4d src\sys_usart.o
 .debug_info    0x0000e371      0x7cd src\syscalls.o
 .debug_info    0x0000eb3e      0x4a9 src\system_stm32f10x.o
 .debug_info    0x0000efe7      0xdc3 src\tiny_printf.o
 .debug_info    0x0000fdaa      0xe00 src\uip\Enc424J600NetworkP0.o
 .debug_info    0x00010baa       0xd3 src\uip\clock-arch.o
 .debug_info    0x00010c7d      0xa83 src\uip\dhcpc.o
 .debug_info    0x00011700      0xdff src\uip\uip.o
 .debug_info    0x000124ff      0x4bd src\uip\uip_arp.o
 .debug_info    0x000129bc      0x12d src\uip\uip_timer.o

.debug_abbrev   0x00000000     0x368b
 .debug_abbrev  0x00000000      0x158 Libraries\STM32F10x_StdPeriph_Driver\src\misc.o
 .debug_abbrev  0x00000158      0x193 Libraries\STM32F10x_StdPeriph_Driver\src\stm32f10x_bkp.o
 .debug_abbrev  0x000002eb      0x1ef Libraries\STM32F10x_StdPeriph_Driver\src\stm32f10x_gpio.o
 .debug_abbrev  0x000004da      0x1af Libraries\STM32F10x_StdPeriph_Driver\src\stm32f10x_pwr.o
 .debug_abbrev  0x00000689      0x1e4 Libraries\STM32F10x_StdPeriph_Driver\src\stm32f10x_rcc.o
 .debug_abbrev  0x0000086d      0x191 Libraries\STM32F10x_StdPeriph_Driver\src\stm32f10x_rtc.o
 .debug_abbrev  0x000009fe      0x1ca Libraries\STM32F10x_StdPeriph_Driver\src\stm32f10x_spi.o
 .debug_abbrev  0x00000bc8      0x1de Libraries\STM32F10x_StdPeriph_Driver\src\stm32f10x_tim.o
 .debug_abbrev  0x00000da6      0x1c8 Libraries\STM32F10x_StdPeriph_Driver\src\stm32f10x_usart.o
 .debug_abbrev  0x00000f6e      0x16e src\calendar.o
 .debug_abbrev  0x000010dc      0x248 src\ipstk\Enc424J600NetworkP1.o
 .debug_abbrev  0x00001324      0x216 src\ipstk\dhcp.o
 .debug_abbrev  0x0000153a      0x308 src\ipstk\ip_arp_udp_tcp.o
 .debug_abbrev  0x00001842      0x284 src\mac0control.o
 .debug_abbrev  0x00001ac6      0x229 src\mac1control.o
 .debug_abbrev  0x00001cef      0x128 src\main.o
 .debug_abbrev  0x00001e17       0x12 src\startup_stm32f10x_md.o
 .debug_abbrev  0x00001e29       0xc7 src\stm32f1xx_it.o
 .debug_abbrev  0x00001ef0      0x144 src\sys_init.o
 .debug_abbrev  0x00002034      0x128 src\sys_spi.o
 .debug_abbrev  0x0000215c      0x29e src\sys_timer.o
 .debug_abbrev  0x000023fa      0x2bc src\sys_usart.o
 .debug_abbrev  0x000026b6      0x1b7 src\syscalls.o
 .debug_abbrev  0x0000286d      0x156 src\system_stm32f10x.o
 .debug_abbrev  0x000029c3      0x2c6 src\tiny_printf.o
 .debug_abbrev  0x00002c89      0x214 src\uip\Enc424J600NetworkP0.o
 .debug_abbrev  0x00002e9d       0x87 src\uip\clock-arch.o
 .debug_abbrev  0x00002f24      0x266 src\uip\dhcpc.o
 .debug_abbrev  0x0000318a      0x25d src\uip\uip.o
 .debug_abbrev  0x000033e7      0x1c7 src\uip\uip_arp.o
 .debug_abbrev  0x000035ae       0xdd src\uip\uip_timer.o

.debug_loc      0x00000000     0x92f1
 .debug_loc     0x00000000      0x160 Libraries\STM32F10x_StdPeriph_Driver\src\misc.o
 .debug_loc     0x00000160       0xd8 Libraries\STM32F10x_StdPeriph_Driver\src\stm32f10x_bkp.o
 .debug_loc     0x00000238      0x542 Libraries\STM32F10x_StdPeriph_Driver\src\stm32f10x_gpio.o
 .debug_loc     0x0000077a      0x110 Libraries\STM32F10x_StdPeriph_Driver\src\stm32f10x_pwr.o
 .debug_loc     0x0000088a      0x692 Libraries\STM32F10x_StdPeriph_Driver\src\stm32f10x_rcc.o
 .debug_loc     0x00000f1c      0x289 Libraries\STM32F10x_StdPeriph_Driver\src\stm32f10x_rtc.o
 .debug_loc     0x000011a5      0x60e Libraries\STM32F10x_StdPeriph_Driver\src\stm32f10x_spi.o
 .debug_loc     0x000017b3     0x1aed Libraries\STM32F10x_StdPeriph_Driver\src\stm32f10x_tim.o
 .debug_loc     0x000032a0      0x736 Libraries\STM32F10x_StdPeriph_Driver\src\stm32f10x_usart.o
 .debug_loc     0x000039d6      0x30f src\calendar.o
 .debug_loc     0x00003ce5      0x5d5 src\ipstk\Enc424J600NetworkP1.o
 .debug_loc     0x000042ba      0x5e7 src\ipstk\dhcp.o
 .debug_loc     0x000048a1     0x18bf src\ipstk\ip_arp_udp_tcp.o
 .debug_loc     0x00006160      0xa28 src\mac0control.o
 .debug_loc     0x00006b88      0x757 src\mac1control.o
 .debug_loc     0x000072df       0x31 src\main.o
 .debug_loc     0x00007310      0x401 src\sys_timer.o
 .debug_loc     0x00007711      0x2f5 src\sys_usart.o
 .debug_loc     0x00007a06      0x35d src\syscalls.o
 .debug_loc     0x00007d63       0xdf src\system_stm32f10x.o
 .debug_loc     0x00007e42      0x5c8 src\tiny_printf.o
 .debug_loc     0x0000840a      0x5b4 src\uip\Enc424J600NetworkP0.o
 .debug_loc     0x000089be      0x2e8 src\uip\dhcpc.o
 .debug_loc     0x00008ca6      0x4fc src\uip\uip.o
 .debug_loc     0x000091a2       0xd4 src\uip\uip_arp.o
 .debug_loc     0x00009276       0x7b src\uip\uip_timer.o

.debug_aranges  0x00000000     0x1198
 .debug_aranges
                0x00000000       0x40 Libraries\STM32F10x_StdPeriph_Driver\src\misc.o
 .debug_aranges
                0x00000040       0x78 Libraries\STM32F10x_StdPeriph_Driver\src\stm32f10x_bkp.o
 .debug_aranges
                0x000000b8       0xa8 Libraries\STM32F10x_StdPeriph_Driver\src\stm32f10x_gpio.o
 .debug_aranges
                0x00000160       0x60 Libraries\STM32F10x_StdPeriph_Driver\src\stm32f10x_pwr.o
 .debug_aranges
                0x000001c0      0x118 Libraries\STM32F10x_StdPeriph_Driver\src\stm32f10x_rcc.o
 .debug_aranges
                0x000002d8       0x88 Libraries\STM32F10x_StdPeriph_Driver\src\stm32f10x_rtc.o
 .debug_aranges
                0x00000360       0xd0 Libraries\STM32F10x_StdPeriph_Driver\src\stm32f10x_spi.o
 .debug_aranges
                0x00000430      0x2f0 Libraries\STM32F10x_StdPeriph_Driver\src\stm32f10x_tim.o
 .debug_aranges
                0x00000720      0x100 Libraries\STM32F10x_StdPeriph_Driver\src\stm32f10x_usart.o
 .debug_aranges
                0x00000820       0x40 src\calendar.o
 .debug_aranges
                0x00000860       0xa8 src\ipstk\Enc424J600NetworkP1.o
 .debug_aranges
                0x00000908       0x58 src\ipstk\dhcp.o
 .debug_aranges
                0x00000960      0x1a0 src\ipstk\ip_arp_udp_tcp.o
 .debug_aranges
                0x00000b00       0x58 src\mac0control.o
 .debug_aranges
                0x00000b58       0x98 src\mac1control.o
 .debug_aranges
                0x00000bf0       0x20 src\main.o
 .debug_aranges
                0x00000c10       0x28 src\startup_stm32f10x_md.o
 .debug_aranges
                0x00000c38       0x60 src\stm32f1xx_it.o
 .debug_aranges
                0x00000c98       0x28 src\sys_init.o
 .debug_aranges
                0x00000cc0       0x28 src\sys_spi.o
 .debug_aranges
                0x00000ce8       0x78 src\sys_timer.o
 .debug_aranges
                0x00000d60       0x70 src\sys_usart.o
 .debug_aranges
                0x00000dd0       0xc8 src\syscalls.o
 .debug_aranges
                0x00000e98       0x38 src\system_stm32f10x.o
 .debug_aranges
                0x00000ed0       0x60 src\tiny_printf.o
 .debug_aranges
                0x00000f30       0x98 src\uip\Enc424J600NetworkP0.o
 .debug_aranges
                0x00000fc8       0x20 src\uip\clock-arch.o
 .debug_aranges
                0x00000fe8       0x90 src\uip\dhcpc.o
 .debug_aranges
                0x00001078       0xa0 src\uip\uip.o
 .debug_aranges
                0x00001118       0x48 src\uip\uip_arp.o
 .debug_aranges
                0x00001160       0x38 src\uip\uip_timer.o

.debug_ranges   0x00000000      0xfc8
 .debug_ranges  0x00000000       0x30 Libraries\STM32F10x_StdPeriph_Driver\src\misc.o
 .debug_ranges  0x00000030       0x68 Libraries\STM32F10x_StdPeriph_Driver\src\stm32f10x_bkp.o
 .debug_ranges  0x00000098       0x98 Libraries\STM32F10x_StdPeriph_Driver\src\stm32f10x_gpio.o
 .debug_ranges  0x00000130       0x50 Libraries\STM32F10x_StdPeriph_Driver\src\stm32f10x_pwr.o
 .debug_ranges  0x00000180      0x108 Libraries\STM32F10x_StdPeriph_Driver\src\stm32f10x_rcc.o
 .debug_ranges  0x00000288       0x78 Libraries\STM32F10x_StdPeriph_Driver\src\stm32f10x_rtc.o
 .debug_ranges  0x00000300       0xc0 Libraries\STM32F10x_StdPeriph_Driver\src\stm32f10x_spi.o
 .debug_ranges  0x000003c0      0x2e0 Libraries\STM32F10x_StdPeriph_Driver\src\stm32f10x_tim.o
 .debug_ranges  0x000006a0       0xf0 Libraries\STM32F10x_StdPeriph_Driver\src\stm32f10x_usart.o
 .debug_ranges  0x00000790       0x30 src\calendar.o
 .debug_ranges  0x000007c0       0x98 src\ipstk\Enc424J600NetworkP1.o
 .debug_ranges  0x00000858       0x48 src\ipstk\dhcp.o
 .debug_ranges  0x000008a0      0x190 src\ipstk\ip_arp_udp_tcp.o
 .debug_ranges  0x00000a30       0x60 src\mac0control.o
 .debug_ranges  0x00000a90       0x88 src\mac1control.o
 .debug_ranges  0x00000b18       0x10 src\main.o
 .debug_ranges  0x00000b28       0x20 src\startup_stm32f10x_md.o
 .debug_ranges  0x00000b48       0x50 src\stm32f1xx_it.o
 .debug_ranges  0x00000b98       0x18 src\sys_init.o
 .debug_ranges  0x00000bb0       0x18 src\sys_spi.o
 .debug_ranges  0x00000bc8       0x68 src\sys_timer.o
 .debug_ranges  0x00000c30       0x60 src\sys_usart.o
 .debug_ranges  0x00000c90       0xb8 src\syscalls.o
 .debug_ranges  0x00000d48       0x28 src\system_stm32f10x.o
 .debug_ranges  0x00000d70       0x50 src\tiny_printf.o
 .debug_ranges  0x00000dc0       0x88 src\uip\Enc424J600NetworkP0.o
 .debug_ranges  0x00000e48       0x10 src\uip\clock-arch.o
 .debug_ranges  0x00000e58       0x80 src\uip\dhcpc.o
 .debug_ranges  0x00000ed8       0x90 src\uip\uip.o
 .debug_ranges  0x00000f68       0x38 src\uip\uip_arp.o
 .debug_ranges  0x00000fa0       0x28 src\uip\uip_timer.o

.debug_line     0x00000000     0x680a
 .debug_line    0x00000000      0x20b Libraries\STM32F10x_StdPeriph_Driver\src\misc.o
 .debug_line    0x0000020b      0x294 Libraries\STM32F10x_StdPeriph_Driver\src\stm32f10x_bkp.o
 .debug_line    0x0000049f      0x381 Libraries\STM32F10x_StdPeriph_Driver\src\stm32f10x_gpio.o
 .debug_line    0x00000820      0x282 Libraries\STM32F10x_StdPeriph_Driver\src\stm32f10x_pwr.o
 .debug_line    0x00000aa2      0x456 Libraries\STM32F10x_StdPeriph_Driver\src\stm32f10x_rcc.o
 .debug_line    0x00000ef8      0x292 Libraries\STM32F10x_StdPeriph_Driver\src\stm32f10x_rtc.o
 .debug_line    0x0000118a      0x3c9 Libraries\STM32F10x_StdPeriph_Driver\src\stm32f10x_spi.o
 .debug_line    0x00001553      0xa3f Libraries\STM32F10x_StdPeriph_Driver\src\stm32f10x_tim.o
 .debug_line    0x00001f92      0x43a Libraries\STM32F10x_StdPeriph_Driver\src\stm32f10x_usart.o
 .debug_line    0x000023cc      0x27e src\calendar.o
 .debug_line    0x0000264a      0x3a6 src\ipstk\Enc424J600NetworkP1.o
 .debug_line    0x000029f0      0x30a src\ipstk\dhcp.o
 .debug_line    0x00002cfa      0x873 src\ipstk\ip_arp_udp_tcp.o
 .debug_line    0x0000356d      0x4ce src\mac0control.o
 .debug_line    0x00003a3b      0x42d src\mac1control.o
 .debug_line    0x00003e68      0x265 src\main.o
 .debug_line    0x000040cd       0x7c src\startup_stm32f10x_md.o
 .debug_line    0x00004149      0x1f4 src\stm32f1xx_it.o
 .debug_line    0x0000433d      0x20f src\sys_init.o
 .debug_line    0x0000454c      0x20d src\sys_spi.o
 .debug_line    0x00004759      0x3e4 src\sys_timer.o
 .debug_line    0x00004b3d      0x3b1 src\sys_usart.o
 .debug_line    0x00004eee      0x35c src\syscalls.o
 .debug_line    0x0000524a      0x1f0 src\system_stm32f10x.o
 .debug_line    0x0000543a      0x283 src\tiny_printf.o
 .debug_line    0x000056bd      0x379 src\uip\Enc424J600NetworkP0.o
 .debug_line    0x00005a36      0x14d src\uip\clock-arch.o
 .debug_line    0x00005b83      0x336 src\uip\dhcpc.o
 .debug_line    0x00005eb9      0x642 src\uip\uip.o
 .debug_line    0x000064fb      0x264 src\uip\uip_arp.o
 .debug_line    0x0000675f       0xab src\uip\uip_timer.o

.debug_str      0x00000000     0x482c
 .debug_str     0x00000000      0x3be Libraries\STM32F10x_StdPeriph_Driver\src\misc.o
                                0x40b (size before relaxing)
 .debug_str     0x000003be      0x3ea Libraries\STM32F10x_StdPeriph_Driver\src\stm32f10x_bkp.o
                                0x615 (size before relaxing)
 .debug_str     0x000007a8      0x38e Libraries\STM32F10x_StdPeriph_Driver\src\stm32f10x_gpio.o
                                0x57d (size before relaxing)
 .debug_str     0x00000b36      0x132 Libraries\STM32F10x_StdPeriph_Driver\src\stm32f10x_pwr.o
                                0x386 (size before relaxing)
 .debug_str     0x00000c68      0x407 Libraries\STM32F10x_StdPeriph_Driver\src\stm32f10x_rcc.o
                                0x667 (size before relaxing)
 .debug_str     0x0000106f      0x19f Libraries\STM32F10x_StdPeriph_Driver\src\stm32f10x_rtc.o
                                0x3fb (size before relaxing)
 .debug_str     0x0000120e      0x378 Libraries\STM32F10x_StdPeriph_Driver\src\stm32f10x_spi.o
                                0x68a (size before relaxing)
 .debug_str     0x00001586      0xb08 Libraries\STM32F10x_StdPeriph_Driver\src\stm32f10x_tim.o
                                0xe58 (size before relaxing)
 .debug_str     0x0000208e      0x423 Libraries\STM32F10x_StdPeriph_Driver\src\stm32f10x_usart.o
                                0x71d (size before relaxing)
 .debug_str     0x000024b1       0xdf src\calendar.o
                                0x2d1 (size before relaxing)
 .debug_str     0x00002590      0x1be src\ipstk\Enc424J600NetworkP1.o
                                0x443 (size before relaxing)
 .debug_str     0x0000274e      0x1d4 src\ipstk\dhcp.o
                                0x3da (size before relaxing)
 .debug_str     0x00002922      0x671 src\ipstk\ip_arp_udp_tcp.o
                                0x98e (size before relaxing)
 .debug_str     0x00002f93      0x408 src\mac0control.o
                                0x639 (size before relaxing)
 .debug_str     0x0000339b      0x24d src\mac1control.o
                                0x5b6 (size before relaxing)
 .debug_str     0x000035e8       0x38 src\main.o
                                0x2db (size before relaxing)
 .debug_str     0x00003620       0xa6 src\stm32f1xx_it.o
                                0x230 (size before relaxing)
 .debug_str     0x000036c6       0x71 src\sys_init.o
                                0x382 (size before relaxing)
 .debug_str     0x00003737       0x11 src\sys_spi.o
                                0x471 (size before relaxing)
 .debug_str     0x00003748      0x3d2 src\sys_timer.o
                                0xa0b (size before relaxing)
 .debug_str     0x00003b1a      0x105 src\sys_usart.o
                                0x90d (size before relaxing)
 .debug_str     0x00003c1f      0x232 src\syscalls.o
                                0x43c (size before relaxing)
 .debug_str     0x00003e51       0x8b src\system_stm32f10x.o
                                0x304 (size before relaxing)
 .debug_str     0x00003edc      0x3ee src\tiny_printf.o
                                0x5ea (size before relaxing)
 .debug_str     0x000042ca       0x21 src\uip\Enc424J600NetworkP0.o
                                0x41c (size before relaxing)
 .debug_str     0x000042eb       0x30 src\uip\clock-arch.o
                                0x1ae (size before relaxing)
 .debug_str     0x0000431b      0x167 src\uip\dhcpc.o
                                0x477 (size before relaxing)
 .debug_str     0x00004482      0x28f src\uip\uip.o
                                0x616 (size before relaxing)
 .debug_str     0x00004711       0xd0 src\uip\uip_arp.o
                                0x37c (size before relaxing)
 .debug_str     0x000047e1       0x4b src\uip\uip_timer.o
                                0x162 (size before relaxing)

.comment        0x00000000       0x7e
 .comment       0x00000000       0x7e Libraries\STM32F10x_StdPeriph_Driver\src\misc.o
                                 0x7f (size before relaxing)
 .comment       0x0000007e       0x7f Libraries\STM32F10x_StdPeriph_Driver\src\stm32f10x_bkp.o
 .comment       0x0000007e       0x7f Libraries\STM32F10x_StdPeriph_Driver\src\stm32f10x_gpio.o
 .comment       0x0000007e       0x7f Libraries\STM32F10x_StdPeriph_Driver\src\stm32f10x_pwr.o
 .comment       0x0000007e       0x7f Libraries\STM32F10x_StdPeriph_Driver\src\stm32f10x_rcc.o
 .comment       0x0000007e       0x7f Libraries\STM32F10x_StdPeriph_Driver\src\stm32f10x_rtc.o
 .comment       0x0000007e       0x7f Libraries\STM32F10x_StdPeriph_Driver\src\stm32f10x_spi.o
 .comment       0x0000007e       0x7f Libraries\STM32F10x_StdPeriph_Driver\src\stm32f10x_tim.o
 .comment       0x0000007e       0x7f Libraries\STM32F10x_StdPeriph_Driver\src\stm32f10x_usart.o
 .comment       0x0000007e       0x7f src\calendar.o
 .comment       0x0000007e       0x7f src\ipstk\Enc424J600NetworkP1.o
 .comment       0x0000007e       0x7f src\ipstk\dhcp.o
 .comment       0x0000007e       0x7f src\ipstk\ip_arp_udp_tcp.o
 .comment       0x0000007e       0x7f src\mac0control.o
 .comment       0x0000007e       0x7f src\mac1control.o
 .comment       0x0000007e       0x7f src\main.o
 .comment       0x0000007e       0x7f src\stm32f1xx_it.o
 .comment       0x0000007e       0x7f src\sys_init.o
 .comment       0x0000007e       0x7f src\sys_spi.o
 .comment       0x0000007e       0x7f src\sys_timer.o
 .comment       0x0000007e       0x7f src\sys_usart.o
 .comment       0x0000007e       0x7f src\syscalls.o
 .comment       0x0000007e       0x7f src\system_stm32f10x.o
 .comment       0x0000007e       0x7f src\tiny_printf.o
 .comment       0x0000007e       0x7f src\uip\Enc424J600NetworkP0.o
 .comment       0x0000007e       0x7f src\uip\clock-arch.o
 .comment       0x0000007e       0x7f src\uip\dhcpc.o
 .comment       0x0000007e       0x7f src\uip\uip.o
 .comment       0x0000007e       0x7f src\uip\uip_arp.o
 .comment       0x0000007e       0x7f src\uip\uip_timer.o

.debug_frame    0x00000000     0x2c40
 .debug_frame   0x00000000       0x60 Libraries\STM32F10x_StdPeriph_Driver\src\misc.o
 .debug_frame   0x00000060       0xe8 Libraries\STM32F10x_StdPeriph_Driver\src\stm32f10x_bkp.o
 .debug_frame   0x00000148      0x16c Libraries\STM32F10x_StdPeriph_Driver\src\stm32f10x_gpio.o
 .debug_frame   0x000002b4       0xa8 Libraries\STM32F10x_StdPeriph_Driver\src\stm32f10x_pwr.o
 .debug_frame   0x0000035c      0x228 Libraries\STM32F10x_StdPeriph_Driver\src\stm32f10x_rcc.o
 .debug_frame   0x00000584      0x108 Libraries\STM32F10x_StdPeriph_Driver\src\stm32f10x_rtc.o
 .debug_frame   0x0000068c      0x1b8 Libraries\STM32F10x_StdPeriph_Driver\src\stm32f10x_spi.o
 .debug_frame   0x00000844      0x6c4 Libraries\STM32F10x_StdPeriph_Driver\src\stm32f10x_tim.o
 .debug_frame   0x00000f08      0x220 Libraries\STM32F10x_StdPeriph_Driver\src\stm32f10x_usart.o
 .debug_frame   0x00001128       0x90 src\calendar.o
 .debug_frame   0x000011b8      0x214 src\ipstk\Enc424J600NetworkP1.o
 .debug_frame   0x000013cc       0xe8 src\ipstk\dhcp.o
 .debug_frame   0x000014b4      0x4e0 src\ipstk\ip_arp_udp_tcp.o
 .debug_frame   0x00001994       0xfc src\mac0control.o
 .debug_frame   0x00001a90      0x1bc src\mac1control.o
 .debug_frame   0x00001c4c       0x2c src\main.o
 .debug_frame   0x00001c78       0xb0 src\stm32f1xx_it.o
 .debug_frame   0x00001d28       0x4c src\sys_init.o
 .debug_frame   0x00001d74       0x5c src\sys_spi.o
 .debug_frame   0x00001dd0      0x154 src\sys_timer.o
 .debug_frame   0x00001f24      0x124 src\sys_usart.o
 .debug_frame   0x00002048      0x17c src\syscalls.o
 .debug_frame   0x000021c4       0x68 src\system_stm32f10x.o
 .debug_frame   0x0000222c      0x170 src\tiny_printf.o
 .debug_frame   0x0000239c      0x1e4 src\uip\Enc424J600NetworkP0.o
 .debug_frame   0x00002580       0x28 src\uip\clock-arch.o
 .debug_frame   0x000025a8      0x174 src\uip\dhcpc.o
 .debug_frame   0x0000271c      0x1a4 src\uip\uip.o
 .debug_frame   0x000028c0       0xb0 src\uip\uip_arp.o
 .debug_frame   0x00002970       0x68 src\uip\uip_timer.o
 .debug_frame   0x000029d8       0x2c d:/tools/truestudio for arm 7.0.1/armtools/bin/../lib/gcc/arm-atollic-eabi/5.3.1/../../../../arm-atollic-eabi/lib/armv7-m\libc.a(lib_a-init.o)
 .debug_frame   0x00002a04       0x28 d:/tools/truestudio for arm 7.0.1/armtools/bin/../lib/gcc/arm-atollic-eabi/5.3.1/../../../../arm-atollic-eabi/lib/armv7-m\libc.a(lib_a-memcmp.o)
 .debug_frame   0x00002a2c       0x28 d:/tools/truestudio for arm 7.0.1/armtools/bin/../lib/gcc/arm-atollic-eabi/5.3.1/../../../../arm-atollic-eabi/lib/armv7-m\libc.a(lib_a-memcpy-stub.o)
 .debug_frame   0x00002a54       0x20 d:/tools/truestudio for arm 7.0.1/armtools/bin/../lib/gcc/arm-atollic-eabi/5.3.1/../../../../arm-atollic-eabi/lib/armv7-m\libc.a(lib_a-memset.o)
 .debug_frame   0x00002a74       0x44 d:/tools/truestudio for arm 7.0.1/armtools/bin/../lib/gcc/arm-atollic-eabi/5.3.1/../../../../arm-atollic-eabi/lib/armv7-m\libc.a(lib_a-rand.o)
 .debug_frame   0x00002ab8       0x5c d:/tools/truestudio for arm 7.0.1/armtools/bin/../lib/gcc/arm-atollic-eabi/5.3.1/../../../../arm-atollic-eabi/lib/armv7-m\libc.a(lib_a-reent.o)
 .debug_frame   0x00002b14       0x60 d:/tools/truestudio for arm 7.0.1/armtools/bin/../lib/gcc/arm-atollic-eabi/5.3.1/../../../../arm-atollic-eabi/lib/armv7-m\libc.a(lib_a-freer.o)
 .debug_frame   0x00002b74       0x30 d:/tools/truestudio for arm 7.0.1/armtools/bin/../lib/gcc/arm-atollic-eabi/5.3.1/../../../../arm-atollic-eabi/lib/armv7-m\libc.a(lib_a-malloc.o)
 .debug_frame   0x00002ba4       0x40 d:/tools/truestudio for arm 7.0.1/armtools/bin/../lib/gcc/arm-atollic-eabi/5.3.1/../../../../arm-atollic-eabi/lib/armv7-m\libc.a(lib_a-mallocr.o)
 .debug_frame   0x00002be4       0x30 d:/tools/truestudio for arm 7.0.1/armtools/bin/../lib/gcc/arm-atollic-eabi/5.3.1/../../../../arm-atollic-eabi/lib/armv7-m\libc.a(lib_a-mlock.o)
 .debug_frame   0x00002c14       0x2c d:/tools/truestudio for arm 7.0.1/armtools/bin/../lib/gcc/arm-atollic-eabi/5.3.1/../../../../arm-atollic-eabi/lib/armv7-m\libc.a(lib_a-sbrkr.o)

Cross Reference Table

Symbol                                            File
ADC1_2_IRQHandler                                 src\startup_stm32f10x_md.o
ADC_AnalogWatchdogCmd                             Libraries\STM32F10x_StdPeriph_Driver\src\stm32f10x_adc.o
ADC_AnalogWatchdogSingleChannelConfig             Libraries\STM32F10x_StdPeriph_Driver\src\stm32f10x_adc.o
ADC_AnalogWatchdogThresholdsConfig                Libraries\STM32F10x_StdPeriph_Driver\src\stm32f10x_adc.o
ADC_AutoInjectedConvCmd                           Libraries\STM32F10x_StdPeriph_Driver\src\stm32f10x_adc.o
ADC_ClearFlag                                     Libraries\STM32F10x_StdPeriph_Driver\src\stm32f10x_adc.o
ADC_ClearITPendingBit                             Libraries\STM32F10x_StdPeriph_Driver\src\stm32f10x_adc.o
ADC_Cmd                                           Libraries\STM32F10x_StdPeriph_Driver\src\stm32f10x_adc.o
ADC_DMACmd                                        Libraries\STM32F10x_StdPeriph_Driver\src\stm32f10x_adc.o
ADC_DeInit                                        Libraries\STM32F10x_StdPeriph_Driver\src\stm32f10x_adc.o
ADC_DiscModeChannelCountConfig                    Libraries\STM32F10x_StdPeriph_Driver\src\stm32f10x_adc.o